Archive member included to satisfy reference by file (symbol)

/home/lakshya/zephyr-dw3001cdk-tdoa/drivers/dw3000/lib/libdwt_uwb_driver-m4-hfp-6.0.14.a(deca_interface.c.obj)
                              (--whole-archive)
/home/lakshya/zephyr-dw3001cdk-tdoa/drivers/dw3000/lib/libdwt_uwb_driver-m4-hfp-6.0.14.a(deca_compat.c.obj)
                              (--whole-archive)
/home/lakshya/zephyr-dw3001cdk-tdoa/drivers/dw3000/lib/libdwt_uwb_driver-m4-hfp-6.0.14.a(dw3000_device.c.obj)
                              (--whole-archive)
/home/lakshya/zephyr-dw3001cdk-tdoa/drivers/dw3000/lib/libdwt_uwb_driver-m4-hfp-6.0.14.a(dw3700_device.c.obj)
                              (--whole-archive)
/home/lakshya/zephyr-dw3001cdk-tdoa/drivers/dw3000/lib/libdwt_uwb_driver-m4-hfp-6.0.14.a(dw3720_device.c.obj)
                              (--whole-archive)
app/libapp.a(main.c.obj)      (--whole-archive)
app/libapp.a(dw3000_spi.c.obj)
                              (--whole-archive)
app/libapp.a(dw3000_hw.c.obj)
                              (--whole-archive)
app/libapp.a(port.c.obj)      (--whole-archive)
app/libapp.a(deca_port.c.obj)
                              (--whole-archive)
app/libapp.a(uwb.c.obj)       (--whole-archive)
zephyr/libzephyr.a(heap.c.obj)
                              (--whole-archive)
zephyr/libzephyr.a(cbprintf_packaged.c.obj)
                              (--whole-archive)
zephyr/libzephyr.a(printk.c.obj)
                              (--whole-archive)
zephyr/libzephyr.a(sem.c.obj)
                              (--whole-archive)
zephyr/libzephyr.a(thread_entry.c.obj)
                              (--whole-archive)
zephyr/libzephyr.a(cbprintf_complete.c.obj)
                              (--whole-archive)
zephyr/libzephyr.a(assert.c.obj)
                              (--whole-archive)
zephyr/libzephyr.a(dec.c.obj)
                              (--whole-archive)
zephyr/libzephyr.a(hex.c.obj)
                              (--whole-archive)
zephyr/libzephyr.a(rb.c.obj)  (--whole-archive)
zephyr/libzephyr.a(timeutil.c.obj)
                              (--whole-archive)
zephyr/libzephyr.a(bitarray.c.obj)
                              (--whole-archive)
zephyr/libzephyr.a(onoff.c.obj)
                              (--whole-archive)
zephyr/libzephyr.a(notify.c.obj)
                              (--whole-archive)
zephyr/libzephyr.a(ring_buffer.c.obj)
                              (--whole-archive)
zephyr/libzephyr.a(last_section_id.c.obj)
                              (--whole-archive)
zephyr/libzephyr.a(configs.c.obj)
                              (--whole-archive)
zephyr/libzephyr.a(thread_info.c.obj)
                              (--whole-archive)
zephyr/libzephyr.a(log_core.c.obj)
                              (--whole-archive)
zephyr/libzephyr.a(log_mgmt.c.obj)
                              (--whole-archive)
zephyr/libzephyr.a(log_cache.c.obj)
                              (--whole-archive)
zephyr/libzephyr.a(log_msg.c.obj)
                              (--whole-archive)
zephyr/libzephyr.a(log_output.c.obj)
                              (--whole-archive)
zephyr/libzephyr.a(log_backend_uart.c.obj)
                              (--whole-archive)
zephyr/libzephyr.a(mem_attr.c.obj)
                              (--whole-archive)
zephyr/libzephyr.a(tracing_none.c.obj)
                              (--whole-archive)
zephyr/libzephyr.a(banner.c.obj)
                              (--whole-archive)
zephyr/libzephyr.a(flash_map_partition_manager.c.obj)
                              (--whole-archive)
zephyr/arch/common/libarch__common.a(sw_isr_common.c.obj)
                              (--whole-archive)
zephyr/arch/arch/arm/core/libarch__arm__core.a(fatal.c.obj)
                              (--whole-archive)
zephyr/arch/arch/arm/core/libarch__arm__core.a(nmi.c.obj)
                              (--whole-archive)
zephyr/arch/arch/arm/core/libarch__arm__core.a(nmi_on_reset.S.obj)
                              (--whole-archive)
zephyr/arch/arch/arm/core/libarch__arm__core.a(tls.c.obj)
                              (--whole-archive)
zephyr/arch/arch/arm/core/cortex_m/libarch__arm__core__cortex_m.a(exc_exit.c.obj)
                              (--whole-archive)
zephyr/arch/arch/arm/core/cortex_m/libarch__arm__core__cortex_m.a(fault.c.obj)
                              (--whole-archive)
zephyr/arch/arch/arm/core/cortex_m/libarch__arm__core__cortex_m.a(fault_s.S.obj)
                              (--whole-archive)
zephyr/arch/arch/arm/core/cortex_m/libarch__arm__core__cortex_m.a(fpu.c.obj)
                              (--whole-archive)
zephyr/arch/arch/arm/core/cortex_m/libarch__arm__core__cortex_m.a(reset.S.obj)
                              (--whole-archive)
zephyr/arch/arch/arm/core/cortex_m/libarch__arm__core__cortex_m.a(scb.c.obj)
                              (--whole-archive)
zephyr/arch/arch/arm/core/cortex_m/libarch__arm__core__cortex_m.a(thread_abort.c.obj)
                              (--whole-archive)
[...]
Memory Configuration

Name             Origin             Length             Attributes
FLASH            0x0000000000000000 0x0000000000080000 xr
RAM              0x0000000020000000 0x0000000000020000 xw
IDT_LIST         0x00000000ffff7fff 0x0000000000008000 xw
*default*        0x0000000000000000 0xffffffffffffffff

Linker script and memory map

                0x00000000000113b0                vfprintf = __d_vfprintf
                0x0000000000000000                vfscanf = __d_vfscanf
LOAD /home/lakshya/zephyr-dw3001cdk-tdoa/drivers/dw3000/lib/libdwt_uwb_driver-m4-hfp-6.0.14.a
LOAD zephyr/CMakeFiles/zephyr_final.dir/misc/empty_file.c.obj
LOAD zephyr/CMakeFiles/zephyr_final.dir/isr_tables.c.obj
LOAD zephyr/CMakeFiles/offsets.dir/./arch/arm/core/offsets/offsets.c.obj
LOAD app/libapp.a
LOAD zephyr/libzephyr.a
LOAD zephyr/arch/common/libarch__common.a
LOAD zephyr/arch/arch/arm/core/libarch__arm__core.a
LOAD zephyr/arch/arch/arm/core/cortex_m/libarch__arm__core__cortex_m.a
LOAD zephyr/arch/arch/arm/core/mpu/libarch__arm__core__mpu.a
LOAD zephyr/lib/libc/picolibc/liblib__libc__picolibc.a
LOAD zephyr/lib/libc/common/liblib__libc__common.a
LOAD zephyr/soc/soc/nrf52833/libsoc__nordic.a
LOAD zephyr/drivers/clock_control/libdrivers__clock_control.a
LOAD zephyr/drivers/console/libdrivers__console.a
LOAD zephyr/drivers/gpio/libdrivers__gpio.a
LOAD zephyr/drivers/pinctrl/libdrivers__pinctrl.a
LOAD zephyr/drivers/serial/libdrivers__serial.a
LOAD zephyr/drivers/spi/libdrivers__spi.a
LOAD zephyr/drivers/timer/libdrivers__timer.a
LOAD modules/hal_nordic/modules/hal_nordic/nrfx/libmodules__hal_nordic__nrfx.a
LOAD zephyr/kernel/libkernel.a
LOAD zephyr/arch/common/libisr_tables.a
LOAD /home/lakshya/ncs/toolchains/c5be9c56c7/opt/zephyr-sdk/arm-zephyr-eabi/bin/../lib/gcc/../../picolibc/arm-zephyr-eabi/lib/thumb/v7e-m+fp/hard/libc.a
LOAD /home/lakshya/ncs/toolchains/c5be9c56c7/opt/zephyr-sdk/arm-zephyr-eabi/bin/../lib/gcc/arm-zephyr-eabi/12.2.0/thumb/v7e-m+fp/hard/libgcc.a
                0x0000000000000080                _region_min_align = 0x80

.rel.plt        0x0000000000000000        0x0
 *(SORT_BY_ALIGNMENT(.rel.plt))
                [!provide]                        PROVIDE (__rel_iplt_start = .)
 *(SORT_BY_ALIGNMENT(.rel.iplt))
 .rel.iplt      0x0000000000000000        0x0 /home/lakshya/zephyr-dw3001cdk-tdoa/drivers/dw3000/lib/libdwt_uwb_driver-m4-hfp-6.0.14.a(deca_interface.c.obj)
                [!provide]                        PROVIDE (__rel_iplt_end = .)

.rela.plt       0x0000000000000000        0x0
 *(SORT_BY_ALIGNMENT(.rela.plt))
                [!provide]                        PROVIDE (__rela_iplt_start = .)
 *(SORT_BY_ALIGNMENT(.rela.iplt))
                [!provide]                        PROVIDE (__rela_iplt_end = .)

.rel.dyn
 *(SORT_BY_ALIGNMENT(.rel.*))

.rela.dyn
 *(SORT_BY_ALIGNMENT(.rela.*))

/DISCARD/
 *(SORT_BY_ALIGNMENT(.plt))

/DISCARD/
 *(SORT_BY_ALIGNMENT(.iplt))
                0x0000000000000000                __rom_region_start = 0x0

rom_start       0x0000000000000000      0x100
                0x0000000000000000                __rom_start_address = .
 FILL mask 0x00
                0x0000000000000000                . = (. + (0x0 - (. - __rom_start_address)))
                0x0000000000000000                . = ALIGN (0x4)
                0x0000000000000000                . = ALIGN (0x80)
                0x0000000000000000                . = ALIGN (0x100)
                0x0000000000000000                _vector_start = .
 *(SORT_BY_ALIGNMENT(.exc_vector_table))
 *(SORT_BY_ALIGNMENT(.exc_vector_table.*))
 .exc_vector_table._vector_table_section
                0x0000000000000000       0x40 zephyr/arch/arch/arm/core/cortex_m/libarch__arm__core__cortex_m.a(vector_table.S.obj)
                0x0000000000000000                _vector_table
 *(SORT_BY_ALIGNMENT(.vectors))
                0x0000000000000100                _vector_end = .
                0x0000000000000040                . = ALIGN (0x4)
 *(SORT_BY_ALIGNMENT(.gnu.linkonce.irq_vector_table*))
 .gnu.linkonce.irq_vector_table
                0x0000000000000040       0xc0 zephyr/CMakeFiles/zephyr_final.dir/isr_tables.c.obj
                0x0000000000000040                _irq_vector_table
                0x0000000000000100                _vector_end = .

text            0x0000000000000100    0x16510
                0x0000000000000100                __text_region_start = .
 *(SORT_BY_ALIGNMENT(.text))
 .text          0x0000000000000100      0x378 /home/lakshya/ncs/toolchains/c5be9c56c7/opt/zephyr-sdk/arm-zephyr-eabi/bin/../lib/gcc/arm-zephyr-eabi/12.2.0/thumb/v7e-m+fp/hard/libgcc.a(_arm_addsubdf3.o)
                0x0000000000000100                __aeabi_drsub
                0x0000000000000108                __aeabi_dsub
                0x0000000000000108                __subdf3
                0x000000000000010c                __adddf3
                0x000000000000010c                __aeabi_dadd
                0x0000000000000384                __aeabi_ui2d
                0x0000000000000384                __floatunsidf
                0x00000000000003a4                __floatsidf
                0x00000000000003a4                __aeabi_i2d
                0x00000000000003c8                __extendsfdf2
                0x00000000000003c8                __aeabi_f2d
                0x000000000000040c                __aeabi_ul2d
                0x000000000000040c                __floatundidf
                0x000000000000041c                __floatdidf
                0x000000000000041c                __aeabi_l2d
 .text          0x0000000000000478       0x30 /home/lakshya/ncs/toolchains/c5be9c56c7/opt/zephyr-sdk/arm-zephyr-eabi/bin/../lib/gcc/arm-zephyr-eabi/12.2.0/thumb/v7e-m+fp/hard/libgcc.a(_aeabi_uldivmod.o)
                0x0000000000000478                __aeabi_uldivmod
 .text          0x00000000000004a8        0x4 /home/lakshya/ncs/toolchains/c5be9c56c7/opt/zephyr-sdk/arm-zephyr-eabi/bin/../lib/gcc/arm-zephyr-eabi/12.2.0/thumb/v7e-m+fp/hard/libgcc.a(_dvmd_tls.o)
                0x00000000000004a8                __aeabi_ldiv0
                0x00000000000004a8                __aeabi_idiv0
 .text          0x00000000000004ac       0x10 /home/lakshya/ncs/toolchains/c5be9c56c7/opt/zephyr-sdk/arm-zephyr-eabi/bin/../lib/gcc/../../picolibc/arm-zephyr-eabi/lib/thumb/v7e-m+fp/hard/libc.a(strlen.S.o)
                0x00000000000004ac                strlen
 .text          0x00000000000004bc      0x2a0 /home/lakshya/ncs/toolchains/c5be9c56c7/opt/zephyr-sdk/arm-zephyr-eabi/bin/../lib/gcc/arm-zephyr-eabi/12.2.0/thumb/v7e-m+fp/hard/libgcc.a(_udivmoddi4.o)
                0x00000000000004bc                __udivmoddi4
 *(SORT_BY_ALIGNMENT(.text.*))
 .text.interface_rx_enable
                0x000000000000075c      0x1d8 /home/lakshya/zephyr-dw3001cdk-tdoa/drivers/dw3000/lib/libdwt_uwb_driver-m4-hfp-6.0.14.a(deca_interface.c.obj)
                0x000000000000075c                interface_rx_enable
 .text.dwt_probe
                0x0000000000000934       0x98 /home/lakshya/zephyr-dw3001cdk-tdoa/drivers/dw3000/lib/libdwt_uwb_driver-m4-hfp-6.0.14.a(deca_compat.c.obj)
                0x0000000000000934                dwt_probe
 .text.dwt_initialise
                0x00000000000009cc       0x18 /home/lakshya/zephyr-dw3001cdk-tdoa/drivers/dw3000/lib/libdwt_uwb_driver-m4-hfp-6.0.14.a(deca_compat.c.obj)
                0x00000000000009cc                dwt_initialise
 .text.dwt_configure
                0x00000000000009e4       0x18 /home/lakshya/zephyr-dw3001cdk-tdoa/drivers/dw3000/lib/libdwt_uwb_driver-m4-hfp-6.0.14.a(deca_compat.c.obj)
                0x00000000000009e4                dwt_configure
 .text.dwt_setrxantennadelay
                0x00000000000009fc       0x24 /home/lakshya/zephyr-dw3001cdk-tdoa/drivers/dw3000/lib/libdwt_uwb_driver-m4-hfp-6.0.14.a(deca_compat.c.obj)
                0x00000000000009fc                dwt_setrxantennadelay
 .text.dwt_settxantennadelay
                0x0000000000000a20       0x24 /home/lakshya/zephyr-dw3001cdk-tdoa/drivers/dw3000/lib/libdwt_uwb_driver-m4-hfp-6.0.14.a(deca_compat.c.obj)
                0x0000000000000a20                dwt_settxantennadelay
 .text.dwt_writetxdata
                0x0000000000000a44       0x1c /home/lakshya/zephyr-dw3001cdk-tdoa/drivers/dw3000/lib/libdwt_uwb_driver-m4-hfp-6.0.14.a(deca_compat.c.obj)
                0x0000000000000a44                dwt_writetxdata
 .text.dwt_writetxfctrl
                0x0000000000000a60       0x1c /home/lakshya/zephyr-dw3001cdk-tdoa/drivers/dw3000/lib/libdwt_uwb_driver-m4-hfp-6.0.14.a(deca_compat.c.obj)
                0x0000000000000a60                dwt_writetxfctrl
 .text.dwt_starttx
                0x0000000000000a7c       0x24 /home/lakshya/zephyr-dw3001cdk-tdoa/drivers/dw3000/lib/libdwt_uwb_driver-m4-hfp-6.0.14.a(deca_compat.c.obj)
                0x0000000000000a7c                dwt_starttx
 .text.dwt_setdelayedtrxtime
                0x0000000000000aa0       0x24 /home/lakshya/zephyr-dw3001cdk-tdoa/drivers/dw3000/lib/libdwt_uwb_driver-m4-hfp-6.0.14.a(deca_compat.c.obj)
                0x0000000000000aa0                dwt_setdelayedtrxtime
 .text.dwt_readtxtimestamp
                0x0000000000000ac4       0x1c /home/lakshya/zephyr-dw3001cdk-tdoa/drivers/dw3000/lib/libdwt_uwb_driver-m4-hfp-6.0.14.a(deca_compat.c.obj)
                0x0000000000000ac4                dwt_readtxtimestamp
 .text.dwt_readrxtimestamp
                0x0000000000000ae0       0x18 /home/lakshya/zephyr-dw3001cdk-tdoa/drivers/dw3000/lib/libdwt_uwb_driver-m4-hfp-6.0.14.a(deca_compat.c.obj)
                0x0000000000000ae0                dwt_readrxtimestamp
 .text.dwt_forcetrxoff
                0x0000000000000af8       0x1c /home/lakshya/zephyr-dw3001cdk-tdoa/drivers/dw3000/lib/libdwt_uwb_driver-m4-hfp-6.0.14.a(deca_compat.c.obj)
                0x0000000000000af8                dwt_forcetrxoff
 .text.dwt_rxenable
                0x0000000000000b14       0x18 /home/lakshya/zephyr-dw3001cdk-tdoa/drivers/dw3000/lib/libdwt_uwb_driver-m4-hfp-6.0.14.a(deca_compat.c.obj)
                0x0000000000000b14                dwt_rxenable
 .text.dwt_setrxtimeout
                0x0000000000000b2c       0x24 /home/lakshya/zephyr-dw3001cdk-tdoa/drivers/dw3000/lib/libdwt_uwb_driver-m4-hfp-6.0.14.a(deca_compat.c.obj)
                0x0000000000000b2c                dwt_setrxtimeout
 .text.dwt_generatecrc8
                0x0000000000000b50       0x28 /home/lakshya/zephyr-dw3001cdk-tdoa/drivers/dw3000/lib/libdwt_uwb_driver-m4-hfp-6.0.14.a(deca_compat.c.obj)
                0x0000000000000b50                dwt_generatecrc8
 .text.dwt_readrxdata
                0x0000000000000b78       0x1c /home/lakshya/zephyr-dw3001cdk-tdoa/drivers/dw3000/lib/libdwt_uwb_driver-m4-hfp-6.0.14.a(deca_compat.c.obj)
                0x0000000000000b78                dwt_readrxdata
 .text.dwt_writesysstatuslo
                0x0000000000000b94       0x24 /home/lakshya/zephyr-dw3001cdk-tdoa/drivers/dw3000/lib/libdwt_uwb_driver-m4-hfp-6.0.14.a(deca_compat.c.obj)
                0x0000000000000b94                dwt_writesysstatuslo
 .text.dwt_readsysstatuslo
                0x0000000000000bb8       0x24 /home/lakshya/zephyr-dw3001cdk-tdoa/drivers/dw3000/lib/libdwt_uwb_driver-m4-hfp-6.0.14.a(deca_compat.c.obj)
                0x0000000000000bb8                dwt_readsysstatuslo
 .text.dwt_getframelength
                0x0000000000000bdc       0x28 /home/lakshya/zephyr-dw3001cdk-tdoa/drivers/dw3000/lib/libdwt_uwb_driver-m4-hfp-6.0.14.a(deca_compat.c.obj)
                0x0000000000000bdc                dwt_getframelength
 .text.dwt_dbg_fn
                0x0000000000000c04       0x10 /home/lakshya/zephyr-dw3001cdk-tdoa/drivers/dw3000/lib/libdwt_uwb_driver-m4-hfp-6.0.14.a(dw3000_device.c.obj)
 .text.ull_readrxtimestamp
                0x0000000000000c14       0x44 /home/lakshya/zephyr-dw3001cdk-tdoa/drivers/dw3000/lib/libdwt_uwb_driver-m4-hfp-6.0.14.a(dw3000_device.c.obj)
 .text.ull_getframelength
                0x0000000000000c58       0x64 /home/lakshya/zephyr-dw3001cdk-tdoa/drivers/dw3000/lib/libdwt_uwb_driver-m4-hfp-6.0.14.a(dw3000_device.c.obj)
 .text.ull_clearaonconfig
                0x0000000000000cbc       0x40 /home/lakshya/zephyr-dw3001cdk-tdoa/drivers/dw3000/lib/libdwt_uwb_driver-m4-hfp-6.0.14.a(dw3000_device.c.obj)
 .text.ull_force_clocks
                0x0000000000000cfc       0x2c /home/lakshya/zephyr-dw3001cdk-tdoa/drivers/dw3000/lib/libdwt_uwb_driver-m4-hfp-6.0.14.a(dw3000_device.c.obj)
 .text._dwt_otpread
                0x0000000000000d28       0x44 /home/lakshya/zephyr-dw3001cdk-tdoa/drivers/dw3000/lib/libdwt_uwb_driver-m4-hfp-6.0.14.a(dw3000_device.c.obj)
 .text.ull_aon_read
                0x0000000000000d6c       0x40 /home/lakshya/zephyr-dw3001cdk-tdoa/drivers/dw3000/lib/libdwt_uwb_driver-m4-hfp-6.0.14.a(dw3000_device.c.obj)
 .text.ull_aon_write
                0x0000000000000dac       0x50 /home/lakshya/zephyr-dw3001cdk-tdoa/drivers/dw3000/lib/libdwt_uwb_driver-m4-hfp-6.0.14.a(dw3000_device.c.obj)
 .text.ull_configuresleep
                0x0000000000000dfc       0x54 /home/lakshya/zephyr-dw3001cdk-tdoa/drivers/dw3000/lib/libdwt_uwb_driver-m4-hfp-6.0.14.a(dw3000_device.c.obj)
 .text.ull_isr  0x0000000000000e50      0x2bc /home/lakshya/zephyr-dw3001cdk-tdoa/drivers/dw3000/lib/libdwt_uwb_driver-m4-hfp-6.0.14.a(dw3000_device.c.obj)
 .text._dwt_adjust_delaytime
                0x000000000000110c       0x50 /home/lakshya/zephyr-dw3001cdk-tdoa/drivers/dw3000/lib/libdwt_uwb_driver-m4-hfp-6.0.14.a(dw3000_device.c.obj)
 .text.ull_setrxaftertxdelay
                0x000000000000115c       0x2c /home/lakshya/zephyr-dw3001cdk-tdoa/drivers/dw3000/lib/libdwt_uwb_driver-m4-hfp-6.0.14.a(dw3000_device.c.obj)
 .text.ull_setlnapamode
                0x0000000000001188       0x44 /home/lakshya/zephyr-dw3001cdk-tdoa/drivers/dw3000/lib/libdwt_uwb_driver-m4-hfp-6.0.14.a(dw3000_device.c.obj)
 .text.ull_configurestskey
                0x00000000000011cc       0x48 /home/lakshya/zephyr-dw3001cdk-tdoa/drivers/dw3000/lib/libdwt_uwb_driver-m4-hfp-6.0.14.a(dw3000_device.c.obj)
 .text.ull_configurestsiv
                0x0000000000001214       0x48 /home/lakshya/zephyr-dw3001cdk-tdoa/drivers/dw3000/lib/libdwt_uwb_driver-m4-hfp-6.0.14.a(dw3000_device.c.obj)
 .text.ull_configmrxlut
                0x000000000000125c      0x104 /home/lakshya/zephyr-dw3001cdk-tdoa/drivers/dw3000/lib/libdwt_uwb_driver-m4-hfp-6.0.14.a(dw3000_device.c.obj)
 .text.ull_disable_rftx_blocks
                0x0000000000001360       0x14 /home/lakshya/zephyr-dw3001cdk-tdoa/drivers/dw3000/lib/libdwt_uwb_driver-m4-hfp-6.0.14.a(dw3000_device.c.obj)
 .text.ull_disable_rf_tx
                0x0000000000001374       0x3c /home/lakshya/zephyr-dw3001cdk-tdoa/drivers/dw3000/lib/libdwt_uwb_driver-m4-hfp-6.0.14.a(dw3000_device.c.obj)
 .text.ull_readrxdata
                0x00000000000013b0       0x6c /home/lakshya/zephyr-dw3001cdk-tdoa/drivers/dw3000/lib/libdwt_uwb_driver-m4-hfp-6.0.14.a(dw3000_device.c.obj)
 .text.ull_writetxdata
                0x000000000000141c       0x64 /home/lakshya/zephyr-dw3001cdk-tdoa/drivers/dw3000/lib/libdwt_uwb_driver-m4-hfp-6.0.14.a(dw3000_device.c.obj)
 .text._dwt_kick_dgc_on_wakeup
                0x0000000000001480       0x3c /home/lakshya/zephyr-dw3001cdk-tdoa/drivers/dw3000/lib/libdwt_uwb_driver-m4-hfp-6.0.14.a(dw3000_device.c.obj)
 .text.ull_enable_rf_tx
                0x00000000000014bc       0x68 /home/lakshya/zephyr-dw3001cdk-tdoa/drivers/dw3000/lib/libdwt_uwb_driver-m4-hfp-6.0.14.a(dw3000_device.c.obj)
 .text.ull_enable_rftx_blocks
                0x0000000000001524       0x24 /home/lakshya/zephyr-dw3001cdk-tdoa/drivers/dw3000/lib/libdwt_uwb_driver-m4-hfp-6.0.14.a(dw3000_device.c.obj)
 .text._dwt_otpprogword32
                0x0000000000001548      0x170 /home/lakshya/zephyr-dw3001cdk-tdoa/drivers/dw3000/lib/libdwt_uwb_driver-m4-hfp-6.0.14.a(dw3000_device.c.obj)
 .text.ull_writetxfctrl
                0x00000000000016b8       0x4c /home/lakshya/zephyr-dw3001cdk-tdoa/drivers/dw3000/lib/libdwt_uwb_driver-m4-hfp-6.0.14.a(dw3000_device.c.obj)
 .text.ull_configciadiag
                0x0000000000001704       0x6c /home/lakshya/zephyr-dw3001cdk-tdoa/drivers/dw3000/lib/libdwt_uwb_driver-m4-hfp-6.0.14.a(dw3000_device.c.obj)
 .text.ull_calcbandwidthadj
                0x0000000000001770       0x84 /home/lakshya/zephyr-dw3001cdk-tdoa/drivers/dw3000/lib/libdwt_uwb_driver-m4-hfp-6.0.14.a(dw3000_device.c.obj)
 .text.ull_configuretxrf
                0x00000000000017f4       0x34 /home/lakshya/zephyr-dw3001cdk-tdoa/drivers/dw3000/lib/libdwt_uwb_driver-m4-hfp-6.0.14.a(dw3000_device.c.obj)
 .text.ull_repeated_frames
                0x0000000000001828       0x30 /home/lakshya/zephyr-dw3001cdk-tdoa/drivers/dw3000/lib/libdwt_uwb_driver-m4-hfp-6.0.14.a(dw3000_device.c.obj)
 .text.ull_setdwstate
                0x0000000000001858       0xbc /home/lakshya/zephyr-dw3001cdk-tdoa/drivers/dw3000/lib/libdwt_uwb_driver-m4-hfp-6.0.14.a(dw3000_device.c.obj)
 .text.ull_run_pgfcal
                0x0000000000001914       0xc4 /home/lakshya/zephyr-dw3001cdk-tdoa/drivers/dw3000/lib/libdwt_uwb_driver-m4-hfp-6.0.14.a(dw3000_device.c.obj)
 .text._dwt_prog_ldo_and_bias_tune
                0x00000000000019d8       0x38 /home/lakshya/zephyr-dw3001cdk-tdoa/drivers/dw3000/lib/libdwt_uwb_driver-m4-hfp-6.0.14.a(dw3000_device.c.obj)
 .text.ull_setleds
                0x0000000000001a10       0x9c /home/lakshya/zephyr-dw3001cdk-tdoa/drivers/dw3000/lib/libdwt_uwb_driver-m4-hfp-6.0.14.a(dw3000_device.c.obj)
 .text.ull_pgf_cal
                0x0000000000001aac       0x60 /home/lakshya/zephyr-dw3001cdk-tdoa/drivers/dw3000/lib/libdwt_uwb_driver-m4-hfp-6.0.14.a(dw3000_device.c.obj)
 .text.ull_setgpiovalue
                0x0000000000001b0c       0x30 /home/lakshya/zephyr-dw3001cdk-tdoa/drivers/dw3000/lib/libdwt_uwb_driver-m4-hfp-6.0.14.a(dw3000_device.c.obj)
 .text.ull_readaccdata
                0x0000000000001b3c       0x88 /home/lakshya/zephyr-dw3001cdk-tdoa/drivers/dw3000/lib/libdwt_uwb_driver-m4-hfp-6.0.14.a(dw3000_device.c.obj)
 .text.ull_repeated_cw
                0x0000000000001bc4       0x54 /home/lakshya/zephyr-dw3001cdk-tdoa/drivers/dw3000/lib/libdwt_uwb_driver-m4-hfp-6.0.14.a(dw3000_device.c.obj)
 .text.ull_configure
                0x0000000000001c18      0x454 /home/lakshya/zephyr-dw3001cdk-tdoa/drivers/dw3000/lib/libdwt_uwb_driver-m4-hfp-6.0.14.a(dw3000_device.c.obj)
 .text.dwt_ioctl
                0x000000000000206c     0x1f00 /home/lakshya/zephyr-dw3001cdk-tdoa/drivers/dw3000/lib/libdwt_uwb_driver-m4-hfp-6.0.14.a(dw3000_device.c.obj)
 .text.ull_initialise
                0x0000000000003f6c      0x124 /home/lakshya/zephyr-dw3001cdk-tdoa/drivers/dw3000/lib/libdwt_uwb_driver-m4-hfp-6.0.14.a(dw3000_device.c.obj)
 .text._init    0x0000000000004090      0x1b0 /home/lakshya/zephyr-dw3001cdk-tdoa/drivers/dw3000/lib/libdwt_uwb_driver-m4-hfp-6.0.14.a(dw3000_device.c.obj)
 .text.dwt_dbg_fn
                0x0000000000004240       0x10 /home/lakshya/zephyr-dw3001cdk-tdoa/drivers/dw3000/lib/libdwt_uwb_driver-m4-hfp-6.0.14.a(dw3700_device.c.obj)
 .text.ull_readrxtimestamp
                0x0000000000004250       0x44 /home/lakshya/zephyr-dw3001cdk-tdoa/drivers/dw3000/lib/libdwt_uwb_driver-m4-hfp-6.0.14.a(dw3700_device.c.obj)
 .text.ull_force_clocks
                0x0000000000004294       0x2c /home/lakshya/zephyr-dw3001cdk-tdoa/drivers/dw3000/lib/libdwt_uwb_driver-m4-hfp-6.0.14.a(dw3700_device.c.obj)
 .text._dwt_otpread
                0x00000000000042c0       0x44 /home/lakshya/zephyr-dw3001cdk-tdoa/drivers/dw3000/lib/libdwt_uwb_driver-m4-hfp-6.0.14.a(dw3700_device.c.obj)
 .text.ull_configurestskey
                0x0000000000004304       0x48 /home/lakshya/zephyr-dw3001cdk-tdoa/drivers/dw3000/lib/libdwt_uwb_driver-m4-hfp-6.0.14.a(dw3700_device.c.obj)
 .text.ull_configurestsiv
                0x000000000000434c       0x48 /home/lakshya/zephyr-dw3001cdk-tdoa/drivers/dw3000/lib/libdwt_uwb_driver-m4-hfp-6.0.14.a(dw3700_device.c.obj)
 .text.ull_configmrxlut
                0x0000000000004394       0xf0 /home/lakshya/zephyr-dw3001cdk-tdoa/drivers/dw3000/lib/libdwt_uwb_driver-m4-hfp-6.0.14.a(dw3700_device.c.obj)
 .text.ull_disable_rftx_blocks
                0x0000000000004484       0x14 /home/lakshya/zephyr-dw3001cdk-tdoa/drivers/dw3000/lib/libdwt_uwb_driver-m4-hfp-6.0.14.a(dw3700_device.c.obj)
 .text.ull_disable_rf_tx
                0x0000000000004498       0x3c /home/lakshya/zephyr-dw3001cdk-tdoa/drivers/dw3000/lib/libdwt_uwb_driver-m4-hfp-6.0.14.a(dw3700_device.c.obj)
 .text.ull_readrxdata
                0x00000000000044d4       0x6c /home/lakshya/zephyr-dw3001cdk-tdoa/drivers/dw3000/lib/libdwt_uwb_driver-m4-hfp-6.0.14.a(dw3700_device.c.obj)
 .text.ull_getframelength
                0x0000000000004540       0x64 /home/lakshya/zephyr-dw3001cdk-tdoa/drivers/dw3000/lib/libdwt_uwb_driver-m4-hfp-6.0.14.a(dw3700_device.c.obj)
 .text._dwt_clear_db_events
                0x00000000000045a4       0x34 /home/lakshya/zephyr-dw3001cdk-tdoa/drivers/dw3000/lib/libdwt_uwb_driver-m4-hfp-6.0.14.a(dw3700_device.c.obj)
 .text.ull_clearaonconfig
                0x00000000000045d8       0x40 /home/lakshya/zephyr-dw3001cdk-tdoa/drivers/dw3000/lib/libdwt_uwb_driver-m4-hfp-6.0.14.a(dw3700_device.c.obj)
 .text.ull_aon_read
                0x0000000000004618       0x40 /home/lakshya/zephyr-dw3001cdk-tdoa/drivers/dw3000/lib/libdwt_uwb_driver-m4-hfp-6.0.14.a(dw3700_device.c.obj)
 .text.ull_aon_write
                0x0000000000004658       0x50 /home/lakshya/zephyr-dw3001cdk-tdoa/drivers/dw3000/lib/libdwt_uwb_driver-m4-hfp-6.0.14.a(dw3700_device.c.obj)
 .text.ull_configuresleep
                0x00000000000046a8       0x54 /home/lakshya/zephyr-dw3001cdk-tdoa/drivers/dw3000/lib/libdwt_uwb_driver-m4-hfp-6.0.14.a(dw3700_device.c.obj)
 .text.ull_writetxdata
                0x00000000000046fc       0x64 /home/lakshya/zephyr-dw3001cdk-tdoa/drivers/dw3000/lib/libdwt_uwb_driver-m4-hfp-6.0.14.a(dw3700_device.c.obj)
 .text.ull_isr  0x0000000000004760      0x300 /home/lakshya/zephyr-dw3001cdk-tdoa/drivers/dw3000/lib/libdwt_uwb_driver-m4-hfp-6.0.14.a(dw3700_device.c.obj)
 .text.ull_enable_rf_tx
                0x0000000000004a60       0x68 /home/lakshya/zephyr-dw3001cdk-tdoa/drivers/dw3000/lib/libdwt_uwb_driver-m4-hfp-6.0.14.a(dw3700_device.c.obj)
 .text.ull_enable_rftx_blocks
                0x0000000000004ac8       0x24 /home/lakshya/zephyr-dw3001cdk-tdoa/drivers/dw3000/lib/libdwt_uwb_driver-m4-hfp-6.0.14.a(dw3700_device.c.obj)
 .text._dwt_otpprogword32
                0x0000000000004aec      0x170 /home/lakshya/zephyr-dw3001cdk-tdoa/drivers/dw3000/lib/libdwt_uwb_driver-m4-hfp-6.0.14.a(dw3700_device.c.obj)
 .text.ull_writetxfctrl
                0x0000000000004c5c       0x4c /home/lakshya/zephyr-dw3001cdk-tdoa/drivers/dw3000/lib/libdwt_uwb_driver-m4-hfp-6.0.14.a(dw3700_device.c.obj)
 .text.ull_configciadiag
                0x0000000000004ca8       0x6c /home/lakshya/zephyr-dw3001cdk-tdoa/drivers/dw3000/lib/libdwt_uwb_driver-m4-hfp-6.0.14.a(dw3700_device.c.obj)
 .text.ull_calcbandwidthadj
                0x0000000000004d14       0x84 /home/lakshya/zephyr-dw3001cdk-tdoa/drivers/dw3000/lib/libdwt_uwb_driver-m4-hfp-6.0.14.a(dw3700_device.c.obj)
 .text.ull_configuretxrf
                0x0000000000004d98       0x34 /home/lakshya/zephyr-dw3001cdk-tdoa/drivers/dw3000/lib/libdwt_uwb_driver-m4-hfp-6.0.14.a(dw3700_device.c.obj)
 .text.ull_repeated_frames
                0x0000000000004dcc       0x30 /home/lakshya/zephyr-dw3001cdk-tdoa/drivers/dw3000/lib/libdwt_uwb_driver-m4-hfp-6.0.14.a(dw3700_device.c.obj)
 .text.ull_setdwstate
                0x0000000000004dfc       0xb8 /home/lakshya/zephyr-dw3001cdk-tdoa/drivers/dw3000/lib/libdwt_uwb_driver-m4-hfp-6.0.14.a(dw3700_device.c.obj)
 .text.ull_run_pgfcal
                0x0000000000004eb4       0xc4 /home/lakshya/zephyr-dw3001cdk-tdoa/drivers/dw3000/lib/libdwt_uwb_driver-m4-hfp-6.0.14.a(dw3700_device.c.obj)
 .text.ull_setleds
                0x0000000000004f78       0x9c /home/lakshya/zephyr-dw3001cdk-tdoa/drivers/dw3000/lib/libdwt_uwb_driver-m4-hfp-6.0.14.a(dw3700_device.c.obj)
 .text.ull_pgf_cal
                0x0000000000005014       0x60 /home/lakshya/zephyr-dw3001cdk-tdoa/drivers/dw3000/lib/libdwt_uwb_driver-m4-hfp-6.0.14.a(dw3700_device.c.obj)
 .text.ull_setgpiovalue
                0x0000000000005074       0x30 /home/lakshya/zephyr-dw3001cdk-tdoa/drivers/dw3000/lib/libdwt_uwb_driver-m4-hfp-6.0.14.a(dw3700_device.c.obj)
 .text.ull_readaccdata
                0x00000000000050a4       0x88 /home/lakshya/zephyr-dw3001cdk-tdoa/drivers/dw3000/lib/libdwt_uwb_driver-m4-hfp-6.0.14.a(dw3700_device.c.obj)
 .text.ull_repeated_cw
                0x000000000000512c       0x54 /home/lakshya/zephyr-dw3001cdk-tdoa/drivers/dw3000/lib/libdwt_uwb_driver-m4-hfp-6.0.14.a(dw3700_device.c.obj)
 .text.ull_configure
                0x0000000000005180      0x498 /home/lakshya/zephyr-dw3001cdk-tdoa/drivers/dw3000/lib/libdwt_uwb_driver-m4-hfp-6.0.14.a(dw3700_device.c.obj)
 .text.ull_initialise
                0x0000000000005618      0x128 /home/lakshya/zephyr-dw3001cdk-tdoa/drivers/dw3000/lib/libdwt_uwb_driver-m4-hfp-6.0.14.a(dw3700_device.c.obj)
 .text.dwt_ioctl
                0x0000000000005740     0x20ec /home/lakshya/zephyr-dw3001cdk-tdoa/drivers/dw3000/lib/libdwt_uwb_driver-m4-hfp-6.0.14.a(dw3700_device.c.obj)
 .text._init    0x000000000000782c      0x1b0 /home/lakshya/zephyr-dw3001cdk-tdoa/drivers/dw3000/lib/libdwt_uwb_driver-m4-hfp-6.0.14.a(dw3700_device.c.obj)
 .text.dwt_dbg_fn
                0x00000000000079dc       0x10 /home/lakshya/zephyr-dw3001cdk-tdoa/drivers/dw3000/lib/libdwt_uwb_driver-m4-hfp-6.0.14.a(dw3720_device.c.obj)
 .text.ull_readclockoffset
                0x00000000000079ec       0x40 /home/lakshya/zephyr-dw3001cdk-tdoa/drivers/dw3000/lib/libdwt_uwb_driver-m4-hfp-6.0.14.a(dw3720_device.c.obj)
 .text.ull_readcarrierintegrator
                0x0000000000007a2c       0x40 /home/lakshya/zephyr-dw3001cdk-tdoa/drivers/dw3000/lib/libdwt_uwb_driver-m4-hfp-6.0.14.a(dw3720_device.c.obj)
 .text.ull_readrxtimestamp
                0x0000000000007a6c       0x44 /home/lakshya/zephyr-dw3001cdk-tdoa/drivers/dw3000/lib/libdwt_uwb_driver-m4-hfp-6.0.14.a(dw3720_device.c.obj)
 .text.ull_force_clocks
                0x0000000000007ab0       0x2c /home/lakshya/zephyr-dw3001cdk-tdoa/drivers/dw3000/lib/libdwt_uwb_driver-m4-hfp-6.0.14.a(dw3720_device.c.obj)
 .text._dwt_otpread
                0x0000000000007adc       0x44 /home/lakshya/zephyr-dw3001cdk-tdoa/drivers/dw3000/lib/libdwt_uwb_driver-m4-hfp-6.0.14.a(dw3720_device.c.obj)
 .text.ull_setfinegraintxseq
                0x0000000000007b20       0x28 /home/lakshya/zephyr-dw3001cdk-tdoa/drivers/dw3000/lib/libdwt_uwb_driver-m4-hfp-6.0.14.a(dw3720_device.c.obj)
 .text.ull_configurestskey
                0x0000000000007b48       0x48 /home/lakshya/zephyr-dw3001cdk-tdoa/drivers/dw3000/lib/libdwt_uwb_driver-m4-hfp-6.0.14.a(dw3720_device.c.obj)
 .text.ull_configurestsiv
                0x0000000000007b90       0x48 /home/lakshya/zephyr-dw3001cdk-tdoa/drivers/dw3000/lib/libdwt_uwb_driver-m4-hfp-6.0.14.a(dw3720_device.c.obj)
 .text.ull_configmrxlut
                0x0000000000007bd8      0x12c /home/lakshya/zephyr-dw3001cdk-tdoa/drivers/dw3000/lib/libdwt_uwb_driver-m4-hfp-6.0.14.a(dw3720_device.c.obj)
 .text.ull_disable_rftx_blocks
                0x0000000000007d04       0x14 /home/lakshya/zephyr-dw3001cdk-tdoa/drivers/dw3000/lib/libdwt_uwb_driver-m4-hfp-6.0.14.a(dw3720_device.c.obj)
 .text.ull_disable_rf_tx
                0x0000000000007d18       0x3c /home/lakshya/zephyr-dw3001cdk-tdoa/drivers/dw3000/lib/libdwt_uwb_driver-m4-hfp-6.0.14.a(dw3720_device.c.obj)
 .text.ull_repeated_cw
                0x0000000000007d54       0x48 /home/lakshya/zephyr-dw3001cdk-tdoa/drivers/dw3000/lib/libdwt_uwb_driver-m4-hfp-6.0.14.a(dw3720_device.c.obj)
 .text.ull_readrxdata
                0x0000000000007d9c       0x6c /home/lakshya/zephyr-dw3001cdk-tdoa/drivers/dw3000/lib/libdwt_uwb_driver-m4-hfp-6.0.14.a(dw3720_device.c.obj)
 .text.ull_getframelength
                0x0000000000007e08       0x64 /home/lakshya/zephyr-dw3001cdk-tdoa/drivers/dw3000/lib/libdwt_uwb_driver-m4-hfp-6.0.14.a(dw3720_device.c.obj)
 .text._dwt_clear_db_events
                0x0000000000007e6c       0x34 /home/lakshya/zephyr-dw3001cdk-tdoa/drivers/dw3000/lib/libdwt_uwb_driver-m4-hfp-6.0.14.a(dw3720_device.c.obj)
 .text.ull_clearaonconfig
                0x0000000000007ea0       0x40 /home/lakshya/zephyr-dw3001cdk-tdoa/drivers/dw3000/lib/libdwt_uwb_driver-m4-hfp-6.0.14.a(dw3720_device.c.obj)
 .text.ull_aon_read
                0x0000000000007ee0       0x40 /home/lakshya/zephyr-dw3001cdk-tdoa/drivers/dw3000/lib/libdwt_uwb_driver-m4-hfp-6.0.14.a(dw3720_device.c.obj)
 .text.ull_aon_write
                0x0000000000007f20       0x50 /home/lakshya/zephyr-dw3001cdk-tdoa/drivers/dw3000/lib/libdwt_uwb_driver-m4-hfp-6.0.14.a(dw3720_device.c.obj)
 .text.ull_configuresleep
                0x0000000000007f70       0x64 /home/lakshya/zephyr-dw3001cdk-tdoa/drivers/dw3000/lib/libdwt_uwb_driver-m4-hfp-6.0.14.a(dw3720_device.c.obj)
 .text.ull_update_nonce_GCM
                0x0000000000007fd4       0x1c /home/lakshya/zephyr-dw3001cdk-tdoa/drivers/dw3000/lib/libdwt_uwb_driver-m4-hfp-6.0.14.a(dw3720_device.c.obj)
 .text.ull_update_nonce_CCM
                0x0000000000007ff0       0x7c /home/lakshya/zephyr-dw3001cdk-tdoa/drivers/dw3000/lib/libdwt_uwb_driver-m4-hfp-6.0.14.a(dw3720_device.c.obj)
 .text.ull_writetxdata
                0x000000000000806c       0x64 /home/lakshya/zephyr-dw3001cdk-tdoa/drivers/dw3000/lib/libdwt_uwb_driver-m4-hfp-6.0.14.a(dw3720_device.c.obj)
 .text.ull_isr  0x00000000000080d0      0x304 /home/lakshya/zephyr-dw3001cdk-tdoa/drivers/dw3000/lib/libdwt_uwb_driver-m4-hfp-6.0.14.a(dw3720_device.c.obj)
 .text.ull_enablegpioclocks
                0x00000000000083d4       0x20 /home/lakshya/zephyr-dw3001cdk-tdoa/drivers/dw3000/lib/libdwt_uwb_driver-m4-hfp-6.0.14.a(dw3720_device.c.obj)
 .text.ull_enable_rf_tx
                0x00000000000083f4       0x68 /home/lakshya/zephyr-dw3001cdk-tdoa/drivers/dw3000/lib/libdwt_uwb_driver-m4-hfp-6.0.14.a(dw3720_device.c.obj)
 .text.ull_enable_rftx_blocks
                0x000000000000845c       0x24 /home/lakshya/zephyr-dw3001cdk-tdoa/drivers/dw3000/lib/libdwt_uwb_driver-m4-hfp-6.0.14.a(dw3720_device.c.obj)
 .text._dwt_otpprogword32
                0x0000000000008480      0x170 /home/lakshya/zephyr-dw3001cdk-tdoa/drivers/dw3000/lib/libdwt_uwb_driver-m4-hfp-6.0.14.a(dw3720_device.c.obj)
 .text.ull_writetxfctrl
                0x00000000000085f0       0x28 /home/lakshya/zephyr-dw3001cdk-tdoa/drivers/dw3000/lib/libdwt_uwb_driver-m4-hfp-6.0.14.a(dw3720_device.c.obj)
 .text.ull_configciadiag
                0x0000000000008618       0x6c /home/lakshya/zephyr-dw3001cdk-tdoa/drivers/dw3000/lib/libdwt_uwb_driver-m4-hfp-6.0.14.a(dw3720_device.c.obj)
 .text.ull_configurestsloadiv
                0x0000000000008684       0x1c /home/lakshya/zephyr-dw3001cdk-tdoa/drivers/dw3000/lib/libdwt_uwb_driver-m4-hfp-6.0.14.a(dw3720_device.c.obj)
 .text.ull_adcoffsetscalibration
                0x00000000000086a0      0x230 /home/lakshya/zephyr-dw3001cdk-tdoa/drivers/dw3000/lib/libdwt_uwb_driver-m4-hfp-6.0.14.a(dw3720_device.c.obj)
 .text.ull_restoreconfig
                0x00000000000088d0       0x60 /home/lakshya/zephyr-dw3001cdk-tdoa/drivers/dw3000/lib/libdwt_uwb_driver-m4-hfp-6.0.14.a(dw3720_device.c.obj)
 .text.ull_calcbandwidthadj
                0x0000000000008930       0x84 /home/lakshya/zephyr-dw3001cdk-tdoa/drivers/dw3000/lib/libdwt_uwb_driver-m4-hfp-6.0.14.a(dw3720_device.c.obj)
 .text.ull_configuretxrf
                0x00000000000089b4       0x34 /home/lakshya/zephyr-dw3001cdk-tdoa/drivers/dw3000/lib/libdwt_uwb_driver-m4-hfp-6.0.14.a(dw3720_device.c.obj)
 .text.ull_repeated_frames
                0x00000000000089e8       0x30 /home/lakshya/zephyr-dw3001cdk-tdoa/drivers/dw3000/lib/libdwt_uwb_driver-m4-hfp-6.0.14.a(dw3720_device.c.obj)
 .text.ull_setdwstate
                0x0000000000008a18       0xbc /home/lakshya/zephyr-dw3001cdk-tdoa/drivers/dw3000/lib/libdwt_uwb_driver-m4-hfp-6.0.14.a(dw3720_device.c.obj)
 .text.ull_run_pgfcal
                0x0000000000008ad4       0xc4 /home/lakshya/zephyr-dw3001cdk-tdoa/drivers/dw3000/lib/libdwt_uwb_driver-m4-hfp-6.0.14.a(dw3720_device.c.obj)
 .text.ull_configurestsmode
                0x0000000000008b98       0x48 /home/lakshya/zephyr-dw3001cdk-tdoa/drivers/dw3000/lib/libdwt_uwb_driver-m4-hfp-6.0.14.a(dw3720_device.c.obj)
 .text.ull_setleds
                0x0000000000008be0       0x9c /home/lakshya/zephyr-dw3001cdk-tdoa/drivers/dw3000/lib/libdwt_uwb_driver-m4-hfp-6.0.14.a(dw3720_device.c.obj)
 .text.ull_pgf_cal
                0x0000000000008c7c       0x60 /home/lakshya/zephyr-dw3001cdk-tdoa/drivers/dw3000/lib/libdwt_uwb_driver-m4-hfp-6.0.14.a(dw3720_device.c.obj)
 .text.ull_setgpiovalue
                0x0000000000008cdc       0x30 /home/lakshya/zephyr-dw3001cdk-tdoa/drivers/dw3000/lib/libdwt_uwb_driver-m4-hfp-6.0.14.a(dw3720_device.c.obj)
 .text.ull_readaccdata
                0x0000000000008d0c       0x88 /home/lakshya/zephyr-dw3001cdk-tdoa/drivers/dw3000/lib/libdwt_uwb_driver-m4-hfp-6.0.14.a(dw3720_device.c.obj)
 .text.ull_configure
                0x0000000000008d94      0x480 /home/lakshya/zephyr-dw3001cdk-tdoa/drivers/dw3000/lib/libdwt_uwb_driver-m4-hfp-6.0.14.a(dw3720_device.c.obj)
 .text.ull_initialise
                0x0000000000009214      0x13c /home/lakshya/zephyr-dw3001cdk-tdoa/drivers/dw3000/lib/libdwt_uwb_driver-m4-hfp-6.0.14.a(dw3720_device.c.obj)
 .text.dwt_ioctl
                0x0000000000009350     0x2044 /home/lakshya/zephyr-dw3001cdk-tdoa/drivers/dw3000/lib/libdwt_uwb_driver-m4-hfp-6.0.14.a(dw3720_device.c.obj)
 .text._init    0x000000000000b394      0x198 /home/lakshya/zephyr-dw3001cdk-tdoa/drivers/dw3000/lib/libdwt_uwb_driver-m4-hfp-6.0.14.a(dw3720_device.c.obj)
 .text.main     0x000000000000b52c      0x304 app/libapp.a(main.c.obj)
                0x000000000000b52c                main
 .text.z_log_msg_runtime_create.constprop.0
                0x000000000000b830       0x24 app/libapp.a(dw3000_spi.c.obj)
 .text.dw3000_spi_init
                0x000000000000b854       0x84 app/libapp.a(dw3000_spi.c.obj)
                0x000000000000b854                dw3000_spi_init
 .text.dw3000_spi_speed_slow
                0x000000000000b8d8       0x10 app/libapp.a(dw3000_spi.c.obj)
                0x000000000000b8d8                dw3000_spi_speed_slow
 .text.dw3000_spi_speed_fast
                0x000000000000b8e8       0x10 app/libapp.a(dw3000_spi.c.obj)
                0x000000000000b8e8                dw3000_spi_speed_fast
 .text.dw3000_spi_write_crc
                0x000000000000b8f8       0x3c app/libapp.a(dw3000_spi.c.obj)
                0x000000000000b8f8                dw3000_spi_write_crc
 .text.dw3000_spi_write
                0x000000000000b934       0x30 app/libapp.a(dw3000_spi.c.obj)
                0x000000000000b934                dw3000_spi_write
 .text.dw3000_spi_read
                0x000000000000b964       0x40 app/libapp.a(dw3000_spi.c.obj)
                0x000000000000b964                dw3000_spi_read
 .text.gpio_pin_interrupt_configure_dt.constprop.0.isra.0
                0x000000000000b9a4       0x2c app/libapp.a(dw3000_hw.c.obj)
 .text.dw3000_hw_init
                0x000000000000b9d0       0x80 app/libapp.a(dw3000_hw.c.obj)
                0x000000000000b9d0                dw3000_hw_init
 .text.dw3000_hw_reset
                0x000000000000ba50       0x30 app/libapp.a(dw3000_hw.c.obj)
                0x000000000000ba50                dw3000_hw_reset
 .text.dw3000_hw_wakeup
                0x000000000000ba80       0x3c app/libapp.a(dw3000_hw.c.obj)
                0x000000000000ba80                dw3000_hw_wakeup
 .text.dw3000_hw_wakeup_pin_low
                0x000000000000babc       0x10 app/libapp.a(dw3000_hw.c.obj)
                0x000000000000babc                dw3000_hw_wakeup_pin_low
 .text.cbvprintf_package
                0x000000000000bacc      0x3a4 zephyr/libzephyr.a(cbprintf_packaged.c.obj)
                0x000000000000bacc                cbvprintf_package
 .text.__printk_hook_install
                0x000000000000be70        0xc zephyr/libzephyr.a(printk.c.obj)
                0x000000000000be70                __printk_hook_install
 .text.z_thread_entry
                0x000000000000be7c       0x34 zephyr/libzephyr.a(thread_entry.c.obj)
                0x000000000000be7c                z_thread_entry
 .text.process_event
                0x000000000000beb0      0x21c zephyr/libzephyr.a(onoff.c.obj)
 .text.z_log_init.isra.0
                0x000000000000c0cc       0xd4 zephyr/libzephyr.a(log_core.c.obj)
 .text.log_format_func_t_get
                0x000000000000c1a0        0xc zephyr/libzephyr.a(log_core.c.obj)
                0x000000000000c1a0                log_format_func_t_get
 .text.log_set_timestamp_func
                0x000000000000c1ac       0x20 zephyr/libzephyr.a(log_core.c.obj)
                0x000000000000c1ac                log_set_timestamp_func
 .text.log_core_init
                0x000000000000c1cc       0x4c zephyr/libzephyr.a(log_core.c.obj)
                0x000000000000c1cc                log_core_init
 .text.z_impl_log_panic
                0x000000000000c218       0x3c zephyr/libzephyr.a(log_core.c.obj)
                0x000000000000c218                z_impl_log_panic
 .text.z_log_dropped
                0x000000000000c254       0x30 zephyr/libzephyr.a(log_core.c.obj)
                0x000000000000c254                z_log_dropped
 .text.z_log_msg_commit
                0x000000000000c284       0x38 zephyr/libzephyr.a(log_core.c.obj)
                0x000000000000c284                z_log_msg_commit
 .text.log_source_name_get
                0x000000000000c2bc       0x1c zephyr/libzephyr.a(log_mgmt.c.obj)
                0x000000000000c2bc                log_source_name_get
 .text.z_log_msg_runtime_vcreate
                0x000000000000c2d8       0xac zephyr/libzephyr.a(log_msg.c.obj)
                0x000000000000c2d8                z_log_msg_runtime_vcreate
 .text.log_msg_get_source_id
                0x000000000000c384       0x18 zephyr/libzephyr.a(log_msg.c.obj)
                0x000000000000c384                log_msg_get_source_id
 .text.print_formatted
                0x000000000000c39c       0x24 zephyr/libzephyr.a(log_output.c.obj)
 .text.newline_print
                0x000000000000c3c0       0x1c zephyr/libzephyr.a(log_output.c.obj)
 .text.log_output_process
                0x000000000000c3dc      0x2e0 zephyr/libzephyr.a(log_output.c.obj)
                0x000000000000c3dc                log_output_process
 .text.log_output_timestamp_freq_set
                0x000000000000c6bc       0x2c zephyr/libzephyr.a(log_output.c.obj)
                0x000000000000c6bc                log_output_timestamp_freq_set
 .text.char_out
                0x000000000000c6e8       0x24 zephyr/libzephyr.a(log_backend_uart.c.obj)
 .text.mem_attr_get_regions
                0x000000000000c70c        0xc zephyr/libzephyr.a(mem_attr.c.obj)
                0x000000000000c70c                mem_attr_get_regions
 .text.boot_banner
                0x000000000000c718       0x1c zephyr/libzephyr.a(banner.c.obj)
                0x000000000000c718                boot_banner
 .text.z_arm_fatal_error
                0x000000000000c734      0x130 zephyr/arch/arch/arm/core/libarch__arm__core.a(fatal.c.obj)
                0x000000000000c734                z_arm_fatal_error
 .text.z_SysNmiOnReset
                0x000000000000c864        0x8 zephyr/arch/arch/arm/core/libarch__arm__core.a(nmi_on_reset.S.obj)
                0x000000000000c864                z_SysNmiOnReset
 .text.arch_tls_stack_setup
                0x000000000000c86c       0x40 zephyr/arch/arch/arm/core/libarch__arm__core.a(tls.c.obj)
                0x000000000000c86c                arch_tls_stack_setup
 .text._HandlerModeExit
                0x000000000000c8ac       0x20 zephyr/arch/arch/arm/core/cortex_m/libarch__arm__core__cortex_m.a(exc_exit.c.obj)
                0x000000000000c8ac                z_arm_exc_exit
                0x000000000000c8ac                z_arm_int_exit
 .text.bus_fault.constprop.0
                0x000000000000c8cc      0x13c zephyr/arch/arch/arm/core/cortex_m/libarch__arm__core__cortex_m.a(fault.c.obj)
 .text.usage_fault.constprop.0
                0x000000000000ca08      0x108 zephyr/arch/arch/arm/core/cortex_m/libarch__arm__core__cortex_m.a(fault.c.obj)
 .text.mem_manage_fault
                0x000000000000cb10      0x164 zephyr/arch/arch/arm/core/cortex_m/libarch__arm__core__cortex_m.a(fault.c.obj)
 .text.z_arm_fault
                0x000000000000cc74      0x200 zephyr/arch/arch/arm/core/cortex_m/libarch__arm__core__cortex_m.a(fault.c.obj)
                0x000000000000cc74                z_arm_fault
 .text.z_arm_fault_init
                0x000000000000ce74       0x18 zephyr/arch/arch/arm/core/cortex_m/libarch__arm__core__cortex_m.a(fault.c.obj)
                0x000000000000ce74                z_arm_fault_init
 .text.__fault  0x000000000000ce8c       0x14 zephyr/arch/arch/arm/core/cortex_m/libarch__arm__core__cortex_m.a(fault_s.S.obj)
                0x000000000000ce8c                z_arm_bus_fault
                0x000000000000ce8c                z_arm_usage_fault
                0x000000000000ce8c                z_arm_mpu_fault
                0x000000000000ce8c                z_arm_exc_spurious
                0x000000000000ce8c                z_arm_debug_monitor
                0x000000000000ce8c                z_arm_hard_fault
 .text._reset_section
                0x000000000000cea0       0x60 zephyr/arch/arch/arm/core/cortex_m/libarch__arm__core__cortex_m.a(reset.S.obj)
                0x000000000000cea0                z_arm_reset
                0x000000000000cea0                __start
 .text.z_arm_clear_arm_mpu_config
                0x000000000000cf00       0x24 zephyr/arch/arch/arm/core/cortex_m/libarch__arm__core__cortex_m.a(scb.c.obj)
                0x000000000000cf00                z_arm_clear_arm_mpu_config
 .text.z_arm_init_arch_hw_at_boot
                0x000000000000cf24       0x64 zephyr/arch/arch/arm/core/cortex_m/libarch__arm__core__cortex_m.a(scb.c.obj)
                0x000000000000cf24                z_arm_init_arch_hw_at_boot
 .text.z_impl_k_thread_abort
                0x000000000000cf88       0x2c zephyr/arch/arch/arm/core/cortex_m/libarch__arm__core__cortex_m.a(thread_abort.c.obj)
                0x000000000000cf88                z_impl_k_thread_abort
 .text.z_arm_pendsv
                0x000000000000cfb4       0xa0 zephyr/arch/arch/arm/core/cortex_m/libarch__arm__core__cortex_m.a(swap_helper.S.obj)
                0x000000000000cfb4                z_arm_pendsv
 .text.z_arm_svc
                0x000000000000d054       0x24 zephyr/arch/arch/arm/core/cortex_m/libarch__arm__core__cortex_m.a(swap_helper.S.obj)
                0x000000000000d054                z_arm_svc
 .text.arm_irq_enable
                0x000000000000d078       0x1c zephyr/arch/arch/arm/core/cortex_m/libarch__arm__core__cortex_m.a(irq_manage.c.obj)
                0x000000000000d078                arm_irq_enable
 .text.arm_irq_disable
                0x000000000000d094       0x28 zephyr/arch/arch/arm/core/cortex_m/libarch__arm__core__cortex_m.a(irq_manage.c.obj)
                0x000000000000d094                arm_irq_disable
 .text.arm_irq_is_enabled
                0x000000000000d0bc       0x1c zephyr/arch/arch/arm/core/cortex_m/libarch__arm__core__cortex_m.a(irq_manage.c.obj)
                0x000000000000d0bc                arm_irq_is_enabled
 .text.arm_irq_priority_set
                0x000000000000d0d8       0x30 zephyr/arch/arch/arm/core/cortex_m/libarch__arm__core__cortex_m.a(irq_manage.c.obj)
                0x000000000000d0d8                arm_irq_priority_set
 .text.relocate_vector_table
                0x000000000000d108       0x1c zephyr/arch/arch/arm/core/cortex_m/libarch__arm__core__cortex_m.a(prep_c.c.obj)
                0x000000000000d108                relocate_vector_table
 .text.z_prep_c
                0x000000000000d124       0x4c zephyr/arch/arch/arm/core/cortex_m/libarch__arm__core__cortex_m.a(prep_c.c.obj)
                0x000000000000d124                z_prep_c
 .text.arch_new_thread
                0x000000000000d170       0x40 zephyr/arch/arch/arm/core/cortex_m/libarch__arm__core__cortex_m.a(thread.c.obj)
                0x000000000000d170                arch_new_thread
 .text.z_arm_mpu_stack_guard_and_fpu_adjust
                0x000000000000d1b0       0x54 zephyr/arch/arch/arm/core/cortex_m/libarch__arm__core__cortex_m.a(thread.c.obj)
                0x000000000000d1b0                z_arm_mpu_stack_guard_and_fpu_adjust
 .text.z_check_thread_stack_fail
                0x000000000000d204       0x30 zephyr/arch/arch/arm/core/cortex_m/libarch__arm__core__cortex_m.a(thread.c.obj)
                0x000000000000d204                z_check_thread_stack_fail
 .text.arch_float_disable
                0x000000000000d234       0x48 zephyr/arch/arch/arm/core/cortex_m/libarch__arm__core__cortex_m.a(thread.c.obj)
                0x000000000000d234                arch_float_disable
 .text.arch_switch_to_main_thread
                0x000000000000d27c       0x58 zephyr/arch/arch/arm/core/cortex_m/libarch__arm__core__cortex_m.a(thread.c.obj)
                0x000000000000d27c                arch_switch_to_main_thread
 .text.z_arm_cpu_idle_init
                0x000000000000d2d4        0xc zephyr/arch/arch/arm/core/cortex_m/libarch__arm__core__cortex_m.a(cpu_idle.c.obj)
                0x000000000000d2d4                z_arm_cpu_idle_init
 .text.z_arm_interrupt_init
                0x000000000000d2e0       0x18 zephyr/arch/arch/arm/core/cortex_m/libarch__arm__core__cortex_m.a(irq_init.c.obj)
                0x000000000000d2e0                z_arm_interrupt_init
 .text._isr_wrapper
                0x000000000000d2f8       0x24 zephyr/arch/arch/arm/core/cortex_m/libarch__arm__core__cortex_m.a(isr_wrapper.c.obj)
                0x000000000000d2f8                _isr_wrapper
 .text.z_arm_configure_static_mpu_regions
                0x000000000000d31c       0x18 zephyr/arch/arch/arm/core/mpu/libarch__arm__core__mpu.a(arm_core_mpu.c.obj)
                0x000000000000d31c                z_arm_configure_static_mpu_regions
 .text.z_arm_configure_dynamic_mpu_regions
                0x000000000000d334       0x2c zephyr/arch/arch/arm/core/mpu/libarch__arm__core__mpu.a(arm_core_mpu.c.obj)
                0x000000000000d334                z_arm_configure_dynamic_mpu_regions
 .text.region_allocate_and_init
                0x000000000000d360       0x60 zephyr/arch/arch/arm/core/mpu/libarch__arm__core__mpu.a(arm_mpu.c.obj)
 .text.mpu_configure_regions
                0x000000000000d3c0       0x74 zephyr/arch/arch/arm/core/mpu/libarch__arm__core__mpu.a(arm_mpu.c.obj)
 .text.arm_core_mpu_enable
                0x000000000000d434       0x18 zephyr/arch/arch/arm/core/mpu/libarch__arm__core__mpu.a(arm_mpu.c.obj)
                0x000000000000d434                arm_core_mpu_enable
 .text.arm_core_mpu_disable
                0x000000000000d44c       0x14 zephyr/arch/arch/arm/core/mpu/libarch__arm__core__mpu.a(arm_mpu.c.obj)
                0x000000000000d44c                arm_core_mpu_disable
 .text.arm_core_mpu_configure_static_mpu_regions
                0x000000000000d460       0x14 zephyr/arch/arch/arm/core/mpu/libarch__arm__core__mpu.a(arm_mpu.c.obj)
                0x000000000000d460                arm_core_mpu_configure_static_mpu_regions
 .text.arm_core_mpu_configure_dynamic_mpu_regions
                0x000000000000d474       0x38 zephyr/arch/arch/arm/core/mpu/libarch__arm__core__mpu.a(arm_mpu.c.obj)
                0x000000000000d474                arm_core_mpu_configure_dynamic_mpu_regions
 .text.z_arm_mpu_init
                0x000000000000d4ac      0x17c zephyr/arch/arch/arm/core/mpu/libarch__arm__core__mpu.a(arm_mpu.c.obj)
                0x000000000000d4ac                z_arm_mpu_init
 .text.cbvprintf
                0x000000000000d628       0x38 zephyr/lib/libc/picolibc/liblib__libc__picolibc.a(cbprintf.c.obj)
                0x000000000000d628                cbvprintf
 .text.z_impl_zephyr_fputc
                0x000000000000d660       0x10 zephyr/lib/libc/picolibc/liblib__libc__picolibc.a(stdio.c.obj)
                0x000000000000d660                z_impl_zephyr_fputc
 .text.__stdout_hook_install
                0x000000000000d670       0x18 zephyr/lib/libc/picolibc/liblib__libc__picolibc.a(stdio.c.obj)
                0x000000000000d670                __stdout_hook_install
 .text.malloc_prepare
                0x000000000000d688       0x24 zephyr/lib/libc/common/liblib__libc__common.a(malloc.c.obj)
 .text.malloc_lock
                0x000000000000d6ac       0x14 zephyr/lib/libc/common/liblib__libc__common.a(malloc.c.obj)
 .text.malloc_unlock
                0x000000000000d6c0        0xc zephyr/lib/libc/common/liblib__libc__common.a(malloc.c.obj)
 .text.malloc   0x000000000000d6cc       0x34 zephyr/lib/libc/common/liblib__libc__common.a(malloc.c.obj)
                0x000000000000d6cc                malloc
 .text.nordicsemi_nrf52_init
                0x000000000000d700       0x18 zephyr/soc/soc/nrf52833/libsoc__nordic.a(soc.c.obj)
 .text.arch_busy_wait
                0x000000000000d718       0x14 zephyr/soc/soc/nrf52833/libsoc__nordic.a(soc.c.obj)
                0x000000000000d718                arch_busy_wait
 .text.onoff_stop
                0x000000000000d72c       0x30 zephyr/drivers/clock_control/libdrivers__clock_control.a(clock_control_nrf.c.obj)
 .text.onoff_start
                0x000000000000d75c       0x44 zephyr/drivers/clock_control/libdrivers__clock_control.a(clock_control_nrf.c.obj)
 .text.generic_hfclk_stop
                0x000000000000d7a0       0x34 zephyr/drivers/clock_control/libdrivers__clock_control.a(clock_control_nrf.c.obj)
 .text.clk_init
                0x000000000000d7d4       0x58 zephyr/drivers/clock_control/libdrivers__clock_control.a(clock_control_nrf.c.obj)
 .text.api_blocking_start
                0x000000000000d82c       0x34 zephyr/drivers/clock_control/libdrivers__clock_control.a(clock_control_nrf.c.obj)
 .text.clkstarted_handle.constprop.0
                0x000000000000d860       0x4c zephyr/drivers/clock_control/libdrivers__clock_control.a(clock_control_nrf.c.obj)
 .text.generic_hfclk_start
                0x000000000000d8ac       0x7c zephyr/drivers/clock_control/libdrivers__clock_control.a(clock_control_nrf.c.obj)
 .text.clock_event_handler
                0x000000000000d928       0x1c zephyr/drivers/clock_control/libdrivers__clock_control.a(clock_control_nrf.c.obj)
 .text.z_nrf_clock_control_lf_on
                0x000000000000d944       0xfc zephyr/drivers/clock_control/libdrivers__clock_control.a(clock_control_nrf.c.obj)
                0x000000000000d944                z_nrf_clock_control_lf_on
 .text.uart_console_init
                0x000000000000da40       0x28 zephyr/drivers/console/libdrivers__console.a(uart_console.c.obj)
 .text.console_out
                0x000000000000da68       0x28 zephyr/drivers/console/libdrivers__console.a(uart_console.c.obj)
 .text.gpio_nrfx_pin_interrupt_configure
                0x000000000000da90      0x11c zephyr/drivers/gpio/libdrivers__gpio.a(gpio_nrfx.c.obj)
 .text.nrfx_gpio_handler
                0x000000000000dbac       0x4c zephyr/drivers/gpio/libdrivers__gpio.a(gpio_nrfx.c.obj)
 .text.gpio_nrfx_init
                0x000000000000dbf8       0x48 zephyr/drivers/gpio/libdrivers__gpio.a(gpio_nrfx.c.obj)
 .text.gpio_nrfx_pin_configure
                0x000000000000dc40      0x18c zephyr/drivers/gpio/libdrivers__gpio.a(gpio_nrfx.c.obj)
 .text.nrf_gpio_pin_port_decode
                0x000000000000ddcc       0x20 zephyr/drivers/pinctrl/libdrivers__pinctrl.a(pinctrl_nrf.c.obj)
 .text.pinctrl_configure_pins
                0x000000000000ddec      0x138 zephyr/drivers/pinctrl/libdrivers__pinctrl.a(pinctrl_nrf.c.obj)
                0x000000000000ddec                pinctrl_configure_pins
 .text.uart_nrfx_poll_in
                0x000000000000df24       0x24 zephyr/drivers/serial/libdrivers__serial.a(uart_nrfx_uart.c.obj)
 .text.uart_nrfx_err_check
                0x000000000000df48       0x10 zephyr/drivers/serial/libdrivers__serial.a(uart_nrfx_uart.c.obj)
 .text.uart_nrfx_poll_out
                0x000000000000df58       0x7c zephyr/drivers/serial/libdrivers__serial.a(uart_nrfx_uart.c.obj)
 .text.uart_nrfx_init
                0x000000000000dfd4      0x1bc zephyr/drivers/serial/libdrivers__serial.a(uart_nrfx_uart.c.obj)
 .text.spi_nrfx_init
                0x000000000000e190      0x10c zephyr/drivers/spi/libdrivers__spi.a(spi_nrfx_spim.c.obj)
 .text.transfer_next_chunk
                0x000000000000e29c       0xd0 zephyr/drivers/spi/libdrivers__spi.a(spi_nrfx_spim.c.obj)
 .text.event_handler
                0x000000000000e36c       0xf0 zephyr/drivers/spi/libdrivers__spi.a(spi_nrfx_spim.c.obj)
 .text.spi_nrfx_transceive
                0x000000000000e45c      0x40c zephyr/drivers/spi/libdrivers__spi.a(spi_nrfx_spim.c.obj)
 .text.nrf_gpio_cfg_input
                0x000000000000e868       0x40 zephyr/drivers/spi/libdrivers__spi.a(spi_nrfx_common.c.obj)
 .text.spi_nrfx_wake_init
                0x000000000000e8a8       0x60 zephyr/drivers/spi/libdrivers__spi.a(spi_nrfx_common.c.obj)
                0x000000000000e8a8                spi_nrfx_wake_init
 .text.compare_int_lock
                0x000000000000e908       0x48 zephyr/drivers/timer/libdrivers__timer.a(nrf_rtc_timer.c.obj)
 .text.sys_clock_timeout_handler
                0x000000000000e950       0x48 zephyr/drivers/timer/libdrivers__timer.a(nrf_rtc_timer.c.obj)
 .text.compare_int_unlock
                0x000000000000e998       0x5c zephyr/drivers/timer/libdrivers__timer.a(nrf_rtc_timer.c.obj)
 .text.z_nrf_rtc_timer_read
                0x000000000000e9f4       0x44 zephyr/drivers/timer/libdrivers__timer.a(nrf_rtc_timer.c.obj)
                0x000000000000e9f4                z_nrf_rtc_timer_read
 .text.compare_set
                0x000000000000ea38      0x130 zephyr/drivers/timer/libdrivers__timer.a(nrf_rtc_timer.c.obj)
 .text.sys_clock_driver_init
                0x000000000000eb68       0x90 zephyr/drivers/timer/libdrivers__timer.a(nrf_rtc_timer.c.obj)
 .text.rtc_nrf_isr
                0x000000000000ebf8       0xd4 zephyr/drivers/timer/libdrivers__timer.a(nrf_rtc_timer.c.obj)
                0x000000000000ebf8                rtc_nrf_isr
 .text.sys_clock_set_timeout
                0x000000000000eccc       0x5c zephyr/drivers/timer/libdrivers__timer.a(nrf_rtc_timer.c.obj)
                0x000000000000eccc                sys_clock_set_timeout
 .text.sys_clock_elapsed
                0x000000000000ed28       0x14 zephyr/drivers/timer/libdrivers__timer.a(nrf_rtc_timer.c.obj)
                0x000000000000ed28                sys_clock_elapsed
 .text.nvmc_wait
                0x000000000000ed3c       0x10 modules/hal_nordic/modules/hal_nordic/nrfx/libmodules__hal_nordic__nrfx.a(system_nrf52833.c.obj)
                0x000000000000ed3c                nvmc_wait
 .text.SystemInit
                0x000000000000ed4c      0x160 modules/hal_nordic/modules/hal_nordic/nrfx/libmodules__hal_nordic__nrfx.a(system_nrf52833.c.obj)
                0x000000000000ed4c                SystemInit
 .text.nrfx_flag32_alloc
                0x000000000000eeac       0x48 modules/hal_nordic/modules/hal_nordic/nrfx/libmodules__hal_nordic__nrfx.a(nrfx_flag32_allocator.c.obj)
                0x000000000000eeac                nrfx_flag32_alloc
 .text.nrfx_flag32_free
                0x000000000000eef4       0x40 modules/hal_nordic/modules/hal_nordic/nrfx/libmodules__hal_nordic__nrfx.a(nrfx_flag32_allocator.c.obj)
                0x000000000000eef4                nrfx_flag32_free
 .text.nrfx_clock_init
                0x000000000000ef34       0x20 modules/hal_nordic/modules/hal_nordic/nrfx/libmodules__hal_nordic__nrfx.a(nrfx_clock.c.obj)
                0x000000000000ef34                nrfx_clock_init
 .text.nrfx_clock_enable
                0x000000000000ef54       0x24 modules/hal_nordic/modules/hal_nordic/nrfx/libmodules__hal_nordic__nrfx.a(nrfx_clock.c.obj)
                0x000000000000ef54                nrfx_clock_enable
 .text.nrfx_clock_start
                0x000000000000ef78       0xa8 modules/hal_nordic/modules/hal_nordic/nrfx/libmodules__hal_nordic__nrfx.a(nrfx_clock.c.obj)
                0x000000000000ef78                nrfx_clock_start
 .text.nrfx_power_clock_irq_handler
                0x000000000000f020       0x6c modules/hal_nordic/modules/hal_nordic/nrfx/libmodules__hal_nordic__nrfx.a(nrfx_clock.c.obj)
                0x000000000000f020                nrfx_power_clock_irq_handler
 .text.nrf_gpio_pin_port_decode
                0x000000000000f08c       0x20 modules/hal_nordic/modules/hal_nordic/nrfx/libmodules__hal_nordic__nrfx.a(nrfx_gpiote.c.obj)
 .text.get_pin_idx
                0x000000000000f0ac       0x14 modules/hal_nordic/modules/hal_nordic/nrfx/libmodules__hal_nordic__nrfx.a(nrfx_gpiote.c.obj)
 .text.call_handler.constprop.0
                0x000000000000f0c0       0x40 modules/hal_nordic/modules/hal_nordic/nrfx/libmodules__hal_nordic__nrfx.a(nrfx_gpiote.c.obj)
 .text.pin_te_get.constprop.0
                0x000000000000f100       0x18 modules/hal_nordic/modules/hal_nordic/nrfx/libmodules__hal_nordic__nrfx.a(nrfx_gpiote.c.obj)
 .text.pin_is_output.constprop.0
                0x000000000000f118       0x18 modules/hal_nordic/modules/hal_nordic/nrfx/libmodules__hal_nordic__nrfx.a(nrfx_gpiote.c.obj)
 .text.pin_in_use_by_te.constprop.0
                0x000000000000f130       0x18 modules/hal_nordic/modules/hal_nordic/nrfx/libmodules__hal_nordic__nrfx.a(nrfx_gpiote.c.obj)
 .text.latch_pending_read_and_check
                0x000000000000f148       0x40 modules/hal_nordic/modules/hal_nordic/nrfx/libmodules__hal_nordic__nrfx.a(nrfx_gpiote.c.obj)
 .text.release_handler.isra.0
                0x000000000000f188       0x58 modules/hal_nordic/modules/hal_nordic/nrfx/libmodules__hal_nordic__nrfx.a(nrfx_gpiote.c.obj)
 .text.__nrfy_internal_gpiote_events_process.constprop.0
                0x000000000000f1e0       0x5c modules/hal_nordic/modules/hal_nordic/nrfx/libmodules__hal_nordic__nrfx.a(nrfx_gpiote.c.obj)
 .text.pin_uninit
                0x000000000000f23c       0x80 modules/hal_nordic/modules/hal_nordic/nrfx/libmodules__hal_nordic__nrfx.a(nrfx_gpiote.c.obj)
 .text.nrfx_gpiote_input_configure
                0x000000000000f2bc      0x178 modules/hal_nordic/modules/hal_nordic/nrfx/libmodules__hal_nordic__nrfx.a(nrfx_gpiote.c.obj)
                0x000000000000f2bc                nrfx_gpiote_input_configure
 .text.nrfx_gpiote_output_configure
                0x000000000000f434       0xfc modules/hal_nordic/modules/hal_nordic/nrfx/libmodules__hal_nordic__nrfx.a(nrfx_gpiote.c.obj)
                0x000000000000f434                nrfx_gpiote_output_configure
 .text.nrfx_gpiote_global_callback_set
                0x000000000000f530        0xc modules/hal_nordic/modules/hal_nordic/nrfx/libmodules__hal_nordic__nrfx.a(nrfx_gpiote.c.obj)
                0x000000000000f530                nrfx_gpiote_global_callback_set
 .text.nrfx_gpiote_channel_get
                0x000000000000f53c       0x34 modules/hal_nordic/modules/hal_nordic/nrfx/libmodules__hal_nordic__nrfx.a(nrfx_gpiote.c.obj)
                0x000000000000f53c                nrfx_gpiote_channel_get
 .text.nrfx_gpiote_init
                0x000000000000f570       0x48 modules/hal_nordic/modules/hal_nordic/nrfx/libmodules__hal_nordic__nrfx.a(nrfx_gpiote.c.obj)
                0x000000000000f570                nrfx_gpiote_init
 .text.nrfx_gpiote_init_check
                0x000000000000f5b8       0x14 modules/hal_nordic/modules/hal_nordic/nrfx/libmodules__hal_nordic__nrfx.a(nrfx_gpiote.c.obj)
                0x000000000000f5b8                nrfx_gpiote_init_check
 .text.nrfx_gpiote_channel_free
                0x000000000000f5cc       0x10 modules/hal_nordic/modules/hal_nordic/nrfx/libmodules__hal_nordic__nrfx.a(nrfx_gpiote.c.obj)
                0x000000000000f5cc                nrfx_gpiote_channel_free
 .text.nrfx_gpiote_channel_alloc
                0x000000000000f5dc       0x10 modules/hal_nordic/modules/hal_nordic/nrfx/libmodules__hal_nordic__nrfx.a(nrfx_gpiote.c.obj)
                0x000000000000f5dc                nrfx_gpiote_channel_alloc
 .text.nrfx_gpiote_trigger_enable
                0x000000000000f5ec       0xa8 modules/hal_nordic/modules/hal_nordic/nrfx/libmodules__hal_nordic__nrfx.a(nrfx_gpiote.c.obj)
                0x000000000000f5ec                nrfx_gpiote_trigger_enable
 .text.nrfx_gpiote_0_irq_handler
                0x000000000000f694      0x1ac modules/hal_nordic/modules/hal_nordic/nrfx/libmodules__hal_nordic__nrfx.a(nrfx_gpiote.c.obj)
                0x000000000000f694                nrfx_gpiote_0_irq_handler
 .text.nrf_gpio_pin_port_decode
                0x000000000000f840       0x20 modules/hal_nordic/modules/hal_nordic/nrfx/libmodules__hal_nordic__nrfx.a(nrfx_spim.c.obj)
 .text.spim_frequency_valid_check.constprop.0
                0x000000000000f860       0x64 modules/hal_nordic/modules/hal_nordic/nrfx/libmodules__hal_nordic__nrfx.a(nrfx_spim.c.obj)
 .text.pin_init
                0x000000000000f8c4       0x50 modules/hal_nordic/modules/hal_nordic/nrfx/libmodules__hal_nordic__nrfx.a(nrfx_spim.c.obj)
 .text.spim_configure
                0x000000000000f914      0x22c modules/hal_nordic/modules/hal_nordic/nrfx/libmodules__hal_nordic__nrfx.a(nrfx_spim.c.obj)
 .text.spim_pin_uninit
                0x000000000000fb40       0x30 modules/hal_nordic/modules/hal_nordic/nrfx/libmodules__hal_nordic__nrfx.a(nrfx_spim.c.obj)
 .text.nrfx_spim_init
                0x000000000000fb70       0x68 modules/hal_nordic/modules/hal_nordic/nrfx/libmodules__hal_nordic__nrfx.a(nrfx_spim.c.obj)
                0x000000000000fb70                nrfx_spim_init
 .text.nrfx_spim_uninit
                0x000000000000fbd8       0x8c modules/hal_nordic/modules/hal_nordic/nrfx/libmodules__hal_nordic__nrfx.a(nrfx_spim.c.obj)
                0x000000000000fbd8                nrfx_spim_uninit
 .text.nrfx_spim_xfer
                0x000000000000fc64      0x16c modules/hal_nordic/modules/hal_nordic/nrfx/libmodules__hal_nordic__nrfx.a(nrfx_spim.c.obj)
                0x000000000000fc64                nrfx_spim_xfer
 .text.nrfx_spim_3_irq_handler
                0x000000000000fdd0       0x54 modules/hal_nordic/modules/hal_nordic/nrfx/libmodules__hal_nordic__nrfx.a(nrfx_spim.c.obj)
                0x000000000000fdd0                nrfx_spim_3_irq_handler
 .text.k_sys_fatal_error_handler
                0x000000000000fe24       0x2c zephyr/kernel/libkernel.a(fatal.c.obj)
                0x000000000000fe24                k_sys_fatal_error_handler
 .text.z_fatal_error
                0x000000000000fe50       0xcc zephyr/kernel/libkernel.a(fatal.c.obj)
                0x000000000000fe50                z_fatal_error
 .text.z_sys_init_run_level
                0x000000000000ff1c       0x30 zephyr/kernel/libkernel.a(init.c.obj)
 .text.bg_thread_main
                0x000000000000ff4c       0xc0 zephyr/kernel/libkernel.a(init.c.obj)
 .text.z_bss_zero
                0x000000000001000c       0x18 zephyr/kernel/libkernel.a(init.c.obj)
                0x000000000001000c                z_bss_zero
 .text.z_init_cpu
                0x0000000000010024       0x74 zephyr/kernel/libkernel.a(init.c.obj)
                0x0000000000010024                z_init_cpu
 .text.z_cstart
                0x0000000000010098       0xd4 zephyr/kernel/libkernel.a(init.c.obj)
                0x0000000000010098                z_cstart
 .text.z_impl_k_mutex_lock
                0x000000000001016c       0xf0 zephyr/kernel/libkernel.a(mutex.c.obj)
                0x000000000001016c                z_impl_k_mutex_lock
 .text.z_impl_k_mutex_unlock
                0x000000000001025c       0xa0 zephyr/kernel/libkernel.a(mutex.c.obj)
                0x000000000001025c                z_impl_k_mutex_unlock
 .text.z_impl_k_sem_give
                0x00000000000102fc       0x68 zephyr/kernel/libkernel.a(sem.c.obj)
                0x00000000000102fc                z_impl_k_sem_give
 .text.z_impl_k_sem_take
                0x0000000000010364       0x4c zephyr/kernel/libkernel.a(sem.c.obj)
                0x0000000000010364                z_impl_k_sem_take
 .text.z_impl_k_sem_reset
                0x00000000000103b0       0x74 zephyr/kernel/libkernel.a(sem.c.obj)
                0x00000000000103b0                z_impl_k_sem_reset
 .text.work_queue_main
                0x0000000000010424      0x14c zephyr/kernel/libkernel.a(work.c.obj)
 .text.k_work_queue_start
                0x0000000000010570       0x80 zephyr/kernel/libkernel.a(work.c.obj)
                0x0000000000010570                k_work_queue_start
 .text.z_impl_k_thread_name_set
                0x00000000000105f0       0x20 zephyr/kernel/libkernel.a(thread.c.obj)
                0x00000000000105f0                z_impl_k_thread_name_set
 .text.z_setup_new_thread
                0x0000000000010610       0xec zephyr/kernel/libkernel.a(thread.c.obj)
                0x0000000000010610                z_setup_new_thread
 .text.z_impl_k_thread_create
                0x00000000000106fc       0x58 zephyr/kernel/libkernel.a(thread.c.obj)
                0x00000000000106fc                z_impl_k_thread_create
 .text.z_dummy_thread_init
                0x0000000000010754       0x20 zephyr/kernel/libkernel.a(thread.c.obj)
                0x0000000000010754                z_dummy_thread_init
 .text.z_swap_irqlock
                0x0000000000010774       0x34 zephyr/kernel/libkernel.a(sched.c.obj)
 .text.ready_thread
                0x00000000000107a8       0x84 zephyr/kernel/libkernel.a(sched.c.obj)
 .text.unready_thread
                0x000000000001082c       0x54 zephyr/kernel/libkernel.a(sched.c.obj)
 .text.add_thread_timeout
                0x0000000000010880       0x1c zephyr/kernel/libkernel.a(sched.c.obj)
 .text.move_thread_to_end_of_prio_q
                0x000000000001089c       0x90 zephyr/kernel/libkernel.a(sched.c.obj)
                0x000000000001089c                move_thread_to_end_of_prio_q
 .text.z_pend_curr
                0x000000000001092c       0x44 zephyr/kernel/libkernel.a(sched.c.obj)
                0x000000000001092c                z_pend_curr
 .text.z_thread_prio_set
                0x0000000000010970       0xe4 zephyr/kernel/libkernel.a(sched.c.obj)
                0x0000000000010970                z_thread_prio_set
 .text.z_reschedule
                0x0000000000010a54       0x24 zephyr/kernel/libkernel.a(sched.c.obj)
                0x0000000000010a54                z_reschedule
 .text.z_reschedule_irqlock
                0x0000000000010a78       0x28 zephyr/kernel/libkernel.a(sched.c.obj)
                0x0000000000010a78                z_reschedule_irqlock
 .text.k_sched_lock
                0x0000000000010aa0       0x28 zephyr/kernel/libkernel.a(sched.c.obj)
                0x0000000000010aa0                k_sched_lock
 .text.k_sched_unlock
                0x0000000000010ac8       0x68 zephyr/kernel/libkernel.a(sched.c.obj)
                0x0000000000010ac8                k_sched_unlock
 .text.z_sched_init
                0x0000000000010b30       0x10 zephyr/kernel/libkernel.a(sched.c.obj)
                0x0000000000010b30                z_sched_init
 .text.z_impl_k_yield
                0x0000000000010b40       0x88 zephyr/kernel/libkernel.a(sched.c.obj)
                0x0000000000010b40                z_impl_k_yield
 .text.z_tick_sleep
                0x0000000000010bc8       0x78 zephyr/kernel/libkernel.a(sched.c.obj)
 .text.z_impl_k_usleep
                0x0000000000010c40       0x3c zephyr/kernel/libkernel.a(sched.c.obj)
                0x0000000000010c40                z_impl_k_usleep
 .text.z_impl_k_wakeup
                0x0000000000010c7c       0x48 zephyr/kernel/libkernel.a(sched.c.obj)
                0x0000000000010c7c                z_impl_k_wakeup
 .text.z_impl_k_sched_current_thread_query
                0x0000000000010cc4        0xc zephyr/kernel/libkernel.a(sched.c.obj)
                0x0000000000010cc4                z_impl_k_sched_current_thread_query
 .text.z_thread_abort
                0x0000000000010cd0      0x144 zephyr/kernel/libkernel.a(sched.c.obj)
                0x0000000000010cd0                z_thread_abort
 .text.z_sched_wait
                0x0000000000010e14       0x24 zephyr/kernel/libkernel.a(sched.c.obj)
                0x0000000000010e14                z_sched_wait
 .text.slice_timeout
                0x0000000000010e38       0x20 zephyr/kernel/libkernel.a(timeslicing.c.obj)
 .text.thread_is_sliceable
                0x0000000000010e58       0x3c zephyr/kernel/libkernel.a(timeslicing.c.obj)
                0x0000000000010e58                thread_is_sliceable
 .text.z_reset_time_slice
                0x0000000000010e94       0x50 zephyr/kernel/libkernel.a(timeslicing.c.obj)
                0x0000000000010e94                z_reset_time_slice
 .text.z_time_slice
                0x0000000000010ee4       0x60 zephyr/kernel/libkernel.a(timeslicing.c.obj)
                0x0000000000010ee4                z_time_slice
 .text.z_thread_monitor_exit
                0x0000000000010f44       0x3c zephyr/kernel/libkernel.a(thread_monitor.c.obj)
                0x0000000000010f44                z_thread_monitor_exit
 .text.z_data_copy
                0x0000000000010f80       0x38 zephyr/kernel/libkernel.a(xip.c.obj)
                0x0000000000010f80                z_data_copy
 .text.first    0x0000000000010fb8       0x10 zephyr/kernel/libkernel.a(timeout.c.obj)
 .text.elapsed  0x0000000000010fc8       0x14 zephyr/kernel/libkernel.a(timeout.c.obj)
 .text.remove_timeout
                0x0000000000010fdc       0x38 zephyr/kernel/libkernel.a(timeout.c.obj)
 .text.z_add_timeout
                0x0000000000011014      0x124 zephyr/kernel/libkernel.a(timeout.c.obj)
                0x0000000000011014                z_add_timeout
 .text.sys_clock_announce
                0x0000000000011138       0xb4 zephyr/kernel/libkernel.a(timeout.c.obj)
                0x0000000000011138                sys_clock_announce
 .text.sys_clock_tick_get
                0x00000000000111ec       0x30 zephyr/kernel/libkernel.a(timeout.c.obj)
                0x00000000000111ec                sys_clock_tick_get
 .text.k_thread_system_pool_assign
                0x000000000001121c        0xc zephyr/kernel/libkernel.a(mempool.c.obj)
                0x000000000001121c                k_thread_system_pool_assign
 .text.statics_init
                0x0000000000011228       0x24 zephyr/kernel/libkernel.a(kheap.c.obj)
 .text.k_sys_work_q_init
                0x000000000001124c       0x2c zephyr/kernel/libkernel.a(system_work_q.c.obj)
 .text.skip_to_arg
                0x0000000000011278      0x138 /home/lakshya/ncs/toolchains/c5be9c56c7/opt/zephyr-sdk/arm-zephyr-eabi/bin/../lib/gcc/../../picolibc/arm-zephyr-eabi/lib/thumb/v7e-m+fp/hard/libc.a(libc_tinystdio_vfprintf.c.o)
 .text.vfprintf
                0x00000000000113b0      0x9bc /home/lakshya/ncs/toolchains/c5be9c56c7/opt/zephyr-sdk/arm-zephyr-eabi/bin/../lib/gcc/../../picolibc/arm-zephyr-eabi/lib/thumb/v7e-m+fp/hard/libc.a(libc_tinystdio_vfprintf.c.o)
                0x00000000000113b0                __d_vfprintf
 .text.div10    0x0000000000011d6c       0x28 /home/lakshya/ncs/toolchains/c5be9c56c7/opt/zephyr-sdk/arm-zephyr-eabi/bin/../lib/gcc/../../picolibc/arm-zephyr-eabi/lib/thumb/v7e-m+fp/hard/libc.a(libc_tinystdio_dtoa_ryu.c.o)
 .text.__dtoa_engine
                0x0000000000011d94      0x4b0 /home/lakshya/ncs/toolchains/c5be9c56c7/opt/zephyr-sdk/arm-zephyr-eabi/bin/../lib/gcc/../../picolibc/arm-zephyr-eabi/lib/thumb/v7e-m+fp/hard/libc.a(libc_tinystdio_dtoa_ryu.c.o)
                0x0000000000011d94                __dtoa_engine
 .text.__log10Pow2
                0x0000000000012244        0xc /home/lakshya/ncs/toolchains/c5be9c56c7/opt/zephyr-sdk/arm-zephyr-eabi/bin/../lib/gcc/../../picolibc/arm-zephyr-eabi/lib/thumb/v7e-m+fp/hard/libc.a(libc_tinystdio_ryu_log10.c.o)
                0x0000000000012244                __log10Pow2
 .text.__log10Pow5
                0x0000000000012250        0xc /home/lakshya/ncs/toolchains/c5be9c56c7/opt/zephyr-sdk/arm-zephyr-eabi/bin/../lib/gcc/../../picolibc/arm-zephyr-eabi/lib/thumb/v7e-m+fp/hard/libc.a(libc_tinystdio_ryu_log10.c.o)
                0x0000000000012250                __log10Pow5
 .text.__pow5bits
                0x000000000001225c       0x10 /home/lakshya/ncs/toolchains/c5be9c56c7/opt/zephyr-sdk/arm-zephyr-eabi/bin/../lib/gcc/../../picolibc/arm-zephyr-eabi/lib/thumb/v7e-m+fp/hard/libc.a(libc_tinystdio_ryu_pow5bits.c.o)
                0x000000000001225c                __pow5bits
 .text.__pow5Factor
                0x000000000001226c       0x30 /home/lakshya/ncs/toolchains/c5be9c56c7/opt/zephyr-sdk/arm-zephyr-eabi/bin/../lib/gcc/../../picolibc/arm-zephyr-eabi/lib/thumb/v7e-m+fp/hard/libc.a(libc_tinystdio_ryu_table.c.o)
                0x000000000001226c                __pow5Factor
 .text.__double_computePow5
                0x000000000001229c       0xe8 /home/lakshya/ncs/toolchains/c5be9c56c7/opt/zephyr-sdk/arm-zephyr-eabi/bin/../lib/gcc/../../picolibc/arm-zephyr-eabi/lib/thumb/v7e-m+fp/hard/libc.a(libc_tinystdio_ryu_table.c.o)
                0x000000000001229c                __double_computePow5
 .text.__double_computeInvPow5
                0x0000000000012384       0xf8 /home/lakshya/ncs/toolchains/c5be9c56c7/opt/zephyr-sdk/arm-zephyr-eabi/bin/../lib/gcc/../../picolibc/arm-zephyr-eabi/lib/thumb/v7e-m+fp/hard/libc.a(libc_tinystdio_ryu_table.c.o)
                0x0000000000012384                __double_computeInvPow5
 .text.interface_tx_frame
                0x000000000001247c       0x92 /home/lakshya/zephyr-dw3001cdk-tdoa/drivers/dw3000/lib/libdwt_uwb_driver-m4-hfp-6.0.14.a(deca_interface.c.obj)
                0x000000000001247c                interface_tx_frame
 .text.interface_get_timestamp
                0x000000000001250e       0x22 /home/lakshya/zephyr-dw3001cdk-tdoa/drivers/dw3000/lib/libdwt_uwb_driver-m4-hfp-6.0.14.a(deca_interface.c.obj)
                0x000000000001250e                interface_get_timestamp
 .text.interface_rx_disable
                0x0000000000012530       0x12 /home/lakshya/zephyr-dw3001cdk-tdoa/drivers/dw3000/lib/libdwt_uwb_driver-m4-hfp-6.0.14.a(deca_interface.c.obj)
                0x0000000000012530                interface_rx_disable
 .text.interface_read_rx_frame
                0x0000000000012542       0x20 /home/lakshya/zephyr-dw3001cdk-tdoa/drivers/dw3000/lib/libdwt_uwb_driver-m4-hfp-6.0.14.a(deca_interface.c.obj)
                0x0000000000012542                interface_read_rx_frame
 .text._deinit  0x0000000000012562        0x2 /home/lakshya/zephyr-dw3001cdk-tdoa/drivers/dw3000/lib/libdwt_uwb_driver-m4-hfp-6.0.14.a(dw3000_device.c.obj)
 .text.dwt_xfer3xxx
                0x0000000000012564      0x106 /home/lakshya/zephyr-dw3001cdk-tdoa/drivers/dw3000/lib/libdwt_uwb_driver-m4-hfp-6.0.14.a(dw3000_device.c.obj)
 .text.dwt_readfromdevice
                0x000000000001266a       0x14 /home/lakshya/zephyr-dw3001cdk-tdoa/drivers/dw3000/lib/libdwt_uwb_driver-m4-hfp-6.0.14.a(dw3000_device.c.obj)
 .text.dwt_read32bitoffsetreg
                0x000000000001267e       0x2c /home/lakshya/zephyr-dw3001cdk-tdoa/drivers/dw3000/lib/libdwt_uwb_driver-m4-hfp-6.0.14.a(dw3000_device.c.obj)
 .text.dwt_read16bitoffsetreg
                0x00000000000126aa       0x24 /home/lakshya/zephyr-dw3001cdk-tdoa/drivers/dw3000/lib/libdwt_uwb_driver-m4-hfp-6.0.14.a(dw3000_device.c.obj)
 .text.dwt_read8bitoffsetreg
                0x00000000000126ce       0x1c /home/lakshya/zephyr-dw3001cdk-tdoa/drivers/dw3000/lib/libdwt_uwb_driver-m4-hfp-6.0.14.a(dw3000_device.c.obj)
 .text.ull_readdiagnostics
                0x00000000000126ea      0x718 /home/lakshya/zephyr-dw3001cdk-tdoa/drivers/dw3000/lib/libdwt_uwb_driver-m4-hfp-6.0.14.a(dw3000_device.c.obj)
 .text.dwt_writetodevice
                0x0000000000012e02       0x16 /home/lakshya/zephyr-dw3001cdk-tdoa/drivers/dw3000/lib/libdwt_uwb_driver-m4-hfp-6.0.14.a(dw3000_device.c.obj)
 .text.dwt_write8bitoffsetreg
                0x0000000000012e18       0x18 /home/lakshya/zephyr-dw3001cdk-tdoa/drivers/dw3000/lib/libdwt_uwb_driver-m4-hfp-6.0.14.a(dw3000_device.c.obj)
 .text.ull_configeventcounters
                0x0000000000012e30       0x26 /home/lakshya/zephyr-dw3001cdk-tdoa/drivers/dw3000/lib/libdwt_uwb_driver-m4-hfp-6.0.14.a(dw3000_device.c.obj)
 .text.dwt_write16bitoffsetreg
                0x0000000000012e56       0x20 /home/lakshya/zephyr-dw3001cdk-tdoa/drivers/dw3000/lib/libdwt_uwb_driver-m4-hfp-6.0.14.a(dw3000_device.c.obj)
 .text.__dwt_otp_write_wdata_id_reg
                0x0000000000012e76       0x26 /home/lakshya/zephyr-dw3001cdk-tdoa/drivers/dw3000/lib/libdwt_uwb_driver-m4-hfp-6.0.14.a(dw3000_device.c.obj)
 .text.ull_signal_rx_buff_free
                0x0000000000012e9c       0x24 /home/lakshya/zephyr-dw3001cdk-tdoa/drivers/dw3000/lib/libdwt_uwb_driver-m4-hfp-6.0.14.a(dw3000_device.c.obj)
 .text.dwt_write32bitoffsetreg
                0x0000000000012ec0       0x2a /home/lakshya/zephyr-dw3001cdk-tdoa/drivers/dw3000/lib/libdwt_uwb_driver-m4-hfp-6.0.14.a(dw3000_device.c.obj)
 .text.ull_rxenable
                0x0000000000012eea       0xc8 /home/lakshya/zephyr-dw3001cdk-tdoa/drivers/dw3000/lib/libdwt_uwb_driver-m4-hfp-6.0.14.a(dw3000_device.c.obj)
 .text.dwt_modify32bitoffsetreg
                0x0000000000012fb2       0x48 /home/lakshya/zephyr-dw3001cdk-tdoa/drivers/dw3000/lib/libdwt_uwb_driver-m4-hfp-6.0.14.a(dw3000_device.c.obj)
 .text.ull_setgpiomode
                0x0000000000012ffa       0x3c /home/lakshya/zephyr-dw3001cdk-tdoa/drivers/dw3000/lib/libdwt_uwb_driver-m4-hfp-6.0.14.a(dw3000_device.c.obj)
 .text.ull_setinterrupt
                0x0000000000013036       0xb2 /home/lakshya/zephyr-dw3001cdk-tdoa/drivers/dw3000/lib/libdwt_uwb_driver-m4-hfp-6.0.14.a(dw3000_device.c.obj)
 .text.prs_sys_status_and_or
                0x00000000000130e8       0x18 /home/lakshya/zephyr-dw3001cdk-tdoa/drivers/dw3000/lib/libdwt_uwb_driver-m4-hfp-6.0.14.a(dw3000_device.c.obj)
 .text.dwt_modify8bitoffsetreg
                0x0000000000013100       0x28 /home/lakshya/zephyr-dw3001cdk-tdoa/drivers/dw3000/lib/libdwt_uwb_driver-m4-hfp-6.0.14.a(dw3000_device.c.obj)
 .text.ull_configureframefilter
                0x0000000000013128       0x46 /home/lakshya/zephyr-dw3001cdk-tdoa/drivers/dw3000/lib/libdwt_uwb_driver-m4-hfp-6.0.14.a(dw3000_device.c.obj)
 .text.prs_ack_enable
                0x000000000001316e       0x20 /home/lakshya/zephyr-dw3001cdk-tdoa/drivers/dw3000/lib/libdwt_uwb_driver-m4-hfp-6.0.14.a(dw3000_device.c.obj)
 .text.dwt_modify16bitoffsetreg
                0x000000000001318e       0x32 /home/lakshya/zephyr-dw3001cdk-tdoa/drivers/dw3000/lib/libdwt_uwb_driver-m4-hfp-6.0.14.a(dw3000_device.c.obj)
 .text._deinit  0x00000000000131c0        0x2 /home/lakshya/zephyr-dw3001cdk-tdoa/drivers/dw3000/lib/libdwt_uwb_driver-m4-hfp-6.0.14.a(dw3700_device.c.obj)
 .text.dwt_xfer3xxx
                0x00000000000131c2       0xfc /home/lakshya/zephyr-dw3001cdk-tdoa/drivers/dw3000/lib/libdwt_uwb_driver-m4-hfp-6.0.14.a(dw3700_device.c.obj)
 .text.dwt_readfromdevice
                0x00000000000132be       0x14 /home/lakshya/zephyr-dw3001cdk-tdoa/drivers/dw3000/lib/libdwt_uwb_driver-m4-hfp-6.0.14.a(dw3700_device.c.obj)
 .text.dwt_read32bitoffsetreg
                0x00000000000132d2       0x2c /home/lakshya/zephyr-dw3001cdk-tdoa/drivers/dw3000/lib/libdwt_uwb_driver-m4-hfp-6.0.14.a(dw3700_device.c.obj)
 .text.dwt_read16bitoffsetreg
                0x00000000000132fe       0x24 /home/lakshya/zephyr-dw3001cdk-tdoa/drivers/dw3000/lib/libdwt_uwb_driver-m4-hfp-6.0.14.a(dw3700_device.c.obj)
 .text.dwt_read8bitoffsetreg
                0x0000000000013322       0x1c /home/lakshya/zephyr-dw3001cdk-tdoa/drivers/dw3000/lib/libdwt_uwb_driver-m4-hfp-6.0.14.a(dw3700_device.c.obj)
 .text.ull_readdiagnostics
                0x000000000001333e      0x768 /home/lakshya/zephyr-dw3001cdk-tdoa/drivers/dw3000/lib/libdwt_uwb_driver-m4-hfp-6.0.14.a(dw3700_device.c.obj)
 .text.dwt_writetodevice
                0x0000000000013aa6       0x16 /home/lakshya/zephyr-dw3001cdk-tdoa/drivers/dw3000/lib/libdwt_uwb_driver-m4-hfp-6.0.14.a(dw3700_device.c.obj)
 .text.dwt_write16bitoffsetreg
                0x0000000000013abc       0x20 /home/lakshya/zephyr-dw3001cdk-tdoa/drivers/dw3000/lib/libdwt_uwb_driver-m4-hfp-6.0.14.a(dw3700_device.c.obj)
 .text.__dwt_otp_write_wdata_id_reg
                0x0000000000013adc       0x26 /home/lakshya/zephyr-dw3001cdk-tdoa/drivers/dw3000/lib/libdwt_uwb_driver-m4-hfp-6.0.14.a(dw3700_device.c.obj)
 .text.dwt_write32bitoffsetreg
                0x0000000000013b02       0x2a /home/lakshya/zephyr-dw3001cdk-tdoa/drivers/dw3000/lib/libdwt_uwb_driver-m4-hfp-6.0.14.a(dw3700_device.c.obj)
 .text._dwt_adjust_delaytime
                0x0000000000013b2c       0x4c /home/lakshya/zephyr-dw3001cdk-tdoa/drivers/dw3000/lib/libdwt_uwb_driver-m4-hfp-6.0.14.a(dw3700_device.c.obj)
 .text.ull_setrxaftertxdelay
                0x0000000000013b78       0x28 /home/lakshya/zephyr-dw3001cdk-tdoa/drivers/dw3000/lib/libdwt_uwb_driver-m4-hfp-6.0.14.a(dw3700_device.c.obj)
 .text.ull_setlnapamode
                0x0000000000013ba0       0x40 /home/lakshya/zephyr-dw3001cdk-tdoa/drivers/dw3000/lib/libdwt_uwb_driver-m4-hfp-6.0.14.a(dw3700_device.c.obj)
 .text.dwt_write8bitoffsetreg
                0x0000000000013be0       0x18 /home/lakshya/zephyr-dw3001cdk-tdoa/drivers/dw3000/lib/libdwt_uwb_driver-m4-hfp-6.0.14.a(dw3700_device.c.obj)
 .text.ull_configeventcounters
                0x0000000000013bf8       0x26 /home/lakshya/zephyr-dw3001cdk-tdoa/drivers/dw3000/lib/libdwt_uwb_driver-m4-hfp-6.0.14.a(dw3700_device.c.obj)
 .text.ull_signal_rx_buff_free
                0x0000000000013c1e       0x28 /home/lakshya/zephyr-dw3001cdk-tdoa/drivers/dw3000/lib/libdwt_uwb_driver-m4-hfp-6.0.14.a(dw3700_device.c.obj)
 .text.dwt_modify32bitoffsetreg
                0x0000000000013c46       0x48 /home/lakshya/zephyr-dw3001cdk-tdoa/drivers/dw3000/lib/libdwt_uwb_driver-m4-hfp-6.0.14.a(dw3700_device.c.obj)
 .text.ull_setgpiomode
                0x0000000000013c8e       0x3c /home/lakshya/zephyr-dw3001cdk-tdoa/drivers/dw3000/lib/libdwt_uwb_driver-m4-hfp-6.0.14.a(dw3700_device.c.obj)
 .text.prs_sys_status_and_or
                0x0000000000013cca       0x18 /home/lakshya/zephyr-dw3001cdk-tdoa/drivers/dw3000/lib/libdwt_uwb_driver-m4-hfp-6.0.14.a(dw3700_device.c.obj)
 .text.dwt_modify8bitoffsetreg
                0x0000000000013ce2       0x28 /home/lakshya/zephyr-dw3001cdk-tdoa/drivers/dw3000/lib/libdwt_uwb_driver-m4-hfp-6.0.14.a(dw3700_device.c.obj)
 .text.ull_configureframefilter
                0x0000000000013d0a       0x46 /home/lakshya/zephyr-dw3001cdk-tdoa/drivers/dw3000/lib/libdwt_uwb_driver-m4-hfp-6.0.14.a(dw3700_device.c.obj)
 .text.ull_setinterrupt
                0x0000000000013d50       0xd8 /home/lakshya/zephyr-dw3001cdk-tdoa/drivers/dw3000/lib/libdwt_uwb_driver-m4-hfp-6.0.14.a(dw3700_device.c.obj)
 .text.prs_ack_enable
                0x0000000000013e28       0x20 /home/lakshya/zephyr-dw3001cdk-tdoa/drivers/dw3000/lib/libdwt_uwb_driver-m4-hfp-6.0.14.a(dw3700_device.c.obj)
 .text.dwt_modify16bitoffsetreg
                0x0000000000013e48       0x32 /home/lakshya/zephyr-dw3001cdk-tdoa/drivers/dw3000/lib/libdwt_uwb_driver-m4-hfp-6.0.14.a(dw3700_device.c.obj)
 .text.ull_rxenable
                0x0000000000013e7a       0xe0 /home/lakshya/zephyr-dw3001cdk-tdoa/drivers/dw3000/lib/libdwt_uwb_driver-m4-hfp-6.0.14.a(dw3700_device.c.obj)
 .text.ull_softreset_no_sema_fcmd
                0x0000000000013f5a       0x28 /home/lakshya/zephyr-dw3001cdk-tdoa/drivers/dw3000/lib/libdwt_uwb_driver-m4-hfp-6.0.14.a(dw3700_device.c.obj)
 .text.ull_softreset_fcmd
                0x0000000000013f82       0x28 /home/lakshya/zephyr-dw3001cdk-tdoa/drivers/dw3000/lib/libdwt_uwb_driver-m4-hfp-6.0.14.a(dw3700_device.c.obj)
 .text.ull_wakeup_ic
                0x0000000000013faa        0x8 /home/lakshya/zephyr-dw3001cdk-tdoa/drivers/dw3000/lib/libdwt_uwb_driver-m4-hfp-6.0.14.a(dw3720_device.c.obj)
 .text.get_sts_mnth
                0x0000000000013fb2       0x28 /home/lakshya/zephyr-dw3001cdk-tdoa/drivers/dw3000/lib/libdwt_uwb_driver-m4-hfp-6.0.14.a(dw3720_device.c.obj)
 .text._deinit  0x0000000000013fda        0x2 /home/lakshya/zephyr-dw3001cdk-tdoa/drivers/dw3000/lib/libdwt_uwb_driver-m4-hfp-6.0.14.a(dw3720_device.c.obj)
 .text.dwt_xfer3xxx
                0x0000000000013fdc       0xfc /home/lakshya/zephyr-dw3001cdk-tdoa/drivers/dw3000/lib/libdwt_uwb_driver-m4-hfp-6.0.14.a(dw3720_device.c.obj)
 .text.dwt_readfromdevice
                0x00000000000140d8       0x14 /home/lakshya/zephyr-dw3001cdk-tdoa/drivers/dw3000/lib/libdwt_uwb_driver-m4-hfp-6.0.14.a(dw3720_device.c.obj)
 .text.dwt_read32bitoffsetreg
                0x00000000000140ec       0x2c /home/lakshya/zephyr-dw3001cdk-tdoa/drivers/dw3000/lib/libdwt_uwb_driver-m4-hfp-6.0.14.a(dw3720_device.c.obj)
 .text.dwt_read16bitoffsetreg
                0x0000000000014118       0x24 /home/lakshya/zephyr-dw3001cdk-tdoa/drivers/dw3000/lib/libdwt_uwb_driver-m4-hfp-6.0.14.a(dw3720_device.c.obj)
 .text.ull_getrxantennadelay
                0x000000000001413c        0xe /home/lakshya/zephyr-dw3001cdk-tdoa/drivers/dw3000/lib/libdwt_uwb_driver-m4-hfp-6.0.14.a(dw3720_device.c.obj)
 .text.ull_gettxantennadelay
                0x000000000001414a        0xc /home/lakshya/zephyr-dw3001cdk-tdoa/drivers/dw3000/lib/libdwt_uwb_driver-m4-hfp-6.0.14.a(dw3720_device.c.obj)
 .text.dwt_read8bitoffsetreg
                0x0000000000014156       0x1c /home/lakshya/zephyr-dw3001cdk-tdoa/drivers/dw3000/lib/libdwt_uwb_driver-m4-hfp-6.0.14.a(dw3720_device.c.obj)
 .text.ull_readdiagnostics
                0x0000000000014172      0x786 /home/lakshya/zephyr-dw3001cdk-tdoa/drivers/dw3000/lib/libdwt_uwb_driver-m4-hfp-6.0.14.a(dw3720_device.c.obj)
 .text.dwt_writetodevice
                0x00000000000148f8       0x16 /home/lakshya/zephyr-dw3001cdk-tdoa/drivers/dw3000/lib/libdwt_uwb_driver-m4-hfp-6.0.14.a(dw3720_device.c.obj)
 .text.dwt_write16bitoffsetreg
                0x000000000001490e       0x20 /home/lakshya/zephyr-dw3001cdk-tdoa/drivers/dw3000/lib/libdwt_uwb_driver-m4-hfp-6.0.14.a(dw3720_device.c.obj)
 .text.ull_setrxantennadelay
                0x000000000001492e       0x10 /home/lakshya/zephyr-dw3001cdk-tdoa/drivers/dw3000/lib/libdwt_uwb_driver-m4-hfp-6.0.14.a(dw3720_device.c.obj)
 .text.ull_settxantennadelay
                0x000000000001493e        0xe /home/lakshya/zephyr-dw3001cdk-tdoa/drivers/dw3000/lib/libdwt_uwb_driver-m4-hfp-6.0.14.a(dw3720_device.c.obj)
 .text.__dwt_otp_write_wdata_id_reg
                0x000000000001494c       0x26 /home/lakshya/zephyr-dw3001cdk-tdoa/drivers/dw3000/lib/libdwt_uwb_driver-m4-hfp-6.0.14.a(dw3720_device.c.obj)
 .text.dwt_write32bitoffsetreg
                0x0000000000014972       0x2a /home/lakshya/zephyr-dw3001cdk-tdoa/drivers/dw3000/lib/libdwt_uwb_driver-m4-hfp-6.0.14.a(dw3720_device.c.obj)
 .text._dwt_adjust_delaytime
                0x000000000001499c       0x4c /home/lakshya/zephyr-dw3001cdk-tdoa/drivers/dw3000/lib/libdwt_uwb_driver-m4-hfp-6.0.14.a(dw3720_device.c.obj)
 .text.ull_setrxaftertxdelay
                0x00000000000149e8       0x28 /home/lakshya/zephyr-dw3001cdk-tdoa/drivers/dw3000/lib/libdwt_uwb_driver-m4-hfp-6.0.14.a(dw3720_device.c.obj)
 .text.ull_setlnapamode
                0x0000000000014a10       0x40 /home/lakshya/zephyr-dw3001cdk-tdoa/drivers/dw3000/lib/libdwt_uwb_driver-m4-hfp-6.0.14.a(dw3720_device.c.obj)
 .text.dwt_write8bitoffsetreg
                0x0000000000014a50       0x18 /home/lakshya/zephyr-dw3001cdk-tdoa/drivers/dw3000/lib/libdwt_uwb_driver-m4-hfp-6.0.14.a(dw3720_device.c.obj)
 .text.ull_configeventcounters
                0x0000000000014a68       0x26 /home/lakshya/zephyr-dw3001cdk-tdoa/drivers/dw3000/lib/libdwt_uwb_driver-m4-hfp-6.0.14.a(dw3720_device.c.obj)
 .text.ull_setplenfine
                0x0000000000014a8e        0xe /home/lakshya/zephyr-dw3001cdk-tdoa/drivers/dw3000/lib/libdwt_uwb_driver-m4-hfp-6.0.14.a(dw3720_device.c.obj)
 .text.ull_signal_rx_buff_free
                0x0000000000014a9c       0x28 /home/lakshya/zephyr-dw3001cdk-tdoa/drivers/dw3000/lib/libdwt_uwb_driver-m4-hfp-6.0.14.a(dw3720_device.c.obj)
 .text.dwt_modify32bitoffsetreg
                0x0000000000014ac4       0x48 /home/lakshya/zephyr-dw3001cdk-tdoa/drivers/dw3000/lib/libdwt_uwb_driver-m4-hfp-6.0.14.a(dw3720_device.c.obj)
 .text.ull_setgpiomode
                0x0000000000014b0c       0x3c /home/lakshya/zephyr-dw3001cdk-tdoa/drivers/dw3000/lib/libdwt_uwb_driver-m4-hfp-6.0.14.a(dw3720_device.c.obj)
 .text.prs_sys_status_and_or
                0x0000000000014b48       0x18 /home/lakshya/zephyr-dw3001cdk-tdoa/drivers/dw3000/lib/libdwt_uwb_driver-m4-hfp-6.0.14.a(dw3720_device.c.obj)
 .text.dwt_modify8bitoffsetreg
                0x0000000000014b60       0x28 /home/lakshya/zephyr-dw3001cdk-tdoa/drivers/dw3000/lib/libdwt_uwb_driver-m4-hfp-6.0.14.a(dw3720_device.c.obj)
 .text.ull_enablespicrccheck
                0x0000000000014b88       0x36 /home/lakshya/zephyr-dw3001cdk-tdoa/drivers/dw3000/lib/libdwt_uwb_driver-m4-hfp-6.0.14.a(dw3720_device.c.obj)
 .text.ull_configureframefilter
                0x0000000000014bbe       0x46 /home/lakshya/zephyr-dw3001cdk-tdoa/drivers/dw3000/lib/libdwt_uwb_driver-m4-hfp-6.0.14.a(dw3720_device.c.obj)
 .text.ull_setinterrupt
                0x0000000000014c04       0xd8 /home/lakshya/zephyr-dw3001cdk-tdoa/drivers/dw3000/lib/libdwt_uwb_driver-m4-hfp-6.0.14.a(dw3720_device.c.obj)
 .text.prs_ack_enable
                0x0000000000014cdc       0x20 /home/lakshya/zephyr-dw3001cdk-tdoa/drivers/dw3000/lib/libdwt_uwb_driver-m4-hfp-6.0.14.a(dw3720_device.c.obj)
 .text.dwt_modify16bitoffsetreg
                0x0000000000014cfc       0x32 /home/lakshya/zephyr-dw3001cdk-tdoa/drivers/dw3000/lib/libdwt_uwb_driver-m4-hfp-6.0.14.a(dw3720_device.c.obj)
 .text.ull_rxenable
                0x0000000000014d2e       0xe0 /home/lakshya/zephyr-dw3001cdk-tdoa/drivers/dw3000/lib/libdwt_uwb_driver-m4-hfp-6.0.14.a(dw3720_device.c.obj)
 .text.ull_softreset_no_sema_fcmd
                0x0000000000014e0e       0x28 /home/lakshya/zephyr-dw3001cdk-tdoa/drivers/dw3000/lib/libdwt_uwb_driver-m4-hfp-6.0.14.a(dw3720_device.c.obj)
 .text.ull_softreset_fcmd
                0x0000000000014e36       0x28 /home/lakshya/zephyr-dw3001cdk-tdoa/drivers/dw3000/lib/libdwt_uwb_driver-m4-hfp-6.0.14.a(dw3720_device.c.obj)
 .text._OffsetAbsSyms
                0x0000000000014e5e        0x2 zephyr/CMakeFiles/offsets.dir/./arch/arm/core/offsets/offsets.c.obj
                0x0000000000014e5e                _OffsetAbsSyms
 .text.z_log_msg_runtime_create.constprop.0
                0x0000000000014e60       0x1e app/libapp.a(main.c.obj)
 .text.spi_transceive
                0x0000000000014e7e        0xe app/libapp.a(dw3000_spi.c.obj)
 .text.z_log_msg_runtime_create.constprop.0
                0x0000000000014e8c       0x20 app/libapp.a(dw3000_hw.c.obj)
 .text.gpio_pin_set.isra.0
                0x0000000000014eac       0x20 app/libapp.a(dw3000_hw.c.obj)
 .text.gpio_pin_configure_dt.isra.0
                0x0000000000014ecc       0x3e app/libapp.a(dw3000_hw.c.obj)
 .text.dw3000_hw_interrupt_enable
                0x0000000000014f0a        0x8 app/libapp.a(dw3000_hw.c.obj)
                0x0000000000014f0a                dw3000_hw_interrupt_enable
 .text.dw3000_hw_interrupt_disable
                0x0000000000014f12        0x8 app/libapp.a(dw3000_hw.c.obj)
                0x0000000000014f12                dw3000_hw_interrupt_disable
 .text.Sleep    0x0000000000014f1a       0x26 app/libapp.a(port.c.obj)
                0x0000000000014f1a                Sleep
 .text.dw_device_init
                0x0000000000014f40        0xe app/libapp.a(port.c.obj)
                0x0000000000014f40                dw_device_init
 .text.port_set_dw_ic_spi_slowrate
                0x0000000000014f4e        0x4 app/libapp.a(port.c.obj)
                0x0000000000014f4e                port_set_dw_ic_spi_slowrate
 .text.port_set_dw_ic_spi_fastrate
                0x0000000000014f52        0x4 app/libapp.a(port.c.obj)
                0x0000000000014f52                port_set_dw_ic_spi_fastrate
 .text.decamutexon
                0x0000000000014f56        0xa app/libapp.a(deca_port.c.obj)
                0x0000000000014f56                decamutexon
 .text.decamutexoff
                0x0000000000014f60        0x4 app/libapp.a(deca_port.c.obj)
                0x0000000000014f60                decamutexoff
 .text.deca_sleep
                0x0000000000014f64       0x26 app/libapp.a(deca_port.c.obj)
                0x0000000000014f64                deca_sleep
 .text.deca_usleep
                0x0000000000014f8a        0x4 app/libapp.a(deca_port.c.obj)
                0x0000000000014f8a                deca_usleep
 .text.chunk_field
                0x0000000000014f8e       0x16 zephyr/libzephyr.a(heap.c.obj)
 .text.chunk_set
                0x0000000000014fa4       0x16 zephyr/libzephyr.a(heap.c.obj)
 .text.chunk_size
                0x0000000000014fba        0xc zephyr/libzephyr.a(heap.c.obj)
 .text.set_chunk_used
                0x0000000000014fc6       0x30 zephyr/libzephyr.a(heap.c.obj)
 .text.set_chunk_size
                0x0000000000014ff6        0x8 zephyr/libzephyr.a(heap.c.obj)
 .text.mem_to_chunkid
                0x0000000000014ffe       0x14 zephyr/libzephyr.a(heap.c.obj)
 .text.bucket_idx.isra.0
                0x0000000000015012       0x1c zephyr/libzephyr.a(heap.c.obj)
 .text.free_list_remove_bidx
                0x000000000001502e       0x5c zephyr/libzephyr.a(heap.c.obj)
 .text.alloc_chunk
                0x000000000001508a       0x74 zephyr/libzephyr.a(heap.c.obj)
 .text.split_chunks
                0x00000000000150fe       0x4e zephyr/libzephyr.a(heap.c.obj)
 .text.free_list_add
                0x000000000001514c       0x84 zephyr/libzephyr.a(heap.c.obj)
 .text.sys_heap_alloc
                0x00000000000151d0       0x6e zephyr/libzephyr.a(heap.c.obj)
                0x00000000000151d0                sys_heap_alloc
 .text.sys_heap_aligned_alloc
                0x000000000001523e       0xe8 zephyr/libzephyr.a(heap.c.obj)