Archive member included to satisfy reference by file (symbol)

C:/ncs/SDK_ASS/Examples/ncs-fund/zephyr-dw3001cdk-tdoa/drivers/dw3000/lib/libdwt_uwb_driver-m4-hfp-6.0.14.a(deca_interface.c.obj)
                              (--whole-archive)
C:/ncs/SDK_ASS/Examples/ncs-fund/zephyr-dw3001cdk-tdoa/drivers/dw3000/lib/libdwt_uwb_driver-m4-hfp-6.0.14.a(deca_compat.c.obj)
                              (--whole-archive)
C:/ncs/SDK_ASS/Examples/ncs-fund/zephyr-dw3001cdk-tdoa/drivers/dw3000/lib/libdwt_uwb_driver-m4-hfp-6.0.14.a(dw3000_device.c.obj)
                              (--whole-archive)
C:/ncs/SDK_ASS/Examples/ncs-fund/zephyr-dw3001cdk-tdoa/drivers/dw3000/lib/libdwt_uwb_driver-m4-hfp-6.0.14.a(dw3700_device.c.obj)
                              (--whole-archive)
C:/ncs/SDK_ASS/Examples/ncs-fund/zephyr-dw3001cdk-tdoa/drivers/dw3000/lib/libdwt_uwb_driver-m4-hfp-6.0.14.a(dw3720_device.c.obj)
                              (--whole-archive)
app/libapp.a(main.c.obj)      (--whole-archive)
app/libapp.a(dw3000_spi.c.obj)
                              (--whole-archive)
app/libapp.a(dw3000_hw.c.obj)
                              (--whole-archive)
app/libapp.a(port.c.obj)      (--whole-archive)
app/libapp.a(deca_port.c.obj)
                              (--whole-archive)
zephyr/libzephyr.a(validate_libc.c.obj)
                              (--whole-archive)
zephyr/libzephyr.a(heap.c.obj)
                              (--whole-archive)
zephyr/libzephyr.a(cbprintf_packaged.c.obj)
                              (--whole-archive)
zephyr/libzephyr.a(clock.c.obj)
                              (--whole-archive)
zephyr/libzephyr.a(printk.c.obj)
                              (--whole-archive)
zephyr/libzephyr.a(sem.c.obj)
                              (--whole-archive)
zephyr/libzephyr.a(thread_entry.c.obj)
                              (--whole-archive)
zephyr/libzephyr.a(cbprintf_complete.c.obj)
                              (--whole-archive)
zephyr/libzephyr.a(assert.c.obj)
                              (--whole-archive)
zephyr/libzephyr.a(dec.c.obj)
                              (--whole-archive)
zephyr/libzephyr.a(hex.c.obj)
                              (--whole-archive)
zephyr/libzephyr.a(rb.c.obj)  (--whole-archive)
zephyr/libzephyr.a(timeutil.c.obj)
                              (--whole-archive)
zephyr/libzephyr.a(bitarray.c.obj)
                              (--whole-archive)
zephyr/libzephyr.a(bitmask.c.obj)
                              (--whole-archive)
zephyr/libzephyr.a(onoff.c.obj)
                              (--whole-archive)
zephyr/libzephyr.a(notify.c.obj)
                              (--whole-archive)
zephyr/libzephyr.a(ring_buffer.c.obj)
                              (--whole-archive)
zephyr/libzephyr.a(last_section_id.c.obj)
                              (--whole-archive)
zephyr/libzephyr.a(configs.c.obj)
                              (--whole-archive)
zephyr/libzephyr.a(thread_info.c.obj)
                              (--whole-archive)
zephyr/libzephyr.a(log_core.c.obj)
                              (--whole-archive)
zephyr/libzephyr.a(log_mgmt.c.obj)
                              (--whole-archive)
zephyr/libzephyr.a(log_cache.c.obj)
                              (--whole-archive)
zephyr/libzephyr.a(log_msg.c.obj)
                              (--whole-archive)
zephyr/libzephyr.a(log_output.c.obj)
                              (--whole-archive)
zephyr/libzephyr.a(log_backend_uart.c.obj)
                              (--whole-archive)
zephyr/libzephyr.a(mem_attr.c.obj)
                              (--whole-archive)
zephyr/libzephyr.a(tracing_none.c.obj)
                              (--whole-archive)
zephyr/libzephyr.a(banner.c.obj)
                              (--whole-archive)
zephyr/libzephyr.a(flash_map_partition_manager.c.obj)
                              (--whole-archive)
zephyr/arch/common/libarch__common.a(sw_isr_common.c.obj)
                              (--whole-archive)
zephyr/arch/common/libarch__common.a(init.c.obj)
                              (--whole-archive)
zephyr/arch/common/libarch__common.a(xip.c.obj)
                              (--whole-archive)
zephyr/arch/arch/arm/core/libarch__arm__core.a(fatal.c.obj)
                              (--whole-archive)
zephyr/arch/arch/arm/core/libarch__arm__core.a(nmi.c.obj)
                              (--whole-archive)
zephyr/arch/arch/arm/core/libarch__arm__core.a(nmi_on_reset.S.obj)
                              (--whole-archive)
zephyr/arch/arch/arm/core/libarch__arm__core.a(tls.c.obj)
                              (--whole-archive)
zephyr/arch/arch/arm/core/cortex_m/libarch__arm__core__cortex_m.a(exc_exit.c.obj)
                              (--whole-archive)
zephyr/arch/arch/arm/core/cortex_m/libarch__arm__core__cortex_m.a(fault.c.obj)
                              (--whole-archive)
zephyr/arch/arch/arm/core/cortex_m/libarch__arm__core__cortex_m.a(fault_s.S.obj)
                              (--whole-archive)
[...]
Memory Configuration

Name             Origin             Length             Attributes
FLASH            0x0000000000000000 0x0000000000080000 xr
RAM              0x0000000020000000 0x0000000000020000 xw
IDT_LIST         0x00000000ffff7fff 0x0000000000008000 xw
*default*        0x0000000000000000 0xffffffffffffffff

Linker script and memory map

                0x00000000000106c4                vfprintf = __d_vfprintf
                0x0000000000000000                vfscanf = __d_vfscanf
LOAD C:/ncs/SDK_ASS/Examples/ncs-fund/zephyr-dw3001cdk-tdoa/drivers/dw3000/lib/libdwt_uwb_driver-m4-hfp-6.0.14.a
LOAD zephyr/CMakeFiles/zephyr_final.dir/misc/empty_file.c.obj
LOAD zephyr/CMakeFiles/zephyr_final.dir/isr_tables.c.obj
LOAD zephyr/CMakeFiles/offsets.dir/./arch/arm/core/offsets/offsets.c.obj
LOAD app/libapp.a
LOAD zephyr/libzephyr.a
LOAD zephyr/arch/common/libarch__common.a
LOAD zephyr/arch/arch/arm/core/libarch__arm__core.a
LOAD zephyr/arch/arch/arm/core/cortex_m/libarch__arm__core__cortex_m.a
LOAD zephyr/arch/arch/arm/core/mpu/libarch__arm__core__mpu.a
LOAD zephyr/lib/libc/picolibc/liblib__libc__picolibc.a
LOAD zephyr/lib/libc/common/liblib__libc__common.a
LOAD zephyr/soc/soc/nrf52833/libsoc__nordic.a
LOAD zephyr/drivers/clock_control/libdrivers__clock_control.a
LOAD zephyr/drivers/console/libdrivers__console.a
LOAD zephyr/drivers/gpio/libdrivers__gpio.a
LOAD zephyr/drivers/pinctrl/libdrivers__pinctrl.a
LOAD zephyr/drivers/serial/libdrivers__serial.a
LOAD zephyr/drivers/spi/libdrivers__spi.a
LOAD zephyr/drivers/timer/libdrivers__timer.a
LOAD modules/hal_nordic/modules/hal_nordic/nrfx/libmodules__hal_nordic__nrfx.a
LOAD zephyr/kernel/libkernel.a
LOAD zephyr/arch/common/libisr_tables.a
LOAD c:\ncs\toolchains\c717907b94\opt\zephyr-sdk\arm-zephyr-eabi\bin\../lib/gcc/../../picolibc/arm-zephyr-eabi/lib/thumb/v7e-m+fp/hard\libc.a
LOAD c:/ncs/toolchains/c717907b94/opt/zephyr-sdk/arm-zephyr-eabi/bin/../lib/gcc/arm-zephyr-eabi/12.2.0/thumb/v7e-m+fp/hard\libgcc.a
                0x0000000000000080                _region_min_align = 0x80

.rel.plt        0x0000000000000000        0x0
 *(SORT_BY_ALIGNMENT(.rel.plt))
                [!provide]                        PROVIDE (__rel_iplt_start = .)
 *(SORT_BY_ALIGNMENT(.rel.iplt))
 .rel.iplt      0x0000000000000000        0x0 C:/ncs/SDK_ASS/Examples/ncs-fund/zephyr-dw3001cdk-tdoa/drivers/dw3000/lib/libdwt_uwb_driver-m4-hfp-6.0.14.a(deca_interface.c.obj)
                [!provide]                        PROVIDE (__rel_iplt_end = .)

.rela.plt       0x0000000000000000        0x0
 *(SORT_BY_ALIGNMENT(.rela.plt))
                [!provide]                        PROVIDE (__rela_iplt_start = .)
 *(SORT_BY_ALIGNMENT(.rela.iplt))
                [!provide]                        PROVIDE (__rela_iplt_end = .)

.rel.dyn
 *(SORT_BY_ALIGNMENT(.rel.*))

.rela.dyn
 *(SORT_BY_ALIGNMENT(.rela.*))

/DISCARD/
 *(SORT_BY_ALIGNMENT(.plt))

/DISCARD/
 *(SORT_BY_ALIGNMENT(.iplt))
                0x0000000000000000                __rom_region_start = 0x0

rom_start       0x0000000000000000      0x100
                0x0000000000000000                __rom_start_address = .
 FILL mask 0x00
                0x0000000000000000                . = (. + (0x0 - (. - __rom_start_address)))
                0x0000000000000000                . = ALIGN (0x4)
                0x0000000000000000                . = ALIGN (0x80)
                0x0000000000000000                . = ALIGN (0x100)
                0x0000000000000000                _vector_start = .
 *(SORT_BY_ALIGNMENT(.exc_vector_table))
 *(SORT_BY_ALIGNMENT(.exc_vector_table.*))
 .exc_vector_table._vector_table_section
                0x0000000000000000       0x40 zephyr/arch/arch/arm/core/cortex_m/libarch__arm__core__cortex_m.a(vector_table.S.obj)
                0x0000000000000000                _vector_table
 *(SORT_BY_ALIGNMENT(.vectors))
                0x0000000000000100                _vector_end = .
                0x0000000000000040                . = ALIGN (0x4)
 *(SORT_BY_ALIGNMENT(.gnu.linkonce.irq_vector_table*))
 .gnu.linkonce.irq_vector_table
                0x0000000000000040       0xc0 zephyr/CMakeFiles/zephyr_final.dir/isr_tables.c.obj
                0x0000000000000040                _irq_vector_table
                0x0000000000000100                _vector_end = .

text            0x0000000000000100    0x16020
                0x0000000000000100                __text_region_start = .
 *(SORT_BY_ALIGNMENT(.text))
 .text          0x0000000000000100       0x30 c:/ncs/toolchains/c717907b94/opt/zephyr-sdk/arm-zephyr-eabi/bin/../lib/gcc/arm-zephyr-eabi/12.2.0/thumb/v7e-m+fp/hard\libgcc.a(_aeabi_uldivmod.o)
                0x0000000000000100                __aeabi_uldivmod
 .text          0x0000000000000130        0x4 c:/ncs/toolchains/c717907b94/opt/zephyr-sdk/arm-zephyr-eabi/bin/../lib/gcc/arm-zephyr-eabi/12.2.0/thumb/v7e-m+fp/hard\libgcc.a(_dvmd_tls.o)
                0x0000000000000130                __aeabi_idiv0
                0x0000000000000130                __aeabi_ldiv0
 .text          0x0000000000000134       0x10 c:\ncs\toolchains\c717907b94\opt\zephyr-sdk\arm-zephyr-eabi\bin\../lib/gcc/../../picolibc/arm-zephyr-eabi/lib/thumb/v7e-m+fp/hard\libc.a(strlen.S.o)
                0x0000000000000134                strlen
 .text          0x0000000000000144      0x2a0 c:/ncs/toolchains/c717907b94/opt/zephyr-sdk/arm-zephyr-eabi/bin/../lib/gcc/arm-zephyr-eabi/12.2.0/thumb/v7e-m+fp/hard\libgcc.a(_udivmoddi4.o)
                0x0000000000000144                __udivmoddi4
 *(SORT_BY_ALIGNMENT(.text.*))
 .text.interface_rx_enable
                0x00000000000003e4      0x1d8 C:/ncs/SDK_ASS/Examples/ncs-fund/zephyr-dw3001cdk-tdoa/drivers/dw3000/lib/libdwt_uwb_driver-m4-hfp-6.0.14.a(deca_interface.c.obj)
                0x00000000000003e4                interface_rx_enable
 .text.dwt_probe
                0x00000000000005bc       0x98 C:/ncs/SDK_ASS/Examples/ncs-fund/zephyr-dw3001cdk-tdoa/drivers/dw3000/lib/libdwt_uwb_driver-m4-hfp-6.0.14.a(deca_compat.c.obj)
                0x00000000000005bc                dwt_probe
 .text.dwt_initialise
                0x0000000000000654       0x18 C:/ncs/SDK_ASS/Examples/ncs-fund/zephyr-dw3001cdk-tdoa/drivers/dw3000/lib/libdwt_uwb_driver-m4-hfp-6.0.14.a(deca_compat.c.obj)
                0x0000000000000654                dwt_initialise
 .text.dwt_configure
                0x000000000000066c       0x18 C:/ncs/SDK_ASS/Examples/ncs-fund/zephyr-dw3001cdk-tdoa/drivers/dw3000/lib/libdwt_uwb_driver-m4-hfp-6.0.14.a(deca_compat.c.obj)
                0x000000000000066c                dwt_configure
 .text.dwt_setrxantennadelay
                0x0000000000000684       0x24 C:/ncs/SDK_ASS/Examples/ncs-fund/zephyr-dw3001cdk-tdoa/drivers/dw3000/lib/libdwt_uwb_driver-m4-hfp-6.0.14.a(deca_compat.c.obj)
                0x0000000000000684                dwt_setrxantennadelay
 .text.dwt_settxantennadelay
                0x00000000000006a8       0x24 C:/ncs/SDK_ASS/Examples/ncs-fund/zephyr-dw3001cdk-tdoa/drivers/dw3000/lib/libdwt_uwb_driver-m4-hfp-6.0.14.a(deca_compat.c.obj)
                0x00000000000006a8                dwt_settxantennadelay
 .text.dwt_writetxdata
                0x00000000000006cc       0x1c C:/ncs/SDK_ASS/Examples/ncs-fund/zephyr-dw3001cdk-tdoa/drivers/dw3000/lib/libdwt_uwb_driver-m4-hfp-6.0.14.a(deca_compat.c.obj)
                0x00000000000006cc                dwt_writetxdata
 .text.dwt_writetxfctrl
                0x00000000000006e8       0x1c C:/ncs/SDK_ASS/Examples/ncs-fund/zephyr-dw3001cdk-tdoa/drivers/dw3000/lib/libdwt_uwb_driver-m4-hfp-6.0.14.a(deca_compat.c.obj)
                0x00000000000006e8                dwt_writetxfctrl
 .text.dwt_starttx
                0x0000000000000704       0x24 C:/ncs/SDK_ASS/Examples/ncs-fund/zephyr-dw3001cdk-tdoa/drivers/dw3000/lib/libdwt_uwb_driver-m4-hfp-6.0.14.a(deca_compat.c.obj)
                0x0000000000000704                dwt_starttx
 .text.dwt_setdelayedtrxtime
                0x0000000000000728       0x24 C:/ncs/SDK_ASS/Examples/ncs-fund/zephyr-dw3001cdk-tdoa/drivers/dw3000/lib/libdwt_uwb_driver-m4-hfp-6.0.14.a(deca_compat.c.obj)
                0x0000000000000728                dwt_setdelayedtrxtime
 .text.dwt_readtxtimestamp
                0x000000000000074c       0x1c C:/ncs/SDK_ASS/Examples/ncs-fund/zephyr-dw3001cdk-tdoa/drivers/dw3000/lib/libdwt_uwb_driver-m4-hfp-6.0.14.a(deca_compat.c.obj)
                0x000000000000074c                dwt_readtxtimestamp
 .text.dwt_readrxtimestamp
                0x0000000000000768       0x18 C:/ncs/SDK_ASS/Examples/ncs-fund/zephyr-dw3001cdk-tdoa/drivers/dw3000/lib/libdwt_uwb_driver-m4-hfp-6.0.14.a(deca_compat.c.obj)
                0x0000000000000768                dwt_readrxtimestamp
 .text.dwt_forcetrxoff
                0x0000000000000780       0x1c C:/ncs/SDK_ASS/Examples/ncs-fund/zephyr-dw3001cdk-tdoa/drivers/dw3000/lib/libdwt_uwb_driver-m4-hfp-6.0.14.a(deca_compat.c.obj)
                0x0000000000000780                dwt_forcetrxoff
 .text.dwt_rxenable
                0x000000000000079c       0x18 C:/ncs/SDK_ASS/Examples/ncs-fund/zephyr-dw3001cdk-tdoa/drivers/dw3000/lib/libdwt_uwb_driver-m4-hfp-6.0.14.a(deca_compat.c.obj)
                0x000000000000079c                dwt_rxenable
 .text.dwt_generatecrc8
                0x00000000000007b4       0x28 C:/ncs/SDK_ASS/Examples/ncs-fund/zephyr-dw3001cdk-tdoa/drivers/dw3000/lib/libdwt_uwb_driver-m4-hfp-6.0.14.a(deca_compat.c.obj)
                0x00000000000007b4                dwt_generatecrc8
 .text.dwt_readrxdata
                0x00000000000007dc       0x1c C:/ncs/SDK_ASS/Examples/ncs-fund/zephyr-dw3001cdk-tdoa/drivers/dw3000/lib/libdwt_uwb_driver-m4-hfp-6.0.14.a(deca_compat.c.obj)
                0x00000000000007dc                dwt_readrxdata
 .text.dwt_writesysstatuslo
                0x00000000000007f8       0x24 C:/ncs/SDK_ASS/Examples/ncs-fund/zephyr-dw3001cdk-tdoa/drivers/dw3000/lib/libdwt_uwb_driver-m4-hfp-6.0.14.a(deca_compat.c.obj)
                0x00000000000007f8                dwt_writesysstatuslo
 .text.dwt_readsysstatuslo
                0x000000000000081c       0x24 C:/ncs/SDK_ASS/Examples/ncs-fund/zephyr-dw3001cdk-tdoa/drivers/dw3000/lib/libdwt_uwb_driver-m4-hfp-6.0.14.a(deca_compat.c.obj)
                0x000000000000081c                dwt_readsysstatuslo
 .text.dwt_getframelength
                0x0000000000000840       0x28 C:/ncs/SDK_ASS/Examples/ncs-fund/zephyr-dw3001cdk-tdoa/drivers/dw3000/lib/libdwt_uwb_driver-m4-hfp-6.0.14.a(deca_compat.c.obj)
                0x0000000000000840                dwt_getframelength
 .text.dwt_dbg_fn
                0x0000000000000868       0x10 C:/ncs/SDK_ASS/Examples/ncs-fund/zephyr-dw3001cdk-tdoa/drivers/dw3000/lib/libdwt_uwb_driver-m4-hfp-6.0.14.a(dw3000_device.c.obj)
 .text.ull_readrxtimestamp
                0x0000000000000878       0x44 C:/ncs/SDK_ASS/Examples/ncs-fund/zephyr-dw3001cdk-tdoa/drivers/dw3000/lib/libdwt_uwb_driver-m4-hfp-6.0.14.a(dw3000_device.c.obj)
 .text.ull_getframelength
                0x00000000000008bc       0x64 C:/ncs/SDK_ASS/Examples/ncs-fund/zephyr-dw3001cdk-tdoa/drivers/dw3000/lib/libdwt_uwb_driver-m4-hfp-6.0.14.a(dw3000_device.c.obj)
 .text.ull_clearaonconfig
                0x0000000000000920       0x40 C:/ncs/SDK_ASS/Examples/ncs-fund/zephyr-dw3001cdk-tdoa/drivers/dw3000/lib/libdwt_uwb_driver-m4-hfp-6.0.14.a(dw3000_device.c.obj)
 .text.ull_force_clocks
                0x0000000000000960       0x2c C:/ncs/SDK_ASS/Examples/ncs-fund/zephyr-dw3001cdk-tdoa/drivers/dw3000/lib/libdwt_uwb_driver-m4-hfp-6.0.14.a(dw3000_device.c.obj)
 .text._dwt_otpread
                0x000000000000098c       0x44 C:/ncs/SDK_ASS/Examples/ncs-fund/zephyr-dw3001cdk-tdoa/drivers/dw3000/lib/libdwt_uwb_driver-m4-hfp-6.0.14.a(dw3000_device.c.obj)
 .text.ull_aon_read
                0x00000000000009d0       0x40 C:/ncs/SDK_ASS/Examples/ncs-fund/zephyr-dw3001cdk-tdoa/drivers/dw3000/lib/libdwt_uwb_driver-m4-hfp-6.0.14.a(dw3000_device.c.obj)
 .text.ull_aon_write
                0x0000000000000a10       0x50 C:/ncs/SDK_ASS/Examples/ncs-fund/zephyr-dw3001cdk-tdoa/drivers/dw3000/lib/libdwt_uwb_driver-m4-hfp-6.0.14.a(dw3000_device.c.obj)
 .text.ull_configuresleep
                0x0000000000000a60       0x54 C:/ncs/SDK_ASS/Examples/ncs-fund/zephyr-dw3001cdk-tdoa/drivers/dw3000/lib/libdwt_uwb_driver-m4-hfp-6.0.14.a(dw3000_device.c.obj)
 .text.ull_isr  0x0000000000000ab4      0x2bc C:/ncs/SDK_ASS/Examples/ncs-fund/zephyr-dw3001cdk-tdoa/drivers/dw3000/lib/libdwt_uwb_driver-m4-hfp-6.0.14.a(dw3000_device.c.obj)
 .text._dwt_adjust_delaytime
                0x0000000000000d70       0x50 C:/ncs/SDK_ASS/Examples/ncs-fund/zephyr-dw3001cdk-tdoa/drivers/dw3000/lib/libdwt_uwb_driver-m4-hfp-6.0.14.a(dw3000_device.c.obj)
 .text.ull_setrxaftertxdelay
                0x0000000000000dc0       0x2c C:/ncs/SDK_ASS/Examples/ncs-fund/zephyr-dw3001cdk-tdoa/drivers/dw3000/lib/libdwt_uwb_driver-m4-hfp-6.0.14.a(dw3000_device.c.obj)
 .text.ull_setlnapamode
                0x0000000000000dec       0x44 C:/ncs/SDK_ASS/Examples/ncs-fund/zephyr-dw3001cdk-tdoa/drivers/dw3000/lib/libdwt_uwb_driver-m4-hfp-6.0.14.a(dw3000_device.c.obj)
 .text.ull_configurestskey
                0x0000000000000e30       0x48 C:/ncs/SDK_ASS/Examples/ncs-fund/zephyr-dw3001cdk-tdoa/drivers/dw3000/lib/libdwt_uwb_driver-m4-hfp-6.0.14.a(dw3000_device.c.obj)
 .text.ull_configurestsiv
                0x0000000000000e78       0x48 C:/ncs/SDK_ASS/Examples/ncs-fund/zephyr-dw3001cdk-tdoa/drivers/dw3000/lib/libdwt_uwb_driver-m4-hfp-6.0.14.a(dw3000_device.c.obj)
 .text.ull_configmrxlut
                0x0000000000000ec0      0x104 C:/ncs/SDK_ASS/Examples/ncs-fund/zephyr-dw3001cdk-tdoa/drivers/dw3000/lib/libdwt_uwb_driver-m4-hfp-6.0.14.a(dw3000_device.c.obj)
 .text.ull_disable_rftx_blocks
                0x0000000000000fc4       0x14 C:/ncs/SDK_ASS/Examples/ncs-fund/zephyr-dw3001cdk-tdoa/drivers/dw3000/lib/libdwt_uwb_driver-m4-hfp-6.0.14.a(dw3000_device.c.obj)
 .text.ull_disable_rf_tx
                0x0000000000000fd8       0x3c C:/ncs/SDK_ASS/Examples/ncs-fund/zephyr-dw3001cdk-tdoa/drivers/dw3000/lib/libdwt_uwb_driver-m4-hfp-6.0.14.a(dw3000_device.c.obj)
 .text.ull_readrxdata
                0x0000000000001014       0x6c C:/ncs/SDK_ASS/Examples/ncs-fund/zephyr-dw3001cdk-tdoa/drivers/dw3000/lib/libdwt_uwb_driver-m4-hfp-6.0.14.a(dw3000_device.c.obj)
 .text.ull_writetxdata
                0x0000000000001080       0x64 C:/ncs/SDK_ASS/Examples/ncs-fund/zephyr-dw3001cdk-tdoa/drivers/dw3000/lib/libdwt_uwb_driver-m4-hfp-6.0.14.a(dw3000_device.c.obj)
 .text._dwt_kick_dgc_on_wakeup
                0x00000000000010e4       0x3c C:/ncs/SDK_ASS/Examples/ncs-fund/zephyr-dw3001cdk-tdoa/drivers/dw3000/lib/libdwt_uwb_driver-m4-hfp-6.0.14.a(dw3000_device.c.obj)
 .text.ull_enable_rf_tx
                0x0000000000001120       0x68 C:/ncs/SDK_ASS/Examples/ncs-fund/zephyr-dw3001cdk-tdoa/drivers/dw3000/lib/libdwt_uwb_driver-m4-hfp-6.0.14.a(dw3000_device.c.obj)
 .text.ull_enable_rftx_blocks
                0x0000000000001188       0x24 C:/ncs/SDK_ASS/Examples/ncs-fund/zephyr-dw3001cdk-tdoa/drivers/dw3000/lib/libdwt_uwb_driver-m4-hfp-6.0.14.a(dw3000_device.c.obj)
 .text._dwt_otpprogword32
                0x00000000000011ac      0x170 C:/ncs/SDK_ASS/Examples/ncs-fund/zephyr-dw3001cdk-tdoa/drivers/dw3000/lib/libdwt_uwb_driver-m4-hfp-6.0.14.a(dw3000_device.c.obj)
 .text.ull_writetxfctrl
                0x000000000000131c       0x4c C:/ncs/SDK_ASS/Examples/ncs-fund/zephyr-dw3001cdk-tdoa/drivers/dw3000/lib/libdwt_uwb_driver-m4-hfp-6.0.14.a(dw3000_device.c.obj)
 .text.ull_configciadiag
                0x0000000000001368       0x6c C:/ncs/SDK_ASS/Examples/ncs-fund/zephyr-dw3001cdk-tdoa/drivers/dw3000/lib/libdwt_uwb_driver-m4-hfp-6.0.14.a(dw3000_device.c.obj)
 .text.ull_calcbandwidthadj
                0x00000000000013d4       0x84 C:/ncs/SDK_ASS/Examples/ncs-fund/zephyr-dw3001cdk-tdoa/drivers/dw3000/lib/libdwt_uwb_driver-m4-hfp-6.0.14.a(dw3000_device.c.obj)
 .text.ull_configuretxrf
                0x0000000000001458       0x34 C:/ncs/SDK_ASS/Examples/ncs-fund/zephyr-dw3001cdk-tdoa/drivers/dw3000/lib/libdwt_uwb_driver-m4-hfp-6.0.14.a(dw3000_device.c.obj)
 .text.ull_repeated_frames
                0x000000000000148c       0x30 C:/ncs/SDK_ASS/Examples/ncs-fund/zephyr-dw3001cdk-tdoa/drivers/dw3000/lib/libdwt_uwb_driver-m4-hfp-6.0.14.a(dw3000_device.c.obj)
 .text.ull_setdwstate
                0x00000000000014bc       0xbc C:/ncs/SDK_ASS/Examples/ncs-fund/zephyr-dw3001cdk-tdoa/drivers/dw3000/lib/libdwt_uwb_driver-m4-hfp-6.0.14.a(dw3000_device.c.obj)
 .text.ull_run_pgfcal
                0x0000000000001578       0xc4 C:/ncs/SDK_ASS/Examples/ncs-fund/zephyr-dw3001cdk-tdoa/drivers/dw3000/lib/libdwt_uwb_driver-m4-hfp-6.0.14.a(dw3000_device.c.obj)
 .text._dwt_prog_ldo_and_bias_tune
                0x000000000000163c       0x38 C:/ncs/SDK_ASS/Examples/ncs-fund/zephyr-dw3001cdk-tdoa/drivers/dw3000/lib/libdwt_uwb_driver-m4-hfp-6.0.14.a(dw3000_device.c.obj)
 .text.ull_setleds
                0x0000000000001674       0x9c C:/ncs/SDK_ASS/Examples/ncs-fund/zephyr-dw3001cdk-tdoa/drivers/dw3000/lib/libdwt_uwb_driver-m4-hfp-6.0.14.a(dw3000_device.c.obj)
 .text.ull_pgf_cal
                0x0000000000001710       0x60 C:/ncs/SDK_ASS/Examples/ncs-fund/zephyr-dw3001cdk-tdoa/drivers/dw3000/lib/libdwt_uwb_driver-m4-hfp-6.0.14.a(dw3000_device.c.obj)
 .text.ull_setgpiovalue
                0x0000000000001770       0x30 C:/ncs/SDK_ASS/Examples/ncs-fund/zephyr-dw3001cdk-tdoa/drivers/dw3000/lib/libdwt_uwb_driver-m4-hfp-6.0.14.a(dw3000_device.c.obj)
 .text.ull_readaccdata
                0x00000000000017a0       0x88 C:/ncs/SDK_ASS/Examples/ncs-fund/zephyr-dw3001cdk-tdoa/drivers/dw3000/lib/libdwt_uwb_driver-m4-hfp-6.0.14.a(dw3000_device.c.obj)
 .text.ull_repeated_cw
                0x0000000000001828       0x54 C:/ncs/SDK_ASS/Examples/ncs-fund/zephyr-dw3001cdk-tdoa/drivers/dw3000/lib/libdwt_uwb_driver-m4-hfp-6.0.14.a(dw3000_device.c.obj)
 .text.ull_configure
                0x000000000000187c      0x454 C:/ncs/SDK_ASS/Examples/ncs-fund/zephyr-dw3001cdk-tdoa/drivers/dw3000/lib/libdwt_uwb_driver-m4-hfp-6.0.14.a(dw3000_device.c.obj)
 .text.dwt_ioctl
                0x0000000000001cd0     0x1f00 C:/ncs/SDK_ASS/Examples/ncs-fund/zephyr-dw3001cdk-tdoa/drivers/dw3000/lib/libdwt_uwb_driver-m4-hfp-6.0.14.a(dw3000_device.c.obj)
 .text.ull_initialise
                0x0000000000003bd0      0x124 C:/ncs/SDK_ASS/Examples/ncs-fund/zephyr-dw3001cdk-tdoa/drivers/dw3000/lib/libdwt_uwb_driver-m4-hfp-6.0.14.a(dw3000_device.c.obj)
 .text._init    0x0000000000003cf4      0x1b0 C:/ncs/SDK_ASS/Examples/ncs-fund/zephyr-dw3001cdk-tdoa/drivers/dw3000/lib/libdwt_uwb_driver-m4-hfp-6.0.14.a(dw3000_device.c.obj)
 .text.dwt_dbg_fn
                0x0000000000003ea4       0x10 C:/ncs/SDK_ASS/Examples/ncs-fund/zephyr-dw3001cdk-tdoa/drivers/dw3000/lib/libdwt_uwb_driver-m4-hfp-6.0.14.a(dw3700_device.c.obj)
 .text.ull_readrxtimestamp
                0x0000000000003eb4       0x44 C:/ncs/SDK_ASS/Examples/ncs-fund/zephyr-dw3001cdk-tdoa/drivers/dw3000/lib/libdwt_uwb_driver-m4-hfp-6.0.14.a(dw3700_device.c.obj)
 .text.ull_force_clocks
                0x0000000000003ef8       0x2c C:/ncs/SDK_ASS/Examples/ncs-fund/zephyr-dw3001cdk-tdoa/drivers/dw3000/lib/libdwt_uwb_driver-m4-hfp-6.0.14.a(dw3700_device.c.obj)
 .text._dwt_otpread
                0x0000000000003f24       0x44 C:/ncs/SDK_ASS/Examples/ncs-fund/zephyr-dw3001cdk-tdoa/drivers/dw3000/lib/libdwt_uwb_driver-m4-hfp-6.0.14.a(dw3700_device.c.obj)
 .text.ull_configurestskey
                0x0000000000003f68       0x48 C:/ncs/SDK_ASS/Examples/ncs-fund/zephyr-dw3001cdk-tdoa/drivers/dw3000/lib/libdwt_uwb_driver-m4-hfp-6.0.14.a(dw3700_device.c.obj)
 .text.ull_configurestsiv
                0x0000000000003fb0       0x48 C:/ncs/SDK_ASS/Examples/ncs-fund/zephyr-dw3001cdk-tdoa/drivers/dw3000/lib/libdwt_uwb_driver-m4-hfp-6.0.14.a(dw3700_device.c.obj)
 .text.ull_configmrxlut
                0x0000000000003ff8       0xf0 C:/ncs/SDK_ASS/Examples/ncs-fund/zephyr-dw3001cdk-tdoa/drivers/dw3000/lib/libdwt_uwb_driver-m4-hfp-6.0.14.a(dw3700_device.c.obj)
 .text.ull_disable_rftx_blocks
                0x00000000000040e8       0x14 C:/ncs/SDK_ASS/Examples/ncs-fund/zephyr-dw3001cdk-tdoa/drivers/dw3000/lib/libdwt_uwb_driver-m4-hfp-6.0.14.a(dw3700_device.c.obj)
 .text.ull_disable_rf_tx
                0x00000000000040fc       0x3c C:/ncs/SDK_ASS/Examples/ncs-fund/zephyr-dw3001cdk-tdoa/drivers/dw3000/lib/libdwt_uwb_driver-m4-hfp-6.0.14.a(dw3700_device.c.obj)
 .text.ull_readrxdata
                0x0000000000004138       0x6c C:/ncs/SDK_ASS/Examples/ncs-fund/zephyr-dw3001cdk-tdoa/drivers/dw3000/lib/libdwt_uwb_driver-m4-hfp-6.0.14.a(dw3700_device.c.obj)
 .text.ull_getframelength
                0x00000000000041a4       0x64 C:/ncs/SDK_ASS/Examples/ncs-fund/zephyr-dw3001cdk-tdoa/drivers/dw3000/lib/libdwt_uwb_driver-m4-hfp-6.0.14.a(dw3700_device.c.obj)
 .text._dwt_clear_db_events
                0x0000000000004208       0x34 C:/ncs/SDK_ASS/Examples/ncs-fund/zephyr-dw3001cdk-tdoa/drivers/dw3000/lib/libdwt_uwb_driver-m4-hfp-6.0.14.a(dw3700_device.c.obj)
 .text.ull_clearaonconfig
                0x000000000000423c       0x40 C:/ncs/SDK_ASS/Examples/ncs-fund/zephyr-dw3001cdk-tdoa/drivers/dw3000/lib/libdwt_uwb_driver-m4-hfp-6.0.14.a(dw3700_device.c.obj)
 .text.ull_aon_read
                0x000000000000427c       0x40 C:/ncs/SDK_ASS/Examples/ncs-fund/zephyr-dw3001cdk-tdoa/drivers/dw3000/lib/libdwt_uwb_driver-m4-hfp-6.0.14.a(dw3700_device.c.obj)
 .text.ull_aon_write
                0x00000000000042bc       0x50 C:/ncs/SDK_ASS/Examples/ncs-fund/zephyr-dw3001cdk-tdoa/drivers/dw3000/lib/libdwt_uwb_driver-m4-hfp-6.0.14.a(dw3700_device.c.obj)
 .text.ull_configuresleep
                0x000000000000430c       0x54 C:/ncs/SDK_ASS/Examples/ncs-fund/zephyr-dw3001cdk-tdoa/drivers/dw3000/lib/libdwt_uwb_driver-m4-hfp-6.0.14.a(dw3700_device.c.obj)
 .text.ull_writetxdata
                0x0000000000004360       0x64 C:/ncs/SDK_ASS/Examples/ncs-fund/zephyr-dw3001cdk-tdoa/drivers/dw3000/lib/libdwt_uwb_driver-m4-hfp-6.0.14.a(dw3700_device.c.obj)
 .text.ull_isr  0x00000000000043c4      0x300 C:/ncs/SDK_ASS/Examples/ncs-fund/zephyr-dw3001cdk-tdoa/drivers/dw3000/lib/libdwt_uwb_driver-m4-hfp-6.0.14.a(dw3700_device.c.obj)
 .text.ull_enable_rf_tx
                0x00000000000046c4       0x68 C:/ncs/SDK_ASS/Examples/ncs-fund/zephyr-dw3001cdk-tdoa/drivers/dw3000/lib/libdwt_uwb_driver-m4-hfp-6.0.14.a(dw3700_device.c.obj)
 .text.ull_enable_rftx_blocks
                0x000000000000472c       0x24 C:/ncs/SDK_ASS/Examples/ncs-fund/zephyr-dw3001cdk-tdoa/drivers/dw3000/lib/libdwt_uwb_driver-m4-hfp-6.0.14.a(dw3700_device.c.obj)
 .text._dwt_otpprogword32
                0x0000000000004750      0x170 C:/ncs/SDK_ASS/Examples/ncs-fund/zephyr-dw3001cdk-tdoa/drivers/dw3000/lib/libdwt_uwb_driver-m4-hfp-6.0.14.a(dw3700_device.c.obj)
 .text.ull_writetxfctrl
                0x00000000000048c0       0x4c C:/ncs/SDK_ASS/Examples/ncs-fund/zephyr-dw3001cdk-tdoa/drivers/dw3000/lib/libdwt_uwb_driver-m4-hfp-6.0.14.a(dw3700_device.c.obj)
 .text.ull_configciadiag
                0x000000000000490c       0x6c C:/ncs/SDK_ASS/Examples/ncs-fund/zephyr-dw3001cdk-tdoa/drivers/dw3000/lib/libdwt_uwb_driver-m4-hfp-6.0.14.a(dw3700_device.c.obj)
 .text.ull_calcbandwidthadj
                0x0000000000004978       0x84 C:/ncs/SDK_ASS/Examples/ncs-fund/zephyr-dw3001cdk-tdoa/drivers/dw3000/lib/libdwt_uwb_driver-m4-hfp-6.0.14.a(dw3700_device.c.obj)
 .text.ull_configuretxrf
                0x00000000000049fc       0x34 C:/ncs/SDK_ASS/Examples/ncs-fund/zephyr-dw3001cdk-tdoa/drivers/dw3000/lib/libdwt_uwb_driver-m4-hfp-6.0.14.a(dw3700_device.c.obj)
 .text.ull_repeated_frames
                0x0000000000004a30       0x30 C:/ncs/SDK_ASS/Examples/ncs-fund/zephyr-dw3001cdk-tdoa/drivers/dw3000/lib/libdwt_uwb_driver-m4-hfp-6.0.14.a(dw3700_device.c.obj)
 .text.ull_setdwstate
                0x0000000000004a60       0xb8 C:/ncs/SDK_ASS/Examples/ncs-fund/zephyr-dw3001cdk-tdoa/drivers/dw3000/lib/libdwt_uwb_driver-m4-hfp-6.0.14.a(dw3700_device.c.obj)
 .text.ull_run_pgfcal
                0x0000000000004b18       0xc4 C:/ncs/SDK_ASS/Examples/ncs-fund/zephyr-dw3001cdk-tdoa/drivers/dw3000/lib/libdwt_uwb_driver-m4-hfp-6.0.14.a(dw3700_device.c.obj)
 .text.ull_setleds
                0x0000000000004bdc       0x9c C:/ncs/SDK_ASS/Examples/ncs-fund/zephyr-dw3001cdk-tdoa/drivers/dw3000/lib/libdwt_uwb_driver-m4-hfp-6.0.14.a(dw3700_device.c.obj)
 .text.ull_pgf_cal
                0x0000000000004c78       0x60 C:/ncs/SDK_ASS/Examples/ncs-fund/zephyr-dw3001cdk-tdoa/drivers/dw3000/lib/libdwt_uwb_driver-m4-hfp-6.0.14.a(dw3700_device.c.obj)
 .text.ull_setgpiovalue
                0x0000000000004cd8       0x30 C:/ncs/SDK_ASS/Examples/ncs-fund/zephyr-dw3001cdk-tdoa/drivers/dw3000/lib/libdwt_uwb_driver-m4-hfp-6.0.14.a(dw3700_device.c.obj)
 .text.ull_readaccdata
                0x0000000000004d08       0x88 C:/ncs/SDK_ASS/Examples/ncs-fund/zephyr-dw3001cdk-tdoa/drivers/dw3000/lib/libdwt_uwb_driver-m4-hfp-6.0.14.a(dw3700_device.c.obj)
 .text.ull_repeated_cw
                0x0000000000004d90       0x54 C:/ncs/SDK_ASS/Examples/ncs-fund/zephyr-dw3001cdk-tdoa/drivers/dw3000/lib/libdwt_uwb_driver-m4-hfp-6.0.14.a(dw3700_device.c.obj)
 .text.ull_configure
                0x0000000000004de4      0x498 C:/ncs/SDK_ASS/Examples/ncs-fund/zephyr-dw3001cdk-tdoa/drivers/dw3000/lib/libdwt_uwb_driver-m4-hfp-6.0.14.a(dw3700_device.c.obj)
 .text.ull_initialise
                0x000000000000527c      0x128 C:/ncs/SDK_ASS/Examples/ncs-fund/zephyr-dw3001cdk-tdoa/drivers/dw3000/lib/libdwt_uwb_driver-m4-hfp-6.0.14.a(dw3700_device.c.obj)
 .text.dwt_ioctl
                0x00000000000053a4     0x20ec C:/ncs/SDK_ASS/Examples/ncs-fund/zephyr-dw3001cdk-tdoa/drivers/dw3000/lib/libdwt_uwb_driver-m4-hfp-6.0.14.a(dw3700_device.c.obj)
 .text._init    0x0000000000007490      0x1b0 C:/ncs/SDK_ASS/Examples/ncs-fund/zephyr-dw3001cdk-tdoa/drivers/dw3000/lib/libdwt_uwb_driver-m4-hfp-6.0.14.a(dw3700_device.c.obj)
 .text.dwt_dbg_fn
                0x0000000000007640       0x10 C:/ncs/SDK_ASS/Examples/ncs-fund/zephyr-dw3001cdk-tdoa/drivers/dw3000/lib/libdwt_uwb_driver-m4-hfp-6.0.14.a(dw3720_device.c.obj)
 .text.ull_readclockoffset
                0x0000000000007650       0x40 C:/ncs/SDK_ASS/Examples/ncs-fund/zephyr-dw3001cdk-tdoa/drivers/dw3000/lib/libdwt_uwb_driver-m4-hfp-6.0.14.a(dw3720_device.c.obj)
 .text.ull_readcarrierintegrator
                0x0000000000007690       0x40 C:/ncs/SDK_ASS/Examples/ncs-fund/zephyr-dw3001cdk-tdoa/drivers/dw3000/lib/libdwt_uwb_driver-m4-hfp-6.0.14.a(dw3720_device.c.obj)
 .text.ull_readrxtimestamp
                0x00000000000076d0       0x44 C:/ncs/SDK_ASS/Examples/ncs-fund/zephyr-dw3001cdk-tdoa/drivers/dw3000/lib/libdwt_uwb_driver-m4-hfp-6.0.14.a(dw3720_device.c.obj)
 .text.ull_force_clocks
                0x0000000000007714       0x2c C:/ncs/SDK_ASS/Examples/ncs-fund/zephyr-dw3001cdk-tdoa/drivers/dw3000/lib/libdwt_uwb_driver-m4-hfp-6.0.14.a(dw3720_device.c.obj)
 .text._dwt_otpread
                0x0000000000007740       0x44 C:/ncs/SDK_ASS/Examples/ncs-fund/zephyr-dw3001cdk-tdoa/drivers/dw3000/lib/libdwt_uwb_driver-m4-hfp-6.0.14.a(dw3720_device.c.obj)
 .text.ull_setfinegraintxseq
                0x0000000000007784       0x28 C:/ncs/SDK_ASS/Examples/ncs-fund/zephyr-dw3001cdk-tdoa/drivers/dw3000/lib/libdwt_uwb_driver-m4-hfp-6.0.14.a(dw3720_device.c.obj)
 .text.ull_configurestskey
                0x00000000000077ac       0x48 C:/ncs/SDK_ASS/Examples/ncs-fund/zephyr-dw3001cdk-tdoa/drivers/dw3000/lib/libdwt_uwb_driver-m4-hfp-6.0.14.a(dw3720_device.c.obj)
 .text.ull_configurestsiv
                0x00000000000077f4       0x48 C:/ncs/SDK_ASS/Examples/ncs-fund/zephyr-dw3001cdk-tdoa/drivers/dw3000/lib/libdwt_uwb_driver-m4-hfp-6.0.14.a(dw3720_device.c.obj)
 .text.ull_configmrxlut
                0x000000000000783c      0x12c C:/ncs/SDK_ASS/Examples/ncs-fund/zephyr-dw3001cdk-tdoa/drivers/dw3000/lib/libdwt_uwb_driver-m4-hfp-6.0.14.a(dw3720_device.c.obj)
 .text.ull_disable_rftx_blocks
                0x0000000000007968       0x14 C:/ncs/SDK_ASS/Examples/ncs-fund/zephyr-dw3001cdk-tdoa/drivers/dw3000/lib/libdwt_uwb_driver-m4-hfp-6.0.14.a(dw3720_device.c.obj)
 .text.ull_disable_rf_tx
                0x000000000000797c       0x3c C:/ncs/SDK_ASS/Examples/ncs-fund/zephyr-dw3001cdk-tdoa/drivers/dw3000/lib/libdwt_uwb_driver-m4-hfp-6.0.14.a(dw3720_device.c.obj)
 .text.ull_repeated_cw
                0x00000000000079b8       0x48 C:/ncs/SDK_ASS/Examples/ncs-fund/zephyr-dw3001cdk-tdoa/drivers/dw3000/lib/libdwt_uwb_driver-m4-hfp-6.0.14.a(dw3720_device.c.obj)
 .text.ull_readrxdata
                0x0000000000007a00       0x6c C:/ncs/SDK_ASS/Examples/ncs-fund/zephyr-dw3001cdk-tdoa/drivers/dw3000/lib/libdwt_uwb_driver-m4-hfp-6.0.14.a(dw3720_device.c.obj)
 .text.ull_getframelength
                0x0000000000007a6c       0x64 C:/ncs/SDK_ASS/Examples/ncs-fund/zephyr-dw3001cdk-tdoa/drivers/dw3000/lib/libdwt_uwb_driver-m4-hfp-6.0.14.a(dw3720_device.c.obj)
 .text._dwt_clear_db_events
                0x0000000000007ad0       0x34 C:/ncs/SDK_ASS/Examples/ncs-fund/zephyr-dw3001cdk-tdoa/drivers/dw3000/lib/libdwt_uwb_driver-m4-hfp-6.0.14.a(dw3720_device.c.obj)
 .text.ull_clearaonconfig
                0x0000000000007b04       0x40 C:/ncs/SDK_ASS/Examples/ncs-fund/zephyr-dw3001cdk-tdoa/drivers/dw3000/lib/libdwt_uwb_driver-m4-hfp-6.0.14.a(dw3720_device.c.obj)
 .text.ull_aon_read
                0x0000000000007b44       0x40 C:/ncs/SDK_ASS/Examples/ncs-fund/zephyr-dw3001cdk-tdoa/drivers/dw3000/lib/libdwt_uwb_driver-m4-hfp-6.0.14.a(dw3720_device.c.obj)
 .text.ull_aon_write
                0x0000000000007b84       0x50 C:/ncs/SDK_ASS/Examples/ncs-fund/zephyr-dw3001cdk-tdoa/drivers/dw3000/lib/libdwt_uwb_driver-m4-hfp-6.0.14.a(dw3720_device.c.obj)
 .text.ull_configuresleep
                0x0000000000007bd4       0x64 C:/ncs/SDK_ASS/Examples/ncs-fund/zephyr-dw3001cdk-tdoa/drivers/dw3000/lib/libdwt_uwb_driver-m4-hfp-6.0.14.a(dw3720_device.c.obj)
 .text.ull_update_nonce_GCM
                0x0000000000007c38       0x1c C:/ncs/SDK_ASS/Examples/ncs-fund/zephyr-dw3001cdk-tdoa/drivers/dw3000/lib/libdwt_uwb_driver-m4-hfp-6.0.14.a(dw3720_device.c.obj)
 .text.ull_update_nonce_CCM
                0x0000000000007c54       0x7c C:/ncs/SDK_ASS/Examples/ncs-fund/zephyr-dw3001cdk-tdoa/drivers/dw3000/lib/libdwt_uwb_driver-m4-hfp-6.0.14.a(dw3720_device.c.obj)
 .text.ull_writetxdata
                0x0000000000007cd0       0x64 C:/ncs/SDK_ASS/Examples/ncs-fund/zephyr-dw3001cdk-tdoa/drivers/dw3000/lib/libdwt_uwb_driver-m4-hfp-6.0.14.a(dw3720_device.c.obj)
 .text.ull_isr  0x0000000000007d34      0x304 C:/ncs/SDK_ASS/Examples/ncs-fund/zephyr-dw3001cdk-tdoa/drivers/dw3000/lib/libdwt_uwb_driver-m4-hfp-6.0.14.a(dw3720_device.c.obj)
 .text.ull_enablegpioclocks
                0x0000000000008038       0x20 C:/ncs/SDK_ASS/Examples/ncs-fund/zephyr-dw3001cdk-tdoa/drivers/dw3000/lib/libdwt_uwb_driver-m4-hfp-6.0.14.a(dw3720_device.c.obj)
 .text.ull_enable_rf_tx
                0x0000000000008058       0x68 C:/ncs/SDK_ASS/Examples/ncs-fund/zephyr-dw3001cdk-tdoa/drivers/dw3000/lib/libdwt_uwb_driver-m4-hfp-6.0.14.a(dw3720_device.c.obj)
 .text.ull_enable_rftx_blocks
                0x00000000000080c0       0x24 C:/ncs/SDK_ASS/Examples/ncs-fund/zephyr-dw3001cdk-tdoa/drivers/dw3000/lib/libdwt_uwb_driver-m4-hfp-6.0.14.a(dw3720_device.c.obj)
 .text._dwt_otpprogword32
                0x00000000000080e4      0x170 C:/ncs/SDK_ASS/Examples/ncs-fund/zephyr-dw3001cdk-tdoa/drivers/dw3000/lib/libdwt_uwb_driver-m4-hfp-6.0.14.a(dw3720_device.c.obj)
 .text.ull_writetxfctrl
                0x0000000000008254       0x28 C:/ncs/SDK_ASS/Examples/ncs-fund/zephyr-dw3001cdk-tdoa/drivers/dw3000/lib/libdwt_uwb_driver-m4-hfp-6.0.14.a(dw3720_device.c.obj)
 .text.ull_configciadiag
                0x000000000000827c       0x6c C:/ncs/SDK_ASS/Examples/ncs-fund/zephyr-dw3001cdk-tdoa/drivers/dw3000/lib/libdwt_uwb_driver-m4-hfp-6.0.14.a(dw3720_device.c.obj)
 .text.ull_configurestsloadiv
                0x00000000000082e8       0x1c C:/ncs/SDK_ASS/Examples/ncs-fund/zephyr-dw3001cdk-tdoa/drivers/dw3000/lib/libdwt_uwb_driver-m4-hfp-6.0.14.a(dw3720_device.c.obj)
 .text.ull_adcoffsetscalibration
                0x0000000000008304      0x230 C:/ncs/SDK_ASS/Examples/ncs-fund/zephyr-dw3001cdk-tdoa/drivers/dw3000/lib/libdwt_uwb_driver-m4-hfp-6.0.14.a(dw3720_device.c.obj)
 .text.ull_restoreconfig
                0x0000000000008534       0x60 C:/ncs/SDK_ASS/Examples/ncs-fund/zephyr-dw3001cdk-tdoa/drivers/dw3000/lib/libdwt_uwb_driver-m4-hfp-6.0.14.a(dw3720_device.c.obj)
 .text.ull_calcbandwidthadj
                0x0000000000008594       0x84 C:/ncs/SDK_ASS/Examples/ncs-fund/zephyr-dw3001cdk-tdoa/drivers/dw3000/lib/libdwt_uwb_driver-m4-hfp-6.0.14.a(dw3720_device.c.obj)
 .text.ull_configuretxrf
                0x0000000000008618       0x34 C:/ncs/SDK_ASS/Examples/ncs-fund/zephyr-dw3001cdk-tdoa/drivers/dw3000/lib/libdwt_uwb_driver-m4-hfp-6.0.14.a(dw3720_device.c.obj)
 .text.ull_repeated_frames
                0x000000000000864c       0x30 C:/ncs/SDK_ASS/Examples/ncs-fund/zephyr-dw3001cdk-tdoa/drivers/dw3000/lib/libdwt_uwb_driver-m4-hfp-6.0.14.a(dw3720_device.c.obj)
 .text.ull_setdwstate
                0x000000000000867c       0xbc C:/ncs/SDK_ASS/Examples/ncs-fund/zephyr-dw3001cdk-tdoa/drivers/dw3000/lib/libdwt_uwb_driver-m4-hfp-6.0.14.a(dw3720_device.c.obj)
 .text.ull_run_pgfcal
                0x0000000000008738       0xc4 C:/ncs/SDK_ASS/Examples/ncs-fund/zephyr-dw3001cdk-tdoa/drivers/dw3000/lib/libdwt_uwb_driver-m4-hfp-6.0.14.a(dw3720_device.c.obj)
 .text.ull_configurestsmode
                0x00000000000087fc       0x48 C:/ncs/SDK_ASS/Examples/ncs-fund/zephyr-dw3001cdk-tdoa/drivers/dw3000/lib/libdwt_uwb_driver-m4-hfp-6.0.14.a(dw3720_device.c.obj)
 .text.ull_setleds
                0x0000000000008844       0x9c C:/ncs/SDK_ASS/Examples/ncs-fund/zephyr-dw3001cdk-tdoa/drivers/dw3000/lib/libdwt_uwb_driver-m4-hfp-6.0.14.a(dw3720_device.c.obj)
 .text.ull_pgf_cal
                0x00000000000088e0       0x60 C:/ncs/SDK_ASS/Examples/ncs-fund/zephyr-dw3001cdk-tdoa/drivers/dw3000/lib/libdwt_uwb_driver-m4-hfp-6.0.14.a(dw3720_device.c.obj)
 .text.ull_setgpiovalue
                0x0000000000008940       0x30 C:/ncs/SDK_ASS/Examples/ncs-fund/zephyr-dw3001cdk-tdoa/drivers/dw3000/lib/libdwt_uwb_driver-m4-hfp-6.0.14.a(dw3720_device.c.obj)
 .text.ull_readaccdata
                0x0000000000008970       0x88 C:/ncs/SDK_ASS/Examples/ncs-fund/zephyr-dw3001cdk-tdoa/drivers/dw3000/lib/libdwt_uwb_driver-m4-hfp-6.0.14.a(dw3720_device.c.obj)
 .text.ull_configure
                0x00000000000089f8      0x480 C:/ncs/SDK_ASS/Examples/ncs-fund/zephyr-dw3001cdk-tdoa/drivers/dw3000/lib/libdwt_uwb_driver-m4-hfp-6.0.14.a(dw3720_device.c.obj)
 .text.ull_initialise
                0x0000000000008e78      0x13c C:/ncs/SDK_ASS/Examples/ncs-fund/zephyr-dw3001cdk-tdoa/drivers/dw3000/lib/libdwt_uwb_driver-m4-hfp-6.0.14.a(dw3720_device.c.obj)
 .text.dwt_ioctl
                0x0000000000008fb4     0x2044 C:/ncs/SDK_ASS/Examples/ncs-fund/zephyr-dw3001cdk-tdoa/drivers/dw3000/lib/libdwt_uwb_driver-m4-hfp-6.0.14.a(dw3720_device.c.obj)
 .text._init    0x000000000000aff8      0x198 C:/ncs/SDK_ASS/Examples/ncs-fund/zephyr-dw3001cdk-tdoa/drivers/dw3000/lib/libdwt_uwb_driver-m4-hfp-6.0.14.a(dw3720_device.c.obj)
 .text.main     0x000000000000b190      0x1cc app/libapp.a(main.c.obj)
                0x000000000000b190                main
 .text.z_log_msg_runtime_create.constprop.0
                0x000000000000b35c       0x24 app/libapp.a(dw3000_spi.c.obj)
 .text.dw3000_spi_init
                0x000000000000b380       0x84 app/libapp.a(dw3000_spi.c.obj)
                0x000000000000b380                dw3000_spi_init
 .text.dw3000_spi_speed_slow
                0x000000000000b404       0x10 app/libapp.a(dw3000_spi.c.obj)
                0x000000000000b404                dw3000_spi_speed_slow
 .text.dw3000_spi_speed_fast
                0x000000000000b414       0x10 app/libapp.a(dw3000_spi.c.obj)
                0x000000000000b414                dw3000_spi_speed_fast
 .text.dw3000_spi_write_crc
                0x000000000000b424       0x3c app/libapp.a(dw3000_spi.c.obj)
                0x000000000000b424                dw3000_spi_write_crc
 .text.dw3000_spi_write
                0x000000000000b460       0x30 app/libapp.a(dw3000_spi.c.obj)
                0x000000000000b460                dw3000_spi_write
 .text.dw3000_spi_read
                0x000000000000b490       0x40 app/libapp.a(dw3000_spi.c.obj)
                0x000000000000b490                dw3000_spi_read
 .text.gpio_pin_interrupt_configure_dt.constprop.0.isra.0
                0x000000000000b4d0       0x2c app/libapp.a(dw3000_hw.c.obj)
 .text.dw3000_hw_init
                0x000000000000b4fc       0x80 app/libapp.a(dw3000_hw.c.obj)
                0x000000000000b4fc                dw3000_hw_init
 .text.dw3000_hw_reset
                0x000000000000b57c       0x30 app/libapp.a(dw3000_hw.c.obj)
                0x000000000000b57c                dw3000_hw_reset
 .text.dw3000_hw_wakeup
                0x000000000000b5ac       0x3c app/libapp.a(dw3000_hw.c.obj)
                0x000000000000b5ac                dw3000_hw_wakeup
 .text.dw3000_hw_wakeup_pin_low
                0x000000000000b5e8       0x10 app/libapp.a(dw3000_hw.c.obj)
                0x000000000000b5e8                dw3000_hw_wakeup_pin_low
 .text.cbvprintf_package
                0x000000000000b5f8      0x3a4 zephyr/libzephyr.a(cbprintf_packaged.c.obj)
                0x000000000000b5f8                cbvprintf_package
 .text.__printk_hook_install
                0x000000000000b99c        0xc zephyr/libzephyr.a(printk.c.obj)
                0x000000000000b99c                __printk_hook_install
 .text.z_thread_entry
                0x000000000000b9a8       0x34 zephyr/libzephyr.a(thread_entry.c.obj)
                0x000000000000b9a8                z_thread_entry
 .text.process_event
                0x000000000000b9dc      0x21c zephyr/libzephyr.a(onoff.c.obj)
 .text.z_log_init.isra.0
                0x000000000000bbf8       0xd4 zephyr/libzephyr.a(log_core.c.obj)
 .text.log_format_func_t_get
                0x000000000000bccc        0xc zephyr/libzephyr.a(log_core.c.obj)
                0x000000000000bccc                log_format_func_t_get
 .text.log_set_timestamp_func
                0x000000000000bcd8       0x20 zephyr/libzephyr.a(log_core.c.obj)
                0x000000000000bcd8                log_set_timestamp_func
 .text.log_core_init
                0x000000000000bcf8       0x4c zephyr/libzephyr.a(log_core.c.obj)
                0x000000000000bcf8                log_core_init
 .text.z_impl_log_panic
                0x000000000000bd44       0x3c zephyr/libzephyr.a(log_core.c.obj)
                0x000000000000bd44                z_impl_log_panic
 .text.z_log_dropped
                0x000000000000bd80       0x30 zephyr/libzephyr.a(log_core.c.obj)
                0x000000000000bd80                z_log_dropped
 .text.z_log_msg_commit
                0x000000000000bdb0       0x38 zephyr/libzephyr.a(log_core.c.obj)
                0x000000000000bdb0                z_log_msg_commit
 .text.log_source_name_get
                0x000000000000bde8       0x1c zephyr/libzephyr.a(log_mgmt.c.obj)
                0x000000000000bde8                log_source_name_get
 .text.z_log_msg_runtime_vcreate
                0x000000000000be04       0xac zephyr/libzephyr.a(log_msg.c.obj)
                0x000000000000be04                z_log_msg_runtime_vcreate
 .text.log_msg_get_source_id
                0x000000000000beb0       0x18 zephyr/libzephyr.a(log_msg.c.obj)
                0x000000000000beb0                log_msg_get_source_id
 .text.print_formatted
                0x000000000000bec8       0x24 zephyr/libzephyr.a(log_output.c.obj)
 .text.newline_print
                0x000000000000beec       0x1c zephyr/libzephyr.a(log_output.c.obj)
 .text.log_output_process
                0x000000000000bf08      0x2e0 zephyr/libzephyr.a(log_output.c.obj)
                0x000000000000bf08                log_output_process
 .text.log_output_timestamp_freq_set
                0x000000000000c1e8       0x2c zephyr/libzephyr.a(log_output.c.obj)
                0x000000000000c1e8                log_output_timestamp_freq_set
 .text.char_out
                0x000000000000c214       0x24 zephyr/libzephyr.a(log_backend_uart.c.obj)
 .text.mem_attr_get_regions
                0x000000000000c238        0xc zephyr/libzephyr.a(mem_attr.c.obj)
                0x000000000000c238                mem_attr_get_regions
 .text.boot_banner
                0x000000000000c244       0x1c zephyr/libzephyr.a(banner.c.obj)
                0x000000000000c244                boot_banner
 .text.arch_bss_zero
                0x000000000000c260       0x18 zephyr/arch/common/libarch__common.a(init.c.obj)
                0x000000000000c260                arch_bss_zero
 .text.arch_data_copy
                0x000000000000c278       0x38 zephyr/arch/common/libarch__common.a(xip.c.obj)
                0x000000000000c278                arch_data_copy
 .text.z_arm_fatal_error
                0x000000000000c2b0      0x130 zephyr/arch/arch/arm/core/libarch__arm__core.a(fatal.c.obj)
                0x000000000000c2b0                z_arm_fatal_error
 .text.z_SysNmiOnReset
                0x000000000000c3e0        0x8 zephyr/arch/arch/arm/core/libarch__arm__core.a(nmi_on_reset.S.obj)
                0x000000000000c3e0                z_SysNmiOnReset
 .text.arch_tls_stack_setup
                0x000000000000c3e8       0x40 zephyr/arch/arch/arm/core/libarch__arm__core.a(tls.c.obj)
                0x000000000000c3e8                arch_tls_stack_setup
 .text._HandlerModeExit
                0x000000000000c428       0x20 zephyr/arch/arch/arm/core/cortex_m/libarch__arm__core__cortex_m.a(exc_exit.c.obj)
                0x000000000000c428                z_arm_int_exit
                0x000000000000c428                z_arm_exc_exit
 .text.bus_fault.constprop.0
                0x000000000000c448      0x13c zephyr/arch/arch/arm/core/cortex_m/libarch__arm__core__cortex_m.a(fault.c.obj)
 .text.usage_fault.constprop.0
                0x000000000000c584      0x108 zephyr/arch/arch/arm/core/cortex_m/libarch__arm__core__cortex_m.a(fault.c.obj)
 .text.mem_manage_fault
                0x000000000000c68c      0x164 zephyr/arch/arch/arm/core/cortex_m/libarch__arm__core__cortex_m.a(fault.c.obj)
 .text.z_arm_fault
                0x000000000000c7f0      0x200 zephyr/arch/arch/arm/core/cortex_m/libarch__arm__core__cortex_m.a(fault.c.obj)
                0x000000000000c7f0                z_arm_fault
 .text.z_arm_fault_init
                0x000000000000c9f0       0x18 zephyr/arch/arch/arm/core/cortex_m/libarch__arm__core__cortex_m.a(fault.c.obj)
                0x000000000000c9f0                z_arm_fault_init
 .text.__fault  0x000000000000ca08       0x14 zephyr/arch/arch/arm/core/cortex_m/libarch__arm__core__cortex_m.a(fault_s.S.obj)
                0x000000000000ca08                z_arm_usage_fault
                0x000000000000ca08                z_arm_mpu_fault
                0x000000000000ca08                z_arm_exc_spurious
                0x000000000000ca08                z_arm_debug_monitor
                0x000000000000ca08                z_arm_hard_fault
                0x000000000000ca08                z_arm_bus_fault
 .text._reset_section
                0x000000000000ca1c       0x60 zephyr/arch/arch/arm/core/cortex_m/libarch__arm__core__cortex_m.a(reset.S.obj)
                0x000000000000ca1c                __start
                0x000000000000ca1c                z_arm_reset
 .text.z_arm_clear_arm_mpu_config
                0x000000000000ca7c       0x24 zephyr/arch/arch/arm/core/cortex_m/libarch__arm__core__cortex_m.a(scb.c.obj)
                0x000000000000ca7c                z_arm_clear_arm_mpu_config
 .text.z_arm_init_arch_hw_at_boot
                0x000000000000caa0       0x64 zephyr/arch/arch/arm/core/cortex_m/libarch__arm__core__cortex_m.a(scb.c.obj)
                0x000000000000caa0                z_arm_init_arch_hw_at_boot
 .text.z_impl_k_thread_abort
                0x000000000000cb04       0x2c zephyr/arch/arch/arm/core/cortex_m/libarch__arm__core__cortex_m.a(thread_abort.c.obj)
                0x000000000000cb04                z_impl_k_thread_abort
 .text.z_arm_pendsv
                0x000000000000cb30       0xa0 zephyr/arch/arch/arm/core/cortex_m/libarch__arm__core__cortex_m.a(swap_helper.S.obj)
                0x000000000000cb30                z_arm_pendsv
 .text.z_arm_svc
                0x000000000000cbd0       0x24 zephyr/arch/arch/arm/core/cortex_m/libarch__arm__core__cortex_m.a(swap_helper.S.obj)
                0x000000000000cbd0                z_arm_svc
 .text.arm_irq_enable
                0x000000000000cbf4       0x1c zephyr/arch/arch/arm/core/cortex_m/libarch__arm__core__cortex_m.a(irq_manage.c.obj)
                0x000000000000cbf4                arm_irq_enable
 .text.arm_irq_disable
                0x000000000000cc10       0x28 zephyr/arch/arch/arm/core/cortex_m/libarch__arm__core__cortex_m.a(irq_manage.c.obj)
                0x000000000000cc10                arm_irq_disable
 .text.arm_irq_is_enabled
                0x000000000000cc38       0x1c zephyr/arch/arch/arm/core/cortex_m/libarch__arm__core__cortex_m.a(irq_manage.c.obj)
                0x000000000000cc38                arm_irq_is_enabled
 .text.arm_irq_priority_set
                0x000000000000cc54       0x30 zephyr/arch/arch/arm/core/cortex_m/libarch__arm__core__cortex_m.a(irq_manage.c.obj)
                0x000000000000cc54                arm_irq_priority_set
 .text.relocate_vector_table
                0x000000000000cc84       0x1c zephyr/arch/arch/arm/core/cortex_m/libarch__arm__core__cortex_m.a(prep_c.c.obj)
                0x000000000000cc84                relocate_vector_table
 .text.z_prep_c
                0x000000000000cca0       0x4c zephyr/arch/arch/arm/core/cortex_m/libarch__arm__core__cortex_m.a(prep_c.c.obj)
                0x000000000000cca0                z_prep_c
 .text.arch_new_thread
                0x000000000000ccec       0x40 zephyr/arch/arch/arm/core/cortex_m/libarch__arm__core__cortex_m.a(thread.c.obj)
                0x000000000000ccec                arch_new_thread
 .text.z_arm_mpu_stack_guard_and_fpu_adjust
                0x000000000000cd2c       0x54 zephyr/arch/arch/arm/core/cortex_m/libarch__arm__core__cortex_m.a(thread.c.obj)
                0x000000000000cd2c                z_arm_mpu_stack_guard_and_fpu_adjust
 .text.z_check_thread_stack_fail
                0x000000000000cd80       0x30 zephyr/arch/arch/arm/core/cortex_m/libarch__arm__core__cortex_m.a(thread.c.obj)
                0x000000000000cd80                z_check_thread_stack_fail
 .text.arch_float_disable
                0x000000000000cdb0       0x48 zephyr/arch/arch/arm/core/cortex_m/libarch__arm__core__cortex_m.a(thread.c.obj)
                0x000000000000cdb0                arch_float_disable
 .text.arch_switch_to_main_thread
                0x000000000000cdf8       0x58 zephyr/arch/arch/arm/core/cortex_m/libarch__arm__core__cortex_m.a(thread.c.obj)
                0x000000000000cdf8                arch_switch_to_main_thread
 .text.z_arm_cpu_idle_init
                0x000000000000ce50        0xc zephyr/arch/arch/arm/core/cortex_m/libarch__arm__core__cortex_m.a(cpu_idle.c.obj)
                0x000000000000ce50                z_arm_cpu_idle_init
 .text.z_arm_interrupt_init
                0x000000000000ce5c       0x18 zephyr/arch/arch/arm/core/cortex_m/libarch__arm__core__cortex_m.a(irq_init.c.obj)
                0x000000000000ce5c                z_arm_interrupt_init
 .text._isr_wrapper
                0x000000000000ce74       0x24 zephyr/arch/arch/arm/core/cortex_m/libarch__arm__core__cortex_m.a(isr_wrapper.c.obj)
                0x000000000000ce74                _isr_wrapper
 .text.z_arm_configure_static_mpu_regions
                0x000000000000ce98       0x18 zephyr/arch/arch/arm/core/mpu/libarch__arm__core__mpu.a(arm_core_mpu.c.obj)
                0x000000000000ce98                z_arm_configure_static_mpu_regions
 .text.z_arm_configure_dynamic_mpu_regions
                0x000000000000ceb0       0x2c zephyr/arch/arch/arm/core/mpu/libarch__arm__core__mpu.a(arm_core_mpu.c.obj)
                0x000000000000ceb0                z_arm_configure_dynamic_mpu_regions
 .text.region_allocate_and_init
                0x000000000000cedc       0x60 zephyr/arch/arch/arm/core/mpu/libarch__arm__core__mpu.a(arm_mpu.c.obj)
 .text.mpu_configure_regions
                0x000000000000cf3c       0x74 zephyr/arch/arch/arm/core/mpu/libarch__arm__core__mpu.a(arm_mpu.c.obj)
 .text.arm_core_mpu_enable
                0x000000000000cfb0       0x18 zephyr/arch/arch/arm/core/mpu/libarch__arm__core__mpu.a(arm_mpu.c.obj)
                0x000000000000cfb0                arm_core_mpu_enable
 .text.arm_core_mpu_disable
                0x000000000000cfc8       0x14 zephyr/arch/arch/arm/core/mpu/libarch__arm__core__mpu.a(arm_mpu.c.obj)
                0x000000000000cfc8                arm_core_mpu_disable
 .text.arm_core_mpu_configure_static_mpu_regions
                0x000000000000cfdc       0x14 zephyr/arch/arch/arm/core/mpu/libarch__arm__core__mpu.a(arm_mpu.c.obj)
                0x000000000000cfdc                arm_core_mpu_configure_static_mpu_regions
 .text.arm_core_mpu_configure_dynamic_mpu_regions
                0x000000000000cff0       0x38 zephyr/arch/arch/arm/core/mpu/libarch__arm__core__mpu.a(arm_mpu.c.obj)
                0x000000000000cff0                arm_core_mpu_configure_dynamic_mpu_regions
 .text.z_arm_mpu_init
                0x000000000000d028      0x17c zephyr/arch/arch/arm/core/mpu/libarch__arm__core__mpu.a(arm_mpu.c.obj)
                0x000000000000d028                z_arm_mpu_init
 .text.cbvprintf
                0x000000000000d1a4       0x38 zephyr/lib/libc/picolibc/liblib__libc__picolibc.a(cbprintf.c.obj)
                0x000000000000d1a4                cbvprintf
 .text.z_impl_zephyr_fputc
                0x000000000000d1dc       0x10 zephyr/lib/libc/picolibc/liblib__libc__picolibc.a(stdio.c.obj)
                0x000000000000d1dc                z_impl_zephyr_fputc
 .text.__stdout_hook_install
                0x000000000000d1ec       0x18 zephyr/lib/libc/picolibc/liblib__libc__picolibc.a(stdio.c.obj)
                0x000000000000d1ec                __stdout_hook_install
 .text.malloc_prepare
                0x000000000000d204       0x24 zephyr/lib/libc/common/liblib__libc__common.a(malloc.c.obj)
 .text.malloc_lock
                0x000000000000d228       0x14 zephyr/lib/libc/common/liblib__libc__common.a(malloc.c.obj)
 .text.malloc_unlock
                0x000000000000d23c        0xc zephyr/lib/libc/common/liblib__libc__common.a(malloc.c.obj)
 .text.malloc   0x000000000000d248       0x34 zephyr/lib/libc/common/liblib__libc__common.a(malloc.c.obj)
                0x000000000000d248                malloc
 .text.nordicsemi_nrf52_init
                0x000000000000d27c       0x18 zephyr/soc/soc/nrf52833/libsoc__nordic.a(soc.c.obj)
 .text.arch_busy_wait
                0x000000000000d294       0x24 zephyr/soc/soc/nrf52833/libsoc__nordic.a(soc.c.obj)
                0x000000000000d294                arch_busy_wait
 .text.onoff_stop
                0x000000000000d2b8       0x30 zephyr/drivers/clock_control/libdrivers__clock_control.a(clock_control_nrf.c.obj)
 .text.onoff_start
                0x000000000000d2e8       0x44 zephyr/drivers/clock_control/libdrivers__clock_control.a(clock_control_nrf.c.obj)
 .text.clk_init
                0x000000000000d32c       0x58 zephyr/drivers/clock_control/libdrivers__clock_control.a(clock_control_nrf.c.obj)
 .text.api_blocking_start
                0x000000000000d384       0x34 zephyr/drivers/clock_control/libdrivers__clock_control.a(clock_control_nrf.c.obj)
 .text.generic_hfclk_stop
                0x000000000000d3b8       0x34 zephyr/drivers/clock_control/libdrivers__clock_control.a(clock_control_nrf.c.obj)
 .text.clkstarted_handle.constprop.0
                0x000000000000d3ec       0x4c zephyr/drivers/clock_control/libdrivers__clock_control.a(clock_control_nrf.c.obj)
 .text.generic_hfclk_start
                0x000000000000d438       0x7c zephyr/drivers/clock_control/libdrivers__clock_control.a(clock_control_nrf.c.obj)
 .text.clock_event_handler
                0x000000000000d4b4       0x1c zephyr/drivers/clock_control/libdrivers__clock_control.a(clock_control_nrf.c.obj)
 .text.z_nrf_clock_control_lf_on
                0x000000000000d4d0       0xfc zephyr/drivers/clock_control/libdrivers__clock_control.a(clock_control_nrf.c.obj)
                0x000000000000d4d0                z_nrf_clock_control_lf_on
 .text.uart_console_init
                0x000000000000d5cc       0x28 zephyr/drivers/console/libdrivers__console.a(uart_console.c.obj)
 .text.console_out
                0x000000000000d5f4       0x28 zephyr/drivers/console/libdrivers__console.a(uart_console.c.obj)
 .text.gpio_nrfx_pin_interrupt_configure
                0x000000000000d61c       0xfc zephyr/drivers/gpio/libdrivers__gpio.a(gpio_nrfx.c.obj)
 .text.nrfx_gpio_handler
                0x000000000000d718       0x4c zephyr/drivers/gpio/libdrivers__gpio.a(gpio_nrfx.c.obj)
 .text.gpio_nrfx_init
                0x000000000000d764       0x3c zephyr/drivers/gpio/libdrivers__gpio.a(gpio_nrfx.c.obj)
 .text.gpio_nrfx_pin_configure
                0x000000000000d7a0      0x180 zephyr/drivers/gpio/libdrivers__gpio.a(gpio_nrfx.c.obj)
 .text.nrf_gpio_pin_port_decode
                0x000000000000d920       0x20 zephyr/drivers/pinctrl/libdrivers__pinctrl.a(pinctrl_nrf.c.obj)
 .text.pinctrl_configure_pins
                0x000000000000d940      0x15c zephyr/drivers/pinctrl/libdrivers__pinctrl.a(pinctrl_nrf.c.obj)
                0x000000000000d940                pinctrl_configure_pins
 .text.uart_nrfx_poll_in
                0x000000000000da9c       0x24 zephyr/drivers/serial/libdrivers__serial.a(uart_nrfx_uart.c.obj)
 .text.uart_nrfx_err_check
                0x000000000000dac0       0x10 zephyr/drivers/serial/libdrivers__serial.a(uart_nrfx_uart.c.obj)
 .text.uart_nrfx_poll_out
                0x000000000000dad0       0x7c zephyr/drivers/serial/libdrivers__serial.a(uart_nrfx_uart.c.obj)
 .text.uart_nrfx_init
                0x000000000000db4c      0x1bc zephyr/drivers/serial/libdrivers__serial.a(uart_nrfx_uart.c.obj)
 .text.spi_nrfx_init
                0x000000000000dd08      0x108 zephyr/drivers/spi/libdrivers__spi.a(spi_nrfx_spim.c.obj)
 .text.event_handler
                0x000000000000de10       0xf8 zephyr/drivers/spi/libdrivers__spi.a(spi_nrfx_spim.c.obj)
 .text.spi_nrfx_transceive
                0x000000000000df08      0x404 zephyr/drivers/spi/libdrivers__spi.a(spi_nrfx_spim.c.obj)
 .text.nrf_gpio_cfg_input
                0x000000000000e30c       0x40 zephyr/drivers/spi/libdrivers__spi.a(spi_nrfx_common.c.obj)
 .text.compare_int_lock
                0x000000000000e34c       0x48 zephyr/drivers/timer/libdrivers__timer.a(nrf_rtc_timer.c.obj)
 .text.sys_clock_timeout_handler
                0x000000000000e394       0x48 zephyr/drivers/timer/libdrivers__timer.a(nrf_rtc_timer.c.obj)
 .text.compare_int_unlock
                0x000000000000e3dc       0x5c zephyr/drivers/timer/libdrivers__timer.a(nrf_rtc_timer.c.obj)
 .text.z_nrf_rtc_timer_read
                0x000000000000e438       0x44 zephyr/drivers/timer/libdrivers__timer.a(nrf_rtc_timer.c.obj)
                0x000000000000e438                z_nrf_rtc_timer_read
 .text.compare_set
                0x000000000000e47c      0x130 zephyr/drivers/timer/libdrivers__timer.a(nrf_rtc_timer.c.obj)
 .text.sys_clock_driver_init
                0x000000000000e5ac       0x90 zephyr/drivers/timer/libdrivers__timer.a(nrf_rtc_timer.c.obj)
 .text.rtc_nrf_isr
                0x000000000000e63c       0xd4 zephyr/drivers/timer/libdrivers__timer.a(nrf_rtc_timer.c.obj)
                0x000000000000e63c                rtc_nrf_isr
 .text.sys_clock_set_timeout
                0x000000000000e710       0x5c zephyr/drivers/timer/libdrivers__timer.a(nrf_rtc_timer.c.obj)
                0x000000000000e710                sys_clock_set_timeout
 .text.sys_clock_elapsed
                0x000000000000e76c       0x14 zephyr/drivers/timer/libdrivers__timer.a(nrf_rtc_timer.c.obj)
                0x000000000000e76c                sys_clock_elapsed
 .text.nvmc_wait
                0x000000000000e780       0x10 modules/hal_nordic/modules/hal_nordic/nrfx/libmodules__hal_nordic__nrfx.a(system_nrf52833.c.obj)
                0x000000000000e780                nvmc_wait
 .text.SystemInit
                0x000000000000e790      0x160 modules/hal_nordic/modules/hal_nordic/nrfx/libmodules__hal_nordic__nrfx.a(system_nrf52833.c.obj)
                0x000000000000e790                SystemInit
 .text.hfclk_event_handler
                0x000000000000e8f0        0xc modules/hal_nordic/modules/hal_nordic/nrfx/libmodules__hal_nordic__nrfx.a(nrfx_clock.c.obj)
 .text.lfclk_event_handler
                0x000000000000e8fc        0xc modules/hal_nordic/modules/hal_nordic/nrfx/libmodules__hal_nordic__nrfx.a(nrfx_clock.c.obj)
 .text.nrfx_clock_init
                0x000000000000e908       0x40 modules/hal_nordic/modules/hal_nordic/nrfx/libmodules__hal_nordic__nrfx.a(nrfx_clock.c.obj)
                0x000000000000e908                nrfx_clock_init
 .text.nrfx_clock_enable
                0x000000000000e948       0x20 modules/hal_nordic/modules/hal_nordic/nrfx/libmodules__hal_nordic__nrfx.a(nrfx_clock.c.obj)
                0x000000000000e948                nrfx_clock_enable
 .text.nrfx_clock_hfclk_init
                0x000000000000e968       0x1c modules/hal_nordic/modules/hal_nordic/nrfx/libmodules__hal_nordic__nrfx.a(nrfx_clock_hfclk.c.obj)
                0x000000000000e968                nrfx_clock_hfclk_init
 .text.nrfx_clock_hfclk_start
                0x000000000000e984       0x38 modules/hal_nordic/modules/hal_nordic/nrfx/libmodules__hal_nordic__nrfx.a(nrfx_clock_hfclk.c.obj)
                0x000000000000e984                nrfx_clock_hfclk_start
 .text.nrfx_clock_hfclk_irq_handler
                0x000000000000e9bc       0x30 modules/hal_nordic/modules/hal_nordic/nrfx/libmodules__hal_nordic__nrfx.a(nrfx_clock_hfclk.c.obj)
                0x000000000000e9bc                nrfx_clock_hfclk_irq_handler
 .text.nrfx_clock_lfclk_init
                0x000000000000e9ec       0x24 modules/hal_nordic/modules/hal_nordic/nrfx/libmodules__hal_nordic__nrfx.a(nrfx_clock_lfclk.c.obj)
                0x000000000000e9ec                nrfx_clock_lfclk_init
 .text.nrfx_clock_lfclk_start
                0x000000000000ea10       0x80 modules/hal_nordic/modules/hal_nordic/nrfx/libmodules__hal_nordic__nrfx.a(nrfx_clock_lfclk.c.obj)
                0x000000000000ea10                nrfx_clock_lfclk_start
 .text.nrfx_clock_lfclk_irq_handler
                0x000000000000ea90       0x70 modules/hal_nordic/modules/hal_nordic/nrfx/libmodules__hal_nordic__nrfx.a(nrfx_clock_lfclk.c.obj)
                0x000000000000ea90                nrfx_clock_lfclk_irq_handler
 .text.nrf_gpio_pin_port_decode
                0x000000000000eb00       0x20 modules/hal_nordic/modules/hal_nordic/nrfx/libmodules__hal_nordic__nrfx.a(nrfx_gpiote.c.obj)
 .text.get_pin_idx
                0x000000000000eb20       0x14 modules/hal_nordic/modules/hal_nordic/nrfx/libmodules__hal_nordic__nrfx.a(nrfx_gpiote.c.obj)
 .text.latch_pending_read_and_check
                0x000000000000eb34       0x64 modules/hal_nordic/modules/hal_nordic/nrfx/libmodules__hal_nordic__nrfx.a(nrfx_gpiote.c.obj)
 .text.pin_uninit
                0x000000000000eb98       0x7c modules/hal_nordic/modules/hal_nordic/nrfx/libmodules__hal_nordic__nrfx.a(nrfx_gpiote.c.obj)
 .text.nrfx_gpiote_channel_free
                0x000000000000ec14        0xc modules/hal_nordic/modules/hal_nordic/nrfx/libmodules__hal_nordic__nrfx.a(nrfx_gpiote.c.obj)
                0x000000000000ec14                nrfx_gpiote_channel_free
 .text.nrfx_gpiote_channel_alloc
                0x000000000000ec20       0x18 modules/hal_nordic/modules/hal_nordic/nrfx/libmodules__hal_nordic__nrfx.a(nrfx_gpiote.c.obj)
                0x000000000000ec20                nrfx_gpiote_channel_alloc
 .text.nrfx_gpiote_irq_handler
                0x000000000000ec38      0x1d0 modules/hal_nordic/modules/hal_nordic/nrfx/libmodules__hal_nordic__nrfx.a(nrfx_gpiote.c.obj)
                0x000000000000ec38                nrfx_gpiote_irq_handler
 .text.nrf_gpio_pin_port_decode
                0x000000000000ee08       0x20 modules/hal_nordic/modules/hal_nordic/nrfx/libmodules__hal_nordic__nrfx.a(nrfx_spim.c.obj)
 .text.spim_frequency_valid_check.constprop.0
                0x000000000000ee28       0x64 modules/hal_nordic/modules/hal_nordic/nrfx/libmodules__hal_nordic__nrfx.a(nrfx_spim.c.obj)
 .text.pin_init.constprop.0
                0x000000000000ee8c       0x4c modules/hal_nordic/modules/hal_nordic/nrfx/libmodules__hal_nordic__nrfx.a(nrfx_spim.c.obj)
 .text.spim_configure
                0x000000000000eed8      0x1d8 modules/hal_nordic/modules/hal_nordic/nrfx/libmodules__hal_nordic__nrfx.a(nrfx_spim.c.obj)
 .text.spim_pin_uninit
                0x000000000000f0b0       0x30 modules/hal_nordic/modules/hal_nordic/nrfx/libmodules__hal_nordic__nrfx.a(nrfx_spim.c.obj)
 .text.nrfx_spim_uninit
                0x000000000000f0e0       0x70 modules/hal_nordic/modules/hal_nordic/nrfx/libmodules__hal_nordic__nrfx.a(nrfx_spim.c.obj)
                0x000000000000f0e0                nrfx_spim_uninit
 .text.k_sys_fatal_error_handler
                0x000000000000f150       0x2c zephyr/kernel/libkernel.a(fatal.c.obj)
                0x000000000000f150                k_sys_fatal_error_handler
 .text.z_fatal_error
                0x000000000000f17c       0xcc zephyr/kernel/libkernel.a(fatal.c.obj)
                0x000000000000f17c                z_fatal_error
 .text.z_sys_init_run_level
                0x000000000000f248       0x30 zephyr/kernel/libkernel.a(init.c.obj)
 .text.bg_thread_main
                0x000000000000f278       0xc0 zephyr/kernel/libkernel.a(init.c.obj)
 .text.z_init_cpu
                0x000000000000f338       0x74 zephyr/kernel/libkernel.a(init.c.obj)
                0x000000000000f338                z_init_cpu
 .text.z_cstart
                0x000000000000f3ac       0xd0 zephyr/kernel/libkernel.a(init.c.obj)
                0x000000000000f3ac                z_cstart
 .text.z_impl_k_mutex_lock
                0x000000000000f47c       0xf0 zephyr/kernel/libkernel.a(mutex.c.obj)
                0x000000000000f47c                z_impl_k_mutex_lock
 .text.z_impl_k_mutex_unlock
                0x000000000000f56c       0xa0 zephyr/kernel/libkernel.a(mutex.c.obj)
                0x000000000000f56c                z_impl_k_mutex_unlock
 .text.z_impl_k_sem_give
                0x000000000000f60c       0x68 zephyr/kernel/libkernel.a(sem.c.obj)
                0x000000000000f60c                z_impl_k_sem_give
 .text.z_impl_k_sem_take
                0x000000000000f674       0x4c zephyr/kernel/libkernel.a(sem.c.obj)
                0x000000000000f674                z_impl_k_sem_take
 .text.z_impl_k_sem_reset
                0x000000000000f6c0       0x74 zephyr/kernel/libkernel.a(sem.c.obj)
                0x000000000000f6c0                z_impl_k_sem_reset
 .text.work_queue_main
                0x000000000000f734      0x14c zephyr/kernel/libkernel.a(work.c.obj)
 .text.k_work_queue_start
                0x000000000000f880       0x80 zephyr/kernel/libkernel.a(work.c.obj)
                0x000000000000f880                k_work_queue_start
 .text.z_impl_k_thread_name_set
                0x000000000000f900       0x20 zephyr/kernel/libkernel.a(thread.c.obj)
                0x000000000000f900                z_impl_k_thread_name_set
 .text.z_setup_new_thread
                0x000000000000f920       0xec zephyr/kernel/libkernel.a(thread.c.obj)
                0x000000000000f920                z_setup_new_thread
 .text.z_impl_k_thread_create
                0x000000000000fa0c       0x58 zephyr/kernel/libkernel.a(thread.c.obj)
                0x000000000000fa0c                z_impl_k_thread_create
 .text.z_dummy_thread_init
                0x000000000000fa64       0x20 zephyr/kernel/libkernel.a(thread.c.obj)
                0x000000000000fa64                z_dummy_thread_init
 .text.z_swap_irqlock
                0x000000000000fa84       0x34 zephyr/kernel/libkernel.a(sched.c.obj)
 .text.ready_thread
                0x000000000000fab8       0x84 zephyr/kernel/libkernel.a(sched.c.obj)
 .text.unready_thread
                0x000000000000fb3c       0x54 zephyr/kernel/libkernel.a(sched.c.obj)
 .text.add_thread_timeout
                0x000000000000fb90       0x1c zephyr/kernel/libkernel.a(sched.c.obj)
 .text.move_thread_to_end_of_prio_q
                0x000000000000fbac       0x90 zephyr/kernel/libkernel.a(sched.c.obj)
                0x000000000000fbac                move_thread_to_end_of_prio_q
 .text.z_pend_curr
                0x000000000000fc3c       0x44 zephyr/kernel/libkernel.a(sched.c.obj)
                0x000000000000fc3c                z_pend_curr
 .text.z_thread_prio_set
                0x000000000000fc80       0xe4 zephyr/kernel/libkernel.a(sched.c.obj)
                0x000000000000fc80                z_thread_prio_set
 .text.z_reschedule
                0x000000000000fd64       0x24 zephyr/kernel/libkernel.a(sched.c.obj)
                0x000000000000fd64                z_reschedule
 .text.z_reschedule_irqlock
                0x000000000000fd88       0x28 zephyr/kernel/libkernel.a(sched.c.obj)
                0x000000000000fd88                z_reschedule_irqlock
 .text.k_sched_lock
                0x000000000000fdb0       0x28 zephyr/kernel/libkernel.a(sched.c.obj)
                0x000000000000fdb0                k_sched_lock
 .text.k_sched_unlock
                0x000000000000fdd8       0x68 zephyr/kernel/libkernel.a(sched.c.obj)
                0x000000000000fdd8                k_sched_unlock
 .text.z_sched_init
                0x000000000000fe40       0x10 zephyr/kernel/libkernel.a(sched.c.obj)
                0x000000000000fe40                z_sched_init
 .text.z_impl_k_yield
                0x000000000000fe50       0x88 zephyr/kernel/libkernel.a(sched.c.obj)
                0x000000000000fe50                z_impl_k_yield
 .text.z_tick_sleep
                0x000000000000fed8       0x78 zephyr/kernel/libkernel.a(sched.c.obj)
 .text.z_impl_k_usleep
                0x000000000000ff50       0x3c zephyr/kernel/libkernel.a(sched.c.obj)
                0x000000000000ff50                z_impl_k_usleep
 .text.z_impl_k_wakeup
                0x000000000000ff8c       0x48 zephyr/kernel/libkernel.a(sched.c.obj)
                0x000000000000ff8c                z_impl_k_wakeup
 .text.z_impl_k_sched_current_thread_query
                0x000000000000ffd4        0xc zephyr/kernel/libkernel.a(sched.c.obj)
                0x000000000000ffd4                z_impl_k_sched_current_thread_query
 .text.z_thread_abort
                0x000000000000ffe0      0x144 zephyr/kernel/libkernel.a(sched.c.obj)
                0x000000000000ffe0                z_thread_abort
 .text.z_sched_wait
                0x0000000000010124       0x24 zephyr/kernel/libkernel.a(sched.c.obj)
                0x0000000000010124                z_sched_wait
 .text.slice_timeout
                0x0000000000010148       0x20 zephyr/kernel/libkernel.a(timeslicing.c.obj)
 .text.thread_is_sliceable
                0x0000000000010168       0x3c zephyr/kernel/libkernel.a(timeslicing.c.obj)
                0x0000000000010168                thread_is_sliceable
 .text.z_reset_time_slice
                0x00000000000101a4       0x50 zephyr/kernel/libkernel.a(timeslicing.c.obj)
                0x00000000000101a4                z_reset_time_slice
 .text.z_time_slice
                0x00000000000101f4       0x60 zephyr/kernel/libkernel.a(timeslicing.c.obj)
                0x00000000000101f4                z_time_slice
 .text.z_thread_monitor_exit
                0x0000000000010254       0x3c zephyr/kernel/libkernel.a(thread_monitor.c.obj)
                0x0000000000010254                z_thread_monitor_exit
 .text.first    0x0000000000010290       0x10 zephyr/kernel/libkernel.a(timeout.c.obj)
 .text.elapsed  0x00000000000102a0       0x14 zephyr/kernel/libkernel.a(timeout.c.obj)
 .text.remove_timeout
                0x00000000000102b4       0x38 zephyr/kernel/libkernel.a(timeout.c.obj)
 .text.z_add_timeout
                0x00000000000102ec      0x120 zephyr/kernel/libkernel.a(timeout.c.obj)
                0x00000000000102ec                z_add_timeout
 .text.sys_clock_announce
                0x000000000001040c       0xb4 zephyr/kernel/libkernel.a(timeout.c.obj)
                0x000000000001040c                sys_clock_announce
 .text.sys_clock_tick_get
                0x00000000000104c0       0x30 zephyr/kernel/libkernel.a(timeout.c.obj)
                0x00000000000104c0                sys_clock_tick_get
 .text.k_thread_system_pool_assign
                0x00000000000104f0        0xc zephyr/kernel/libkernel.a(mempool.c.obj)
                0x00000000000104f0                k_thread_system_pool_assign
 .text.statics_init
                0x00000000000104fc       0x24 zephyr/kernel/libkernel.a(kheap.c.obj)
 .text.k_sys_work_q_init
                0x0000000000010520       0x2c zephyr/kernel/libkernel.a(system_work_q.c.obj)
 .text.puts     0x000000000001054c       0x40 c:\ncs\toolchains\c717907b94\opt\zephyr-sdk\arm-zephyr-eabi\bin\../lib/gcc/../../picolibc/arm-zephyr-eabi/lib/thumb/v7e-m+fp/hard\libc.a(libc_tinystdio_puts.c.o)
                0x000000000001054c                puts
 .text.skip_to_arg
                0x000000000001058c      0x138 c:\ncs\toolchains\c717907b94\opt\zephyr-sdk\arm-zephyr-eabi\bin\../lib/gcc/../../picolibc/arm-zephyr-eabi/lib/thumb/v7e-m+fp/hard\libc.a(libc_tinystdio_vfprintf.c.o)
 .text.vfprintf
                0x00000000000106c4      0x9bc c:\ncs\toolchains\c717907b94\opt\zephyr-sdk\arm-zephyr-eabi\bin\../lib/gcc/../../picolibc/arm-zephyr-eabi/lib/thumb/v7e-m+fp/hard\libc.a(libc_tinystdio_vfprintf.c.o)
                0x00000000000106c4                __d_vfprintf
 .text.div10    0x0000000000011080       0x28 c:\ncs\toolchains\c717907b94\opt\zephyr-sdk\arm-zephyr-eabi\bin\../lib/gcc/../../picolibc/arm-zephyr-eabi/lib/thumb/v7e-m+fp/hard\libc.a(libc_tinystdio_dtoa_ryu.c.o)
 .text.__dtoa_engine
                0x00000000000110a8      0x4b0 c:\ncs\toolchains\c717907b94\opt\zephyr-sdk\arm-zephyr-eabi\bin\../lib/gcc/../../picolibc/arm-zephyr-eabi/lib/thumb/v7e-m+fp/hard\libc.a(libc_tinystdio_dtoa_ryu.c.o)
                0x00000000000110a8                __dtoa_engine
 .text.__log10Pow2
                0x0000000000011558        0xc c:\ncs\toolchains\c717907b94\opt\zephyr-sdk\arm-zephyr-eabi\bin\../lib/gcc/../../picolibc/arm-zephyr-eabi/lib/thumb/v7e-m+fp/hard\libc.a(libc_tinystdio_ryu_log10.c.o)
                0x0000000000011558                __log10Pow2
 .text.__log10Pow5
                0x0000000000011564        0xc c:\ncs\toolchains\c717907b94\opt\zephyr-sdk\arm-zephyr-eabi\bin\../lib/gcc/../../picolibc/arm-zephyr-eabi/lib/thumb/v7e-m+fp/hard\libc.a(libc_tinystdio_ryu_log10.c.o)
                0x0000000000011564                __log10Pow5
 .text.__pow5bits
                0x0000000000011570       0x10 c:\ncs\toolchains\c717907b94\opt\zephyr-sdk\arm-zephyr-eabi\bin\../lib/gcc/../../picolibc/arm-zephyr-eabi/lib/thumb/v7e-m+fp/hard\libc.a(libc_tinystdio_ryu_pow5bits.c.o)
                0x0000000000011570                __pow5bits
 .text.__pow5Factor
                0x0000000000011580       0x30 c:\ncs\toolchains\c717907b94\opt\zephyr-sdk\arm-zephyr-eabi\bin\../lib/gcc/../../picolibc/arm-zephyr-eabi/lib/thumb/v7e-m+fp/hard\libc.a(libc_tinystdio_ryu_table.c.o)
                0x0000000000011580                __pow5Factor
 .text.__double_computePow5
                0x00000000000115b0       0xe8 c:\ncs\toolchains\c717907b94\opt\zephyr-sdk\arm-zephyr-eabi\bin\../lib/gcc/../../picolibc/arm-zephyr-eabi/lib/thumb/v7e-m+fp/hard\libc.a(libc_tinystdio_ryu_table.c.o)
                0x00000000000115b0                __double_computePow5
 .text.__double_computeInvPow5
                0x0000000000011698       0xf8 c:\ncs\toolchains\c717907b94\opt\zephyr-sdk\arm-zephyr-eabi\bin\../lib/gcc/../../picolibc/arm-zephyr-eabi/lib/thumb/v7e-m+fp/hard\libc.a(libc_tinystdio_ryu_table.c.o)
                0x0000000000011698                __double_computeInvPow5
 .text.interface_tx_frame
                0x0000000000011790       0x92 C:/ncs/SDK_ASS/Examples/ncs-fund/zephyr-dw3001cdk-tdoa/drivers/dw3000/lib/libdwt_uwb_driver-m4-hfp-6.0.14.a(deca_interface.c.obj)
                0x0000000000011790                interface_tx_frame
 .text.interface_get_timestamp
                0x0000000000011822       0x22 C:/ncs/SDK_ASS/Examples/ncs-fund/zephyr-dw3001cdk-tdoa/drivers/dw3000/lib/libdwt_uwb_driver-m4-hfp-6.0.14.a(deca_interface.c.obj)
                0x0000000000011822                interface_get_timestamp
 .text.interface_rx_disable
                0x0000000000011844       0x12 C:/ncs/SDK_ASS/Examples/ncs-fund/zephyr-dw3001cdk-tdoa/drivers/dw3000/lib/libdwt_uwb_driver-m4-hfp-6.0.14.a(deca_interface.c.obj)
                0x0000000000011844                interface_rx_disable
 .text.interface_read_rx_frame
                0x0000000000011856       0x20 C:/ncs/SDK_ASS/Examples/ncs-fund/zephyr-dw3001cdk-tdoa/drivers/dw3000/lib/libdwt_uwb_driver-m4-hfp-6.0.14.a(deca_interface.c.obj)
                0x0000000000011856                interface_read_rx_frame
 .text._deinit  0x0000000000011876        0x2 C:/ncs/SDK_ASS/Examples/ncs-fund/zephyr-dw3001cdk-tdoa/drivers/dw3000/lib/libdwt_uwb_driver-m4-hfp-6.0.14.a(dw3000_device.c.obj)
 .text.dwt_xfer3xxx
                0x0000000000011878      0x106 C:/ncs/SDK_ASS/Examples/ncs-fund/zephyr-dw3001cdk-tdoa/drivers/dw3000/lib/libdwt_uwb_driver-m4-hfp-6.0.14.a(dw3000_device.c.obj)
 .text.dwt_readfromdevice
                0x000000000001197e       0x14 C:/ncs/SDK_ASS/Examples/ncs-fund/zephyr-dw3001cdk-tdoa/drivers/dw3000/lib/libdwt_uwb_driver-m4-hfp-6.0.14.a(dw3000_device.c.obj)
 .text.dwt_read32bitoffsetreg
                0x0000000000011992       0x2c C:/ncs/SDK_ASS/Examples/ncs-fund/zephyr-dw3001cdk-tdoa/drivers/dw3000/lib/libdwt_uwb_driver-m4-hfp-6.0.14.a(dw3000_device.c.obj)
 .text.dwt_read16bitoffsetreg
                0x00000000000119be       0x24 C:/ncs/SDK_ASS/Examples/ncs-fund/zephyr-dw3001cdk-tdoa/drivers/dw3000/lib/libdwt_uwb_driver-m4-hfp-6.0.14.a(dw3000_device.c.obj)
 .text.dwt_read8bitoffsetreg
                0x00000000000119e2       0x1c C:/ncs/SDK_ASS/Examples/ncs-fund/zephyr-dw3001cdk-tdoa/drivers/dw3000/lib/libdwt_uwb_driver-m4-hfp-6.0.14.a(dw3000_device.c.obj)
 .text.ull_readdiagnostics
                0x00000000000119fe      0x718 C:/ncs/SDK_ASS/Examples/ncs-fund/zephyr-dw3001cdk-tdoa/drivers/dw3000/lib/libdwt_uwb_driver-m4-hfp-6.0.14.a(dw3000_device.c.obj)
 .text.dwt_writetodevice
                0x0000000000012116       0x16 C:/ncs/SDK_ASS/Examples/ncs-fund/zephyr-dw3001cdk-tdoa/drivers/dw3000/lib/libdwt_uwb_driver-m4-hfp-6.0.14.a(dw3000_device.c.obj)
 .text.dwt_write8bitoffsetreg
                0x000000000001212c       0x18 C:/ncs/SDK_ASS/Examples/ncs-fund/zephyr-dw3001cdk-tdoa/drivers/dw3000/lib/libdwt_uwb_driver-m4-hfp-6.0.14.a(dw3000_device.c.obj)
 .text.ull_configeventcounters
                0x0000000000012144       0x26 C:/ncs/SDK_ASS/Examples/ncs-fund/zephyr-dw3001cdk-tdoa/drivers/dw3000/lib/libdwt_uwb_driver-m4-hfp-6.0.14.a(dw3000_device.c.obj)
 .text.dwt_write16bitoffsetreg
                0x000000000001216a       0x20 C:/ncs/SDK_ASS/Examples/ncs-fund/zephyr-dw3001cdk-tdoa/drivers/dw3000/lib/libdwt_uwb_driver-m4-hfp-6.0.14.a(dw3000_device.c.obj)
 .text.__dwt_otp_write_wdata_id_reg
                0x000000000001218a       0x26 C:/ncs/SDK_ASS/Examples/ncs-fund/zephyr-dw3001cdk-tdoa/drivers/dw3000/lib/libdwt_uwb_driver-m4-hfp-6.0.14.a(dw3000_device.c.obj)
 .text.ull_signal_rx_buff_free
                0x00000000000121b0       0x24 C:/ncs/SDK_ASS/Examples/ncs-fund/zephyr-dw3001cdk-tdoa/drivers/dw3000/lib/libdwt_uwb_driver-m4-hfp-6.0.14.a(dw3000_device.c.obj)
 .text.dwt_write32bitoffsetreg
                0x00000000000121d4       0x2a C:/ncs/SDK_ASS/Examples/ncs-fund/zephyr-dw3001cdk-tdoa/drivers/dw3000/lib/libdwt_uwb_driver-m4-hfp-6.0.14.a(dw3000_device.c.obj)
 .text.ull_rxenable
                0x00000000000121fe       0xc8 C:/ncs/SDK_ASS/Examples/ncs-fund/zephyr-dw3001cdk-tdoa/drivers/dw3000/lib/libdwt_uwb_driver-m4-hfp-6.0.14.a(dw3000_device.c.obj)
 .text.dwt_modify32bitoffsetreg
                0x00000000000122c6       0x48 C:/ncs/SDK_ASS/Examples/ncs-fund/zephyr-dw3001cdk-tdoa/drivers/dw3000/lib/libdwt_uwb_driver-m4-hfp-6.0.14.a(dw3000_device.c.obj)
 .text.ull_setgpiomode
                0x000000000001230e       0x3c C:/ncs/SDK_ASS/Examples/ncs-fund/zephyr-dw3001cdk-tdoa/drivers/dw3000/lib/libdwt_uwb_driver-m4-hfp-6.0.14.a(dw3000_device.c.obj)
 .text.ull_setinterrupt
                0x000000000001234a       0xb2 C:/ncs/SDK_ASS/Examples/ncs-fund/zephyr-dw3001cdk-tdoa/drivers/dw3000/lib/libdwt_uwb_driver-m4-hfp-6.0.14.a(dw3000_device.c.obj)
 .text.prs_sys_status_and_or
                0x00000000000123fc       0x18 C:/ncs/SDK_ASS/Examples/ncs-fund/zephyr-dw3001cdk-tdoa/drivers/dw3000/lib/libdwt_uwb_driver-m4-hfp-6.0.14.a(dw3000_device.c.obj)
 .text.dwt_modify8bitoffsetreg
                0x0000000000012414       0x28 C:/ncs/SDK_ASS/Examples/ncs-fund/zephyr-dw3001cdk-tdoa/drivers/dw3000/lib/libdwt_uwb_driver-m4-hfp-6.0.14.a(dw3000_device.c.obj)
 .text.ull_configureframefilter
                0x000000000001243c       0x46 C:/ncs/SDK_ASS/Examples/ncs-fund/zephyr-dw3001cdk-tdoa/drivers/dw3000/lib/libdwt_uwb_driver-m4-hfp-6.0.14.a(dw3000_device.c.obj)
 .text.prs_ack_enable
                0x0000000000012482       0x20 C:/ncs/SDK_ASS/Examples/ncs-fund/zephyr-dw3001cdk-tdoa/drivers/dw3000/lib/libdwt_uwb_driver-m4-hfp-6.0.14.a(dw3000_device.c.obj)
 .text.dwt_modify16bitoffsetreg
                0x00000000000124a2       0x32 C:/ncs/SDK_ASS/Examples/ncs-fund/zephyr-dw3001cdk-tdoa/drivers/dw3000/lib/libdwt_uwb_driver-m4-hfp-6.0.14.a(dw3000_device.c.obj)
 .text._deinit  0x00000000000124d4        0x2 C:/ncs/SDK_ASS/Examples/ncs-fund/zephyr-dw3001cdk-tdoa/drivers/dw3000/lib/libdwt_uwb_driver-m4-hfp-6.0.14.a(dw3700_device.c.obj)
 .text.dwt_xfer3xxx
                0x00000000000124d6       0xfc C:/ncs/SDK_ASS/Examples/ncs-fund/zephyr-dw3001cdk-tdoa/drivers/dw3000/lib/libdwt_uwb_driver-m4-hfp-6.0.14.a(dw3700_device.c.obj)
 .text.dwt_readfromdevice
                0x00000000000125d2       0x14 C:/ncs/SDK_ASS/Examples/ncs-fund/zephyr-dw3001cdk-tdoa/drivers/dw3000/lib/libdwt_uwb_driver-m4-hfp-6.0.14.a(dw3700_device.c.obj)
 .text.dwt_read32bitoffsetreg
                0x00000000000125e6       0x2c C:/ncs/SDK_ASS/Examples/ncs-fund/zephyr-dw3001cdk-tdoa/drivers/dw3000/lib/libdwt_uwb_driver-m4-hfp-6.0.14.a(dw3700_device.c.obj)
 .text.dwt_read16bitoffsetreg
                0x0000000000012612       0x24 C:/ncs/SDK_ASS/Examples/ncs-fund/zephyr-dw3001cdk-tdoa/drivers/dw3000/lib/libdwt_uwb_driver-m4-hfp-6.0.14.a(dw3700_device.c.obj)
 .text.dwt_read8bitoffsetreg
                0x0000000000012636       0x1c C:/ncs/SDK_ASS/Examples/ncs-fund/zephyr-dw3001cdk-tdoa/drivers/dw3000/lib/libdwt_uwb_driver-m4-hfp-6.0.14.a(dw3700_device.c.obj)
 .text.ull_readdiagnostics
                0x0000000000012652      0x768 C:/ncs/SDK_ASS/Examples/ncs-fund/zephyr-dw3001cdk-tdoa/drivers/dw3000/lib/libdwt_uwb_driver-m4-hfp-6.0.14.a(dw3700_device.c.obj)
 .text.dwt_writetodevice
                0x0000000000012dba       0x16 C:/ncs/SDK_ASS/Examples/ncs-fund/zephyr-dw3001cdk-tdoa/drivers/dw3000/lib/libdwt_uwb_driver-m4-hfp-6.0.14.a(dw3700_device.c.obj)
 .text.dwt_write16bitoffsetreg
                0x0000000000012dd0       0x20 C:/ncs/SDK_ASS/Examples/ncs-fund/zephyr-dw3001cdk-tdoa/drivers/dw3000/lib/libdwt_uwb_driver-m4-hfp-6.0.14.a(dw3700_device.c.obj)
 .text.__dwt_otp_write_wdata_id_reg
                0x0000000000012df0       0x26 C:/ncs/SDK_ASS/Examples/ncs-fund/zephyr-dw3001cdk-tdoa/drivers/dw3000/lib/libdwt_uwb_driver-m4-hfp-6.0.14.a(dw3700_device.c.obj)
 .text.dwt_write32bitoffsetreg
                0x0000000000012e16       0x2a C:/ncs/SDK_ASS/Examples/ncs-fund/zephyr-dw3001cdk-tdoa/drivers/dw3000/lib/libdwt_uwb_driver-m4-hfp-6.0.14.a(dw3700_device.c.obj)
 .text._dwt_adjust_delaytime
                0x0000000000012e40       0x4c C:/ncs/SDK_ASS/Examples/ncs-fund/zephyr-dw3001cdk-tdoa/drivers/dw3000/lib/libdwt_uwb_driver-m4-hfp-6.0.14.a(dw3700_device.c.obj)
 .text.ull_setrxaftertxdelay
                0x0000000000012e8c       0x28 C:/ncs/SDK_ASS/Examples/ncs-fund/zephyr-dw3001cdk-tdoa/drivers/dw3000/lib/libdwt_uwb_driver-m4-hfp-6.0.14.a(dw3700_device.c.obj)
 .text.ull_setlnapamode
                0x0000000000012eb4       0x40 C:/ncs/SDK_ASS/Examples/ncs-fund/zephyr-dw3001cdk-tdoa/drivers/dw3000/lib/libdwt_uwb_driver-m4-hfp-6.0.14.a(dw3700_device.c.obj)
 .text.dwt_write8bitoffsetreg
                0x0000000000012ef4       0x18 C:/ncs/SDK_ASS/Examples/ncs-fund/zephyr-dw3001cdk-tdoa/drivers/dw3000/lib/libdwt_uwb_driver-m4-hfp-6.0.14.a(dw3700_device.c.obj)
 .text.ull_configeventcounters
                0x0000000000012f0c       0x26 C:/ncs/SDK_ASS/Examples/ncs-fund/zephyr-dw3001cdk-tdoa/drivers/dw3000/lib/libdwt_uwb_driver-m4-hfp-6.0.14.a(dw3700_device.c.obj)
 .text.ull_signal_rx_buff_free
                0x0000000000012f32       0x28 C:/ncs/SDK_ASS/Examples/ncs-fund/zephyr-dw3001cdk-tdoa/drivers/dw3000/lib/libdwt_uwb_driver-m4-hfp-6.0.14.a(dw3700_device.c.obj)
 .text.dwt_modify32bitoffsetreg
                0x0000000000012f5a       0x48 C:/ncs/SDK_ASS/Examples/ncs-fund/zephyr-dw3001cdk-tdoa/drivers/dw3000/lib/libdwt_uwb_driver-m4-hfp-6.0.14.a(dw3700_device.c.obj)
 .text.ull_setgpiomode
                0x0000000000012fa2       0x3c C:/ncs/SDK_ASS/Examples/ncs-fund/zephyr-dw3001cdk-tdoa/drivers/dw3000/lib/libdwt_uwb_driver-m4-hfp-6.0.14.a(dw3700_device.c.obj)
 .text.prs_sys_status_and_or
                0x0000000000012fde       0x18 C:/ncs/SDK_ASS/Examples/ncs-fund/zephyr-dw3001cdk-tdoa/drivers/dw3000/lib/libdwt_uwb_driver-m4-hfp-6.0.14.a(dw3700_device.c.obj)
 .text.dwt_modify8bitoffsetreg
                0x0000000000012ff6       0x28 C:/ncs/SDK_ASS/Examples/ncs-fund/zephyr-dw3001cdk-tdoa/drivers/dw3000/lib/libdwt_uwb_driver-m4-hfp-6.0.14.a(dw3700_device.c.obj)
 .text.ull_configureframefilter
                0x000000000001301e       0x46 C:/ncs/SDK_ASS/Examples/ncs-fund/zephyr-dw3001cdk-tdoa/drivers/dw3000/lib/libdwt_uwb_driver-m4-hfp-6.0.14.a(dw3700_device.c.obj)
 .text.ull_setinterrupt
                0x0000000000013064       0xd8 C:/ncs/SDK_ASS/Examples/ncs-fund/zephyr-dw3001cdk-tdoa/drivers/dw3000/lib/libdwt_uwb_driver-m4-hfp-6.0.14.a(dw3700_device.c.obj)
 .text.prs_ack_enable
                0x000000000001313c       0x20 C:/ncs/SDK_ASS/Examples/ncs-fund/zephyr-dw3001cdk-tdoa/drivers/dw3000/lib/libdwt_uwb_driver-m4-hfp-6.0.14.a(dw3700_device.c.obj)
 .text.dwt_modify16bitoffsetreg
                0x000000000001315c       0x32 C:/ncs/SDK_ASS/Examples/ncs-fund/zephyr-dw3001cdk-tdoa/drivers/dw3000/lib/libdwt_uwb_driver-m4-hfp-6.0.14.a(dw3700_device.c.obj)
 .text.ull_rxenable
                0x000000000001318e       0xe0 C:/ncs/SDK_ASS/Examples/ncs-fund/zephyr-dw3001cdk-tdoa/drivers/dw3000/lib/libdwt_uwb_driver-m4-hfp-6.0.14.a(dw3700_device.c.obj)
 .text.ull_softreset_no_sema_fcmd
                0x000000000001326e       0x28 C:/ncs/SDK_ASS/Examples/ncs-fund/zephyr-dw3001cdk-tdoa/drivers/dw3000/lib/libdwt_uwb_driver-m4-hfp-6.0.14.a(dw3700_device.c.obj)
 .text.ull_softreset_fcmd
                0x0000000000013296       0x28 C:/ncs/SDK_ASS/Examples/ncs-fund/zephyr-dw3001cdk-tdoa/drivers/dw3000/lib/libdwt_uwb_driver-m4-hfp-6.0.14.a(dw3700_device.c.obj)
 .text.ull_wakeup_ic
                0x00000000000132be        0x8 C:/ncs/SDK_ASS/Examples/ncs-fund/zephyr-dw3001cdk-tdoa/drivers/dw3000/lib/libdwt_uwb_driver-m4-hfp-6.0.14.a(dw3720_device.c.obj)
 .text.get_sts_mnth
                0x00000000000132c6       0x28 C:/ncs/SDK_ASS/Examples/ncs-fund/zephyr-dw3001cdk-tdoa/drivers/dw3000/lib/libdwt_uwb_driver-m4-hfp-6.0.14.a(dw3720_device.c.obj)
 .text._deinit  0x00000000000132ee        0x2 C:/ncs/SDK_ASS/Examples/ncs-fund/zephyr-dw3001cdk-tdoa/drivers/dw3000/lib/libdwt_uwb_driver-m4-hfp-6.0.14.a(dw3720_device.c.obj)
 .text.dwt_xfer3xxx
                0x00000000000132f0       0xfc C:/ncs/SDK_ASS/Examples/ncs-fund/zephyr-dw3001cdk-tdoa/drivers/dw3000/lib/libdwt_uwb_driver-m4-hfp-6.0.14.a(dw3720_device.c.obj)
 .text.dwt_readfromdevice
                0x00000000000133ec       0x14 C:/ncs/SDK_ASS/Examples/ncs-fund/zephyr-dw3001cdk-tdoa/drivers/dw3000/lib/libdwt_uwb_driver-m4-hfp-6.0.14.a(dw3720_device.c.obj)
 .text.dwt_read32bitoffsetreg
                0x0000000000013400       0x2c C:/ncs/SDK_ASS/Examples/ncs-fund/zephyr-dw3001cdk-tdoa/drivers/dw3000/lib/libdwt_uwb_driver-m4-hfp-6.0.14.a(dw3720_device.c.obj)
 .text.dwt_read16bitoffsetreg
                0x000000000001342c       0x24 C:/ncs/SDK_ASS/Examples/ncs-fund/zephyr-dw3001cdk-tdoa/drivers/dw3000/lib/libdwt_uwb_driver-m4-hfp-6.0.14.a(dw3720_device.c.obj)
 .text.ull_getrxantennadelay
                0x0000000000013450        0xe C:/ncs/SDK_ASS/Examples/ncs-fund/zephyr-dw3001cdk-tdoa/drivers/dw3000/lib/libdwt_uwb_driver-m4-hfp-6.0.14.a(dw3720_device.c.obj)
 .text.ull_gettxantennadelay
                0x000000000001345e        0xc C:/ncs/SDK_ASS/Examples/ncs-fund/zephyr-dw3001cdk-tdoa/drivers/dw3000/lib/libdwt_uwb_driver-m4-hfp-6.0.14.a(dw3720_device.c.obj)
 .text.dwt_read8bitoffsetreg
                0x000000000001346a       0x1c C:/ncs/SDK_ASS/Examples/ncs-fund/zephyr-dw3001cdk-tdoa/drivers/dw3000/lib/libdwt_uwb_driver-m4-hfp-6.0.14.a(dw3720_device.c.obj)
 .text.ull_readdiagnostics
                0x0000000000013486      0x786 C:/ncs/SDK_ASS/Examples/ncs-fund/zephyr-dw3001cdk-tdoa/drivers/dw3000/lib/libdwt_uwb_driver-m4-hfp-6.0.14.a(dw3720_device.c.obj)
 .text.dwt_writetodevice
                0x0000000000013c0c       0x16 C:/ncs/SDK_ASS/Examples/ncs-fund/zephyr-dw3001cdk-tdoa/drivers/dw3000/lib/libdwt_uwb_driver-m4-hfp-6.0.14.a(dw3720_device.c.obj)
 .text.dwt_write16bitoffsetreg
                0x0000000000013c22       0x20 C:/ncs/SDK_ASS/Examples/ncs-fund/zephyr-dw3001cdk-tdoa/drivers/dw3000/lib/libdwt_uwb_driver-m4-hfp-6.0.14.a(dw3720_device.c.obj)
 .text.ull_setrxantennadelay
                0x0000000000013c42       0x10 C:/ncs/SDK_ASS/Examples/ncs-fund/zephyr-dw3001cdk-tdoa/drivers/dw3000/lib/libdwt_uwb_driver-m4-hfp-6.0.14.a(dw3720_device.c.obj)
 .text.ull_settxantennadelay
                0x0000000000013c52        0xe C:/ncs/SDK_ASS/Examples/ncs-fund/zephyr-dw3001cdk-tdoa/drivers/dw3000/lib/libdwt_uwb_driver-m4-hfp-6.0.14.a(dw3720_device.c.obj)
 .text.__dwt_otp_write_wdata_id_reg
                0x0000000000013c60       0x26 C:/ncs/SDK_ASS/Examples/ncs-fund/zephyr-dw3001cdk-tdoa/drivers/dw3000/lib/libdwt_uwb_driver-m4-hfp-6.0.14.a(dw3720_device.c.obj)
 .text.dwt_write32bitoffsetreg
                0x0000000000013c86       0x2a C:/ncs/SDK_ASS/Examples/ncs-fund/zephyr-dw3001cdk-tdoa/drivers/dw3000/lib/libdwt_uwb_driver-m4-hfp-6.0.14.a(dw3720_device.c.obj)
 .text._dwt_adjust_delaytime
                0x0000000000013cb0       0x4c C:/ncs/SDK_ASS/Examples/ncs-fund/zephyr-dw3001cdk-tdoa/drivers/dw3000/lib/libdwt_uwb_driver-m4-hfp-6.0.14.a(dw3720_device.c.obj)
 .text.ull_setrxaftertxdelay
                0x0000000000013cfc       0x28 C:/ncs/SDK_ASS/Examples/ncs-fund/zephyr-dw3001cdk-tdoa/drivers/dw3000/lib/libdwt_uwb_driver-m4-hfp-6.0.14.a(dw3720_device.c.obj)
 .text.ull_setlnapamode
                0x0000000000013d24       0x40 C:/ncs/SDK_ASS/Examples/ncs-fund/zephyr-dw3001cdk-tdoa/drivers/dw3000/lib/libdwt_uwb_driver-m4-hfp-6.0.14.a(dw3720_device.c.obj)
 .text.dwt_write8bitoffsetreg
                0x0000000000013d64       0x18 C:/ncs/SDK_ASS/Examples/ncs-fund/zephyr-dw3001cdk-tdoa/drivers/dw3000/lib/libdwt_uwb_driver-m4-hfp-6.0.14.a(dw3720_device.c.obj)
 .text.ull_configeventcounters
                0x0000000000013d7c       0x26 C:/ncs/SDK_ASS/Examples/ncs-fund/zephyr-dw3001cdk-tdoa/drivers/dw3000/lib/libdwt_uwb_driver-m4-hfp-6.0.14.a(dw3720_device.c.obj)
 .text.ull_setplenfine
                0x0000000000013da2        0xe C:/ncs/SDK_ASS/Examples/ncs-fund/zephyr-dw3001cdk-tdoa/drivers/dw3000/lib/libdwt_uwb_driver-m4-hfp-6.0.14.a(dw3720_device.c.obj)
 .text.ull_signal_rx_buff_free
                0x0000000000013db0       0x28 C:/ncs/SDK_ASS/Examples/ncs-fund/zephyr-dw3001cdk-tdoa/drivers/dw3000/lib/libdwt_uwb_driver-m4-hfp-6.0.14.a(dw3720_device.c.obj)
 .text.dwt_modify32bitoffsetreg
                0x0000000000013dd8       0x48 C:/ncs/SDK_ASS/Examples/ncs-fund/zephyr-dw3001cdk-tdoa/drivers/dw3000/lib/libdwt_uwb_driver-m4-hfp-6.0.14.a(dw3720_device.c.obj)
 .text.ull_setgpiomode
                0x0000000000013e20       0x3c C:/ncs/SDK_ASS/Examples/ncs-fund/zephyr-dw3001cdk-tdoa/drivers/dw3000/lib/libdwt_uwb_driver-m4-hfp-6.0.14.a(dw3720_device.c.obj)
 .text.prs_sys_status_and_or
                0x0000000000013e5c       0x18 C:/ncs/SDK_ASS/Examples/ncs-fund/zephyr-dw3001cdk-tdoa/drivers/dw3000/lib/libdwt_uwb_driver-m4-hfp-6.0.14.a(dw3720_device.c.obj)
 .text.dwt_modify8bitoffsetreg
                0x0000000000013e74       0x28 C:/ncs/SDK_ASS/Examples/ncs-fund/zephyr-dw3001cdk-tdoa/drivers/dw3000/lib/libdwt_uwb_driver-m4-hfp-6.0.14.a(dw3720_device.c.obj)
 .text.ull_enablespicrccheck
                0x0000000000013e9c       0x36 C:/ncs/SDK_ASS/Examples/ncs-fund/zephyr-dw3001cdk-tdoa/drivers/dw3000/lib/libdwt_uwb_driver-m4-hfp-6.0.14.a(dw3720_device.c.obj)
 .text.ull_configureframefilter
                0x0000000000013ed2       0x46 C:/ncs/SDK_ASS/Examples/ncs-fund/zephyr-dw3001cdk-tdoa/drivers/dw3000/lib/libdwt_uwb_driver-m4-hfp-6.0.14.a(dw3720_device.c.obj)
 .text.ull_setinterrupt
                0x0000000000013f18       0xd8 C:/ncs/SDK_ASS/Examples/ncs-fund/zephyr-dw3001cdk-tdoa/drivers/dw3000/lib/libdwt_uwb_driver-m4-hfp-6.0.14.a(dw3720_device.c.obj)
 .text.prs_ack_enable
                0x0000000000013ff0       0x20 C:/ncs/SDK_ASS/Examples/ncs-fund/zephyr-dw3001cdk-tdoa/drivers/dw3000/lib/libdwt_uwb_driver-m4-hfp-6.0.14.a(dw3720_device.c.obj)
 .text.dwt_modify16bitoffsetreg
                0x0000000000014010       0x32 C:/ncs/SDK_ASS/Examples/ncs-fund/zephyr-dw3001cdk-tdoa/drivers/dw3000/lib/libdwt_uwb_driver-m4-hfp-6.0.14.a(dw3720_device.c.obj)
 .text.ull_rxenable
                0x0000000000014042       0xe0 C:/ncs/SDK_ASS/Examples/ncs-fund/zephyr-dw3001cdk-tdoa/drivers/dw3000/lib/libdwt_uwb_driver-m4-hfp-6.0.14.a(dw3720_device.c.obj)
 .text.ull_softreset_no_sema_fcmd
                0x0000000000014122       0x28 C:/ncs/SDK_ASS/Examples/ncs-fund/zephyr-dw3001cdk-tdoa/drivers/dw3000/lib/libdwt_uwb_driver-m4-hfp-6.0.14.a(dw3720_device.c.obj)
 .text.ull_softreset_fcmd
                0x000000000001414a       0x28 C:/ncs/SDK_ASS/Examples/ncs-fund/zephyr-dw3001cdk-tdoa/drivers/dw3000/lib/libdwt_uwb_driver-m4-hfp-6.0.14.a(dw3720_device.c.obj)
 .text._OffsetAbsSyms
                0x0000000000014172        0x2 zephyr/CMakeFiles/offsets.dir/./arch/arm/core/offsets/offsets.c.obj
                0x0000000000014172                _OffsetAbsSyms
 .text.spi_transceive
                0x0000000000014174        0xe app/libapp.a(dw3000_spi.c.obj)
 .text.z_log_msg_runtime_create.constprop.0
                0x0000000000014182       0x20 app/libapp.a(dw3000_hw.c.obj)
 .text.gpio_pin_set.isra.0
                0x00000000000141a2       0x20 app/libapp.a(dw3000_hw.c.obj)
 .text.gpio_pin_configure_dt.isra.0
                0x00000000000141c2       0x3e app/libapp.a(dw3000_hw.c.obj)
 .text.dw3000_hw_interrupt_enable
                0x0000000000014200        0x8 app/libapp.a(dw3000_hw.c.obj)
                0x0000000000014200                dw3000_hw_interrupt_enable
 .text.dw3000_hw_interrupt_disable
                0x0000000000014208        0x8 app/libapp.a(dw3000_hw.c.obj)
                0x0000000000014208                dw3000_hw_interrupt_disable
 .text.Sleep    0x0000000000014210       0x26 app/libapp.a(port.c.obj)
                0x0000000000014210                Sleep
 .text.dw_device_init
                0x0000000000014236        0xe app/libapp.a(port.c.obj)
                0x0000000000014236                dw_device_init
 .text.port_set_dw_ic_spi_slowrate
                0x0000000000014244        0x4 app/libapp.a(port.c.obj)
                0x0000000000014244                port_set_dw_ic_spi_slowrate
 .text.port_set_dw_ic_spi_fastrate
                0x0000000000014248        0x4 app/libapp.a(port.c.obj)
                0x0000000000014248                port_set_dw_ic_spi_fastrate
 .text.decamutexon
                0x000000000001424c        0xa app/libapp.a(deca_port.c.obj)
                0x000000000001424c                decamutexon
 .text.decamutexoff
                0x0000000000014256        0x4 app/libapp.a(deca_port.c.obj)
                0x0000000000014256                decamutexoff
 .text.deca_sleep
                0x000000000001425a       0x26 app/libapp.a(deca_port.c.obj)
                0x000000000001425a                deca_sleep
 .text.deca_usleep
                0x0000000000014280        0x4 app/libapp.a(deca_port.c.obj)
                0x0000000000014280                deca_usleep
 .text.chunk_field
                0x0000000000014284       0x16 zephyr/libzephyr.a(heap.c.obj)
 .text.chunk_set
                0x000000000001429a       0x16 zephyr/libzephyr.a(heap.c.obj)
 .text.chunk_size
                0x00000000000142b0        0xc zephyr/libzephyr.a(heap.c.obj)
 .text.set_chunk_used
                0x00000000000142bc       0x30 zephyr/libzephyr.a(heap.c.obj)
 .text.set_chunk_size
                0x00000000000142ec        0x8 zephyr/libzephyr.a(heap.c.obj)
 .text.mem_to_chunkid
                0x00000000000142f4       0x14 zephyr/libzephyr.a(heap.c.obj)
 .text.bucket_idx
                0x0000000000014308       0x1e zephyr/libzephyr.a(heap.c.obj)
 .text.free_list_remove_bidx
                0x0000000000014326       0x5c zephyr/libzephyr.a(heap.c.obj)
 .text.alloc_chunk
                0x0000000000014382       0x72 zephyr/libzephyr.a(heap.c.obj)
 .text.split_chunks
                0x00000000000143f4       0x4e zephyr/libzephyr.a(heap.c.obj)
 .text.free_list_add
                0x0000000000014442       0x84 zephyr/libzephyr.a(heap.c.obj)
 .text.sys_heap_alloc